02-06 14:22:13.378  7963  7985 D OpenGLRenderer: endAllActiveAnimators on 0xb8d4ad18 (ListView) with handle 0xb8cc3ed8
02-06 14:22:13.438  2058  6581 I ActivityManager: Activity reported stop, but no longer stopping: ActivityRecord{500d76c u0 com.android.settings/.SubSettings t527}
02-06 14:22:13.468  2058  2101 I LaunchCheckinHandler: Displayed com.android.settings/.SubSettings,wp,ca,246
02-06 14:22:13.468  2058  2101 I ActivityManager: Displayed com.android.settings/.SubSettings: +246ms
02-06 14:22:13.468  5018  5018 I Keyboard.Facilitator: onFinishInput()
02-06 14:22:13.492  7963  7963 E ActivityThread: Performing stop of activity that is not resumed: {com.android.settings/com.android.settings.SubSettings}
02-06 14:22:13.492  7963  7963 E ActivityThread: java.lang.RuntimeException: Performing stop of activity that is not resumed: {com.android.settings/com.android.settings.SubSettings}
02-06 14:22:13.492  7963  7963 E ActivityThread: 	at android.app.ActivityThread.performStopActivityInner(ActivityThread.java:3486)
02-06 14:22:13.492  7963  7963 E ActivityThread: 	at android.app.ActivityThread.handleStopActivity(ActivityThread.java:3571)
02-06 14:22:13.492  7963  7963 E ActivityThread: 	at android.app.ActivityThread.access$1200(ActivityThread.java:154)
02-06 14:22:13.492  7963  7963 E ActivityThread: 	at android.app.ActivityThread$H.handleMessage(ActivityThread.java:1383)
02-06 14:22:13.492  7963  7963 E ActivityThread: 	at android.os.Handler.dispatchMessage(Handler.java:102)
02-06 14:22:13.492  7963  7963 E ActivityThread: 	at android.os.Looper.loop(Looper.java:148)
02-06 14:22:13.492  7963  7963 E ActivityThread: 	at android.app.ActivityThread.main(ActivityThread.java:5443)
02-06 14:22:13.492  7963  7963 E ActivityThread: 	at java.lang.reflect.Method.invoke(Native Method)
02-06 14:22:13.492  7963  7963 E ActivityThread: 	at com.android.internal.os.ZygoteInit$MethodAndArgsCaller.run(ZygoteInit.java:728)
02-06 14:22:13.492  7963  7963 E ActivityThread: 	at com.android.internal.os.ZygoteInit.main(ZygoteInit.java:618)
02-06 14:22:13.548 10545 10545 I Babel_telephony: TeleModule.onApplicationCreate
02-06 14:22:13.552 10545 10587 I Babel_SMS: MmsConfig: mnc/mcc: 734/6
02-06 14:22:13.552 10545 10587 I Babel_SMS: MmsConfig.loadMmsSettings
02-06 14:22:13.562 10545 10545 I Babel_App: Startup - clean
02-06 14:22:13.583 10545 10587 I Babel_SMS: MmsConfig.loadDeviceMmsSettings from API: userAgent=motog4, uaProfUrl=http://uaprof.motorola.com/phoneconfig/motog4/Profile/motog4.rdf
02-06 14:22:13.583 10545 10587 I Babel_SMS: MmsConfig.loadFromDatabase
02-06 14:22:13.638 10545 10587 E SQLiteLog: (1) no such table: mmsconfig
02-06 14:22:13.639 10545 10587 I Babel_SMS: MmsConfig: no mmsconfig table android.database.sqlite.SQLiteException: no such table: mmsconfig (code 1): , while compiling: SELECT key, value, type FROM mmsconfig WHERE numeric=?
02-06 14:22:13.639 10545 10587 I Babel_SMS: MmsConfig.loadFromResources
02-06 14:22:13.640 10545 10587 E Babel_SMS: canonicalizeMccMnc: invalid mccmnc nullnull
02-06 14:22:13.641 10545 10587 I Babel_SMS: MmsConfig.loadMmsSettings: userAgent=motog4, uaProfUrl=http://uaprof.motorola.com/phoneconfig/motog4/Profile/motog4.rdf
02-06 14:22:13.649 10545 10545 D Babel_SmsDep: disabled
02-06 14:22:13.652 10492 10492 I MicroDetectionWorker: Initializing MicroDataManager InitializeType-1, isForced-false, isXGooglePhoneEnrollment-false isActiveXGoogleEnrollment-false
02-06 14:22:13.655 10545 10545 D Babel_SmsDepStand: count:3
02-06 14:22:13.659 10545 10545 D Babel_SmsDep: disabled
02-06 14:22:13.691 10545 10545 I Babel_ConcService: Binding ConcurrentService
02-06 14:22:13.710 10545 10602 D Babel_SmsDep: disabled
02-06 14:22:13.734 10545 10602 I Babel   : Invalid account: 0 isEmptyName: true nameEqualsGaiaId: false
02-06 14:22:13.742 10545 10610 I Babel   : Deleting: false for 0
02-06 14:22:13.755  2058  4279 I ActivityManager: Start proc 10611:com.google.android.gm/u0a82 for broadcast com.google.android.gm/.AccountsChangedReceiver
02-06 14:22:13.757 10545 10601 I Babel_ConcService: Scheduling delay with GcmNetworkManager of 265672 s for task geyaccount_reg_renewal_41990_4 and tag network_connectivity_wakeup:persisted
02-06 14:22:13.765 10545 10601 I Babel_ConcService: Scheduling delay with GcmNetworkManager of 3575 s for task ghqDB_CLEANUP_68836_3 and tag :persisted
02-06 14:22:13.769 10545 10621 I Babel_ConcService: Acquired partial wake lock to keep ConcurrentService alive
02-06 14:22:13.775 10545 10621 I Babel_ConcService: Released partial wake lock as ConcurrentService became idle
02-06 14:22:13.777 10545 10625 I Babel_ConcService: Acquired partial wake lock to keep ConcurrentService alive
02-06 14:22:13.779 10545 10625 I Babel_ConcService: Released partial wake lock as ConcurrentService became idle
02-06 14:22:13.780 10545 10630 I Babel_ConcService: Acquired partial wake lock to keep ConcurrentService alive
02-06 14:22:13.782 10545 10624 I Babel_ConcService: Released partial wake lock as ConcurrentService became idle
02-06 14:22:13.784 10545 10623 I Babel_ConcService: Acquired partial wake lock to keep ConcurrentService alive
02-06 14:22:13.785 10545 10623 I Babel_ConcService: Released partial wake lock as ConcurrentService became idle
02-06 14:22:13.788 10545 10627 I Babel_ConcService: Acquired partial wake lock to keep ConcurrentService alive
02-06 14:22:13.793 10611 10611 W System  : ClassLoader referenced unknown path: /data/app/com.google.android.gm-1/lib/arm
02-06 14:22:13.796 10545 10627 D Babel_SmsDepStand: count:3
02-06 14:22:13.796 10545 10627 D Babel_SmsDepNotif: not sms
02-06 14:22:13.796 10545 10627 D Babel_SmsDepUtil: imp:-1:3686
02-06 14:22:13.803 10545 10632 D Babel_AcctMgr: created account gjavila1995@gmail.com => Redacted-21-chars
02-06 14:22:13.804 10545 10634 D Babel_SmsDep: disabled
02-06 14:22:13.816 10545 10632 D Babel_SmsDep: disabled
02-06 14:22:13.826 10545 10634 D Babel_SmsDep: disabled
02-06 14:22:13.839 10545 10627 D Babel_Notif_Persistent: PersistentMessageNotifier.cancelOngoingNotification
02-06 14:22:13.841 10545 10627 D Babel_Notif_SMS: cancelOngoingNotification
02-06 14:22:13.848 10545 10627 I Babel_ConcService: Released partial wake lock as ConcurrentService became idle
02-06 14:22:13.884 10611 10611 W EasBundling: in EasBundling.init, isBundlingEnabled=true
02-06 14:22:13.959 10611 10655 D ActivityThread: Loading provider com.google.android.gmail.provider;com.android.mail.notifier;com.google.android.gm.email.provider;com.google.android.gm.tasks.provider;com.google.android.gm.email.notifier: com.android.email.provider.EmailProvider
02-06 14:22:13.979  2058  2090 I ActivityManager: Waited long enough for: ServiceRecord{93f4098 u0 com.motorola.timeweatherwidget/com.motorola.commandcenter.weather.WeatherService}
02-06 14:22:14.067 10611 10611 W GAV2    : Thread[main,5,main]: Need to call initialize() and be in fallback mode to start dispatch.
02-06 14:22:14.070  2058  2073 W ActivityManager: Unable to start service Intent { cmp=com.google.android.gm/com.android.email.service.AttachmentService } U=0: not found
02-06 14:22:14.126  2058  5100 W ActivityManager: Unable to start service Intent { cmp=com.google.android.gm.exchange/com.android.exchange.service.EasService } U=0: not found
02-06 14:22:14.152   510   641 I ThermalEngine: cpu_frequency_pre_req: SS-BATTERY-MSM: device=battery frequency=8
02-06 14:22:14.160  2058  4131 D BatteryService: uevent={POWER_SUPPLY_TEMP=395, POWER_SUPPLY_STATUS=Discharging, POWER_SUPPLY_CAPACITY=41, ACTION=change, DEVPATH=/devices/soc.0/qpnp-smbcharger-f6e7c600/power_supply/battery, POWER_SUPPLY_AGE=125, POWER_SUPPLY_VOLTAGE_MAX=4350, SUBSYSTEM=power_supply, POWER_SUPPLY_NUM_SYSTEM_TEMP_LEVELS=8, POWER_SUPPLY_INPUT_CURRENT_MAX=1000000, POWER_SUPPLY_VOLTAGE_MAX_DESIGN=4350000, POWER_SUPPLY_CHARGE_FULL=3834000, POWER_SUPPLY_NAME=battery, POWER_SUPPLY_FLASH_CURRENT_MAX=1634139, POWER_SUPPLY_HEALTH=Good, POWER_SUPPLY_CYCLE_COUNT=0, POWER_SUPPLY_TECHNOLOGY=Li-ion, POWER_SUPPLY_CHARGE_TYPE=N/A, POWER_SUPPLY_CONSTANT_CHARGE_CURRENT_MAX=2500000, POWER_SUPPLY_PRESENT=1, POWER_SUPPLY_TEMP_HOTSPOT=0, POWER_SUPPLY_INPUT_CURRENT_SETTLED=0, POWER_SUPPLY_SAFETY_TIMER_ENABLED=0, POWER_SUPPLY_FLASH_ACTIVE=0, POWER_SUPPLY_VOLTAGE_NOW=3663308, SEQNUM=3690, POWER_SUPPLY_CHARGE_FULL_DESIGN=3059000, POWER_SUPPLY_CURRENT_NOW=1145928, POWER_SUPPLY_CHARGE_COUNTER=1193770, POWER_SUPPLY_SYSTEM_TEMP_LEVEL=0, POWER_SUPPLY_CHARGE_RATE=None, POWER_SUPPLY_CHARGING_ENABLED=1, POWER_SUPPLY_BATTERY_CHARGING_ENABLED=1}
02-06 14:22:14.161  2058  4743 D BatteryService: Processing new values: chargerAcOnline=false, chargerUsbOnline=false, chargerWirelessOnline=false, maxChargingCurrent0, batteryStatus=3, batteryHealth=2, batteryPresent=true, batteryLevel=41, batteryTechnology=Li-ion, batteryVoltage=3663, batteryTemperature=395, mBatteryLevelCritical=false, mPlugType=0, mChargeRate=0, modLevel=-1, modStatus=-1, modFlag=0
02-06 14:22:14.161  2058  4743 D BatteryService: Sending ACTION_BATTERY_CHANGED.  level:41, scale:100, status:3, health:2, present:true, voltage: 3663, temperature: 395, technology: Li-ion, AC powered:false, USB powered:false, Wireless powered:false, icon:17303108, invalid charger:0, maxChargingCurrent:0, charge rate:0, MOD powered:false, mod level:-1, mod status:-1, mod flag:0
02-06 14:22:14.165  4266  4266 D KeyguardUpdateMonitor: received broadcast android.intent.action.BATTERY_CHANGED
02-06 14:22:14.166  4266  4266 D KeyguardUpdateMonitor: handleBatteryUpdate
02-06 14:22:14.167  4589  4589 V whitetile2_eat_srv:  mBatteryChangedReceiver voltage 3663
02-06 14:22:14.174  2058  5100 W ActivityManager: Unable to start service Intent { cmp=com.google.android.gm.exchange/com.android.exchange.service.EasService } U=0: not found
02-06 14:22:14.183  4266  4655 I MotoNetwCtrlr: mCBInfoReceiver: onReceive: Intent { act=android.cellbroadcastreceiver.CB_AREA_INFO_RECEIVED flg=0x10 (has extras) } action=android.cellbroadcastreceiver.CB_AREA_INFO_RECEIVED
02-06 14:22:14.183  4266  4655 I NetworkController: Mobile signal controller handleBroadcast: Intent=Intent { act=android.cellbroadcastreceiver.CB_AREA_INFO_RECEIVED flg=0x10 (has extras) } Action=android.cellbroadcastreceiver.CB_AREA_INFO_RECEIVED
02-06 14:22:14.183  2058  2090 W BroadcastQueue: Permission Denial: receiving Intent { act=android.cellbroadcastreceiver.CB_AREA_INFO_RECEIVED flg=0x10 (has extras) } to ProcessRecord{469149c 4266:com.android.systemui/u0a59} (pid=4266, uid=10059) requires android.permission.READ_PHONE_STATE due to sender com.android.cellbroadcastreceiver (uid 10016)
02-06 14:22:14.207  2058  2074 I ActivityManager: Killing 9797:com.google.android.apps.docs.editors.slides/u0a125 (adj 15): empty #13
02-06 14:22:14.251   499   499 W installd: Failed to open /data/data/android: No such file or directory
02-06 14:22:14.296 10129 10129 D MusicLifecycle: com.google.android.music.AccountsBroadcastReceiver generated event: Broadcast received with context android.app.ReceiverRestrictedContext@a2ffb7d and intent Intent { act=android.accounts.LOGIN_ACCOUNTS_CHANGED flg=0x4000010 cmp=com.google.android.music/.AccountsBroadcastReceiver }
02-06 14:22:14.296 10129 10157 I SignupStatusTask: Starting 'com.google.android.music.sync.google.MusicGcmTaskService
02-06 14:22:14.421  2058  5129 I BroadcastQueue: Delay finish: com.google.android.videos/.accounts.AccountsChangedService$AccountsChangedReceiver
02-06 14:22:14.425  2058  2074 I BroadcastQueue: Resuming delayed broadcast
02-06 14:22:14.434  7227 10711 I MotAcct.Authenticator: account is authenticated
02-06 14:22:14.447  2058  5129 W BroadcastQueue: Permission Denial: broadcasting Intent { act=android.accounts.LOGIN_ACCOUNTS_CHANGED flg=0x4000010 } from android (pid=0, uid=10049) is not exported from uid 10028 due to receiver com.google.android.gms/.auth.account.be.accountstate.LoginAccountsChangedWakefulBroadcastReceiver
02-06 14:22:14.500  4748 10458 I chatty  : uid=10028(com.google.android.gms) expire 4 lines
02-06 14:22:14.538  2058  2067 I art     : Background partial concurrent mark sweep GC freed 34393(1995KB) AllocSpace objects, 2(40KB) LOS objects, 33% free, 29MB/44MB, paused 5.707ms total 101.942ms
02-06 14:22:14.556  2058  6581 I ActivityManager: Killing 9993:com.motorola.msimsettings/u0a38 (adj 15): empty #13
02-06 14:22:14.557  7963  8035 E BlacklistContract: Exception getting package info! e=[com.amazon.phoenix]
02-06 14:22:14.557  7963  8035 E BlacklistContract: Exception getting package info! e=[com.amazon.phoenix]
02-06 14:22:14.557  7963  8035 E BlacklistContract: Exception getting package info! e=[com.amazon.phoenix]
02-06 14:22:14.570  7963  8035 W ApplicationsState: Cannot find pkg: com.motorola.brapps on user 0
02-06 14:22:14.570  7963  8035 W ApplicationsState: Cannot find pkg: com.motorola.brapps on user 0
02-06 14:22:14.570  7963  8035 W ApplicationsState: Cannot find pkg: com.motorola.brapps on user 0
02-06 14:22:14.570  7963  8035 W ApplicationsState: Cannot find pkg: com.motorola.brapps on user 0
02-06 14:22:14.570  7963  8035 W ApplicationsState: Cannot find pkg: com.motorola.brapps on user 0
02-06 14:22:14.570  7963  8035 W ApplicationsState: Cannot find pkg: com.motorola.brapps on user 0
02-06 14:22:14.570  7963  8035 W ApplicationsState: Cannot find pkg: com.motorola.brapps on user 0
02-06 14:22:14.570  7963  8035 W ApplicationsState: Cannot find pkg: cci.usage on user 0
02-06 14:22:14.570  7963  8035 W ApplicationsState: Cannot find pkg: com.lenovo.FileBrowser2 on user 0
02-06 14:22:14.570  7963  8035 W ApplicationsState: Cannot find pkg: com.motorola.ptt.prip.br on user 0
02-06 14:22:14.570  7963  8035 W ApplicationsState: Cannot find pkg: com.motorola.ptt.prip on user 0
02-06 14:22:14.570  7963  8035 W ApplicationsState: Cannot find pkg: com.motorola.easyprefix on user 0
02-06 14:22:14.614 10545 10729 I Babel_ConcService: Acquired partial wake lock to keep ConcurrentService alive
02-06 14:22:14.620 10545 10730 D Babel_SmsDep: disabled
02-06 14:22:14.640  7963  8035 E BlacklistContract: Exception getting package info! e=[com.amazon.phoenix]
02-06 14:22:14.641  7963  8035 E BlacklistContract: Exception getting package info! e=[com.amazon.phoenix]
02-06 14:22:14.641  7963  8035 E BlacklistContract: Exception getting package info! e=[com.amazon.phoenix]
02-06 14:22:14.646  7963  8035 E BlacklistContract: Exception getting package info! e=[com.amazon.phoenix]
02-06 14:22:14.646  7963  8035 E BlacklistContract: Exception getting package info! e=[com.amazon.phoenix]
02-06 14:22:14.646  7963  8035 E BlacklistContract: Exception getting package info! e=[com.amazon.phoenix]
02-06 14:22:14.647 10545 10729 D Babel_SmsDep: disabled
02-06 14:22:14.670  5018  5018 I Keyboard.Facilitator: onFinishInput()
02-06 14:22:14.673 10545 10729 D Babel_SmsDep: disabled
02-06 14:22:14.678  7963  8035 E BlacklistContract: Exception getting package info! e=[com.amazon.phoenix]
02-06 14:22:14.679  7963  8035 E BlacklistContract: Exception getting package info! e=[com.amazon.phoenix]
02-06 14:22:14.679  7963  8035 E BlacklistContract: Exception getting package info! e=[com.amazon.phoenix]
02-06 14:22:14.690 10129 10129 D MusicLifecycle: com.google.android.music.AccountsBroadcastReceiver generated event: Broadcast received with context android.app.ReceiverRestrictedContext@a2ffb7d and intent Intent { act=android.accounts.LOGIN_ACCOUNTS_CHANGED flg=0x4000010 cmp=com.google.android.music/.AccountsBroadcastReceiver }
02-06 14:22:14.690 10129 10157 I SignupStatusTask: Starting 'com.google.android.music.sync.google.MusicGcmTaskService
02-06 14:22:14.697  5035  7026 I chatty  : uid=10028(com.google.android.gms) netscheduler-qu expire 44 lines
02-06 14:22:14.705  2058  6581 W ActivityManager: Unable to start service Intent { cmp=com.google.android.gm.exchange/com.android.exchange.service.EasService } U=0: not found
02-06 14:22:14.714 10545 10729 I Babel_ConcService: Released partial wake lock as ConcurrentService became idle
02-06 14:22:14.779  7227 10738 I MotAcct.Authenticator: account is authenticated
02-06 14:22:14.846  5035 10746 I chatty  : uid=10028 com.google.android.gms.persistent expire 1 line
02-06 14:22:14.854  4266  4655 I NetworkController.MotorolaMobileSignalController(3): MotorolaMobilePhoneStateListener.onSignalStrengthsChanged: Entered: signalStrength=SignalStrength: 99 0 -120 -160 -120 -1 -1 15 -109 -9 96 2147483647 2147483647 gsm|lte level=2
02-06 14:22:14.931 10545 10754 I Babel_ConcService: Acquired partial wake lock to keep ConcurrentService alive
02-06 14:22:14.936 10545 10755 D Babel_SmsDep: disabled
02-06 14:22:14.948 10545 10754 D Babel_SmsDep: disabled
02-06 14:22:14.967 10545 10754 D Babel_SmsDep: disabled
02-06 14:22:14.977  2058  5100 W ActivityManager: Unable to start service Intent { cmp=com.google.android.gm.exchange/com.android.exchange.service.EasService } U=0: not found
02-06 14:22:14.985 10545 10754 I Babel_ConcService: Released partial wake lock as ConcurrentService became idle
02-06 14:22:15.030  2058  5129 W ActivityManager: Unbind failed: could not find connection for android.os.BinderProxy@da987f
02-06 14:22:15.031  2058  4295 I ActivityManager: Killing 10026:com.android.sdm.plugins.sprintdm/1001 (adj 15): empty #13
02-06 14:22:15.161  2058  8396 D BatteryService: Processing new values: chargerAcOnline=false, chargerUsbOnline=false, chargerWirelessOnline=false, maxChargingCurrent0, batteryStatus=3, batteryHealth=2, batteryPresent=true, batteryLevel=41, batteryTechnology=Li-ion, batteryVoltage=3654, batteryTemperature=395, mBatteryLevelCritical=false, mPlugType=0, mChargeRate=0, modLevel=-1, modStatus=-1, modFlag=0
02-06 14:22:15.161  2058  8396 D BatteryService: Sending ACTION_BATTERY_CHANGED.  level:41, scale:100, status:3, health:2, present:true, voltage: 3654, temperature: 395, technology: Li-ion, AC powered:false, USB powered:false, Wireless powered:false, icon:17303108, invalid charger:0, maxChargingCurrent:0, charge rate:0, MOD powered:false, mod level:-1, mod status:-1, mod flag:0
02-06 14:22:15.161  2058  4131 D BatteryService: uevent={POWER_SUPPLY_TEMP=395, POWER_SUPPLY_STATUS=Discharging, POWER_SUPPLY_CAPACITY=41, ACTION=change, DEVPATH=/devices/soc.0/qpnp-smbcharger-f6e7c600/power_supply/battery, POWER_SUPPLY_AGE=125, POWER_SUPPLY_VOLTAGE_MAX=4350, SUBSYSTEM=power_supply, POWER_SUPPLY_NUM_SYSTEM_TEMP_LEVELS=8, POWER_SUPPLY_INPUT_CURRENT_MAX=1000000, POWER_SUPPLY_VOLTAGE_MAX_DESIGN=4350000, POWER_SUPPLY_CHARGE_FULL=3834000, POWER_SUPPLY_NAME=battery, POWER_SUPPLY_FLASH_CURRENT_MAX=1717078, POWER_SUPPLY_HEALTH=Good, POWER_SUPPLY_CYCLE_COUNT=0, POWER_SUPPLY_TECHNOLOGY=Li-ion, POWER_SUPPLY_CHARGE_TYPE=N/A, POWER_SUPPLY_CONSTANT_CHARGE_CURRENT_MAX=2500000, POWER_SUPPLY_PRESENT=1, POWER_SUPPLY_TEMP_HOTSPOT=0, POWER_SUPPLY_INPUT_CURRENT_SETTLED=0, POWER_SUPPLY_SAFETY_TIMER_ENABLED=0, POWER_SUPPLY_FLASH_ACTIVE=0, POWER_SUPPLY_VOLTAGE_NOW=3654000, SEQNUM=3691, POWER_SUPPLY_CHARGE_FULL_DESIGN=3059000, POWER_SUPPLY_CURRENT_NOW=1220390, POWER_SUPPLY_CHARGE_COUNTER=1193271, POWER_SUPPLY_SYSTEM_TEMP_LEVEL=1, POWER_SUPPLY_CHARGE_RATE=None, POWER_SUPPLY_CHARGING_ENABLED=1, POWER_SUPPLY_BATTERY_CHARGING_ENABLED=1}
02-06 14:22:15.162  4266  4266 D KeyguardUpdateMonitor: received broadcast android.intent.action.BATTERY_CHANGED
02-06 14:22:15.164  4589  4589 V whitetile2_eat_srv:  mBatteryChangedReceiver voltage 3654
02-06 14:22:15.165  4266  4266 D KeyguardUpdateMonitor: handleBatteryUpdate
02-06 14:22:15.183   483   742 I SFPerfTracer:      triggers: (rate: 0:0) (0 sw vsyncs) (0 skipped) (37:2452 vsyncs) (39:2763)
02-06 14:22:15.230  7227  7227 I global frequency: service created
02-06 14:22:15.231  7227  7227 D Checkin : publish the event [tag = MOT_CHECKIN event name = LOG]
02-06 14:22:15.232  7227  7227 I global frequency: service started
02-06 14:22:15.234  7227  7227 D Checkin : publish the event [tag = MOT_CHECKIN event name = LOG]
02-06 14:22:15.241  7227  7227 I global frequency: BcsTimer.setTimer(21600000, 21600000)
02-06 14:22:15.242  7227  7227 D Checkin : publish the event [tag = MOT_CHECKIN event name = LOG]
02-06 14:22:15.263  7227  7309 D 3CDM.Service: com.motorola.blur.service.blur.Actions.SERVICES_STARTED
02-06 14:22:15.268  7227  7309 D 3CDM.Service: Device Admin setting: blur.service.littlesister.reportLevel2
02-06 14:22:15.270  7227  7309 D 3CDM.Service: Device Admin setting: blur.service.littlesister.gpsFixWaitTime
02-06 14:22:15.270  7227  7309 D 3CDM.Service: Device Admin setting: com.motorola.blur.adminfeed.device_admin_always_allowed
02-06 14:22:15.270  7227  7309 D 3CDM.Service: Device Admin setting: com.motorola.ccc.devicemanagement.motocare.url
02-06 14:22:15.270  7227  7309 D 3CDM.Service: Device Admin setting: blur.service.mother.sendPersonalInfo
02-06 14:22:15.270  7227  7309 D 3CDM.Service: Device Admin setting: blur.service.cred.locationToken
02-06 14:22:15.270  7227  7309 D 3CDM.Service: Device Admin setting: com.motorola.ccc.devicemanagement.capabilities
02-06 14:22:15.270  7227  7309 D 3CDM.Service: Device Admin setting: com.motorola.ccc.cce.email.marketing.optin.default
02-06 14:22:15.270  7227  7309 D 3CDM.Service: Device Admin setting: com.motorola.ccc.devicemanagement.protect_phone_setup_enabled
02-06 14:22:15.270  7227  7309 D 3CDM.Service: request3CSettings() from CCE
02-06 14:22:15.279  7227  7227 I global frequency: BcsTimer.onReceive checkin completed (1489833630:ERROR_NO_SETTINGS)
02-06 14:22:15.280  7227  7227 D Checkin : publish the event [tag = MOT_CHECKIN event name = LOG]
02-06 14:22:15.296  7227  7227 D Checkin : publish the event [tag = MOT_ENGAGE event name = DUMP]
02-06 14:22:15.300  7227 10786 I PushService: onHandleIntent() received intent = com.motorola.blur.service.blur.Actions.SERVICES_STARTED
02-06 14:22:15.350  7227  7227 I ECIStartupRecv: Experience enabled: false isDeviceIdPresent true
02-06 14:22:15.351  7227  7227 D Checkin : publish the event [tag = MOT_ENGAGE event name = EXPERIENCE_ENABLED]
02-06 14:22:15.353  7227  7227 I ECIStartupRecv: Experience not enabled
02-06 14:22:15.371  5072  5072 D CCCMainStrtRcvr: starting CCCMain Service
02-06 14:22:15.373  5072  5072 W ContextImpl: Calling a method in the system process without a qualified user: android.app.ContextImpl.startService:1221 android.content.ContextWrapper.startService:581 android.content.ContextWrapper.startService:581 com.motorola.ccc.main.StartUpReceiver.onReceive:21 android.app.ActivityThread.handleReceiver:2743 
02-06 14:22:15.375  5072  5072 I CCCMainStrtRcvr: CCCMain Service started: {com.motorola.ccc.mainplm/com.motorola.ccc.main.CCCMainService}
02-06 14:22:15.376  5072  5072 I CCCMainService: onCreate() ...
02-06 14:22:15.387  7227  7227 D OtaApp  : debug - Receive intent: com.motorola.blur.service.blur.Actions.UPGRADE_UPDATE_NOTIFICATION
02-06 14:22:15.389  7227 10793 I MotAcct.Authenticator: account is authenticated
02-06 14:22:15.406  7227  7227 D OtaApp  : debug - UpdateReceiver: Received true from doSanityCheck.
02-06 14:22:15.408  7227  7227 D OtaApp  : debug - cancelAnyPendingIntentSetPreviously of type ACTIVITY
02-06 14:22:15.415  2058  6581 I ActivityManager: START u0 {act=com.motorola.blur.service.blur.Actions.UPGRADE_UPDATE_NOTIFICATION flg=0x30000000 cmp=com.motorola.ccc.ota/.ui.DownloadActivity (has extras)} from uid 10009 on display 0
02-06 14:22:15.425  2058  2101 W ResourceType: Failure getting entry for 0x7f0900ad (t=8 e=173) (error -75)
02-06 14:22:15.483  7227  7309 D 3CDM.Service: DeviceAdmin - syncWithCCC
02-06 14:22:15.485  7227  7309 D 3CDM.Service: com.motorola.ccc.devicemanagement.capabilities = LOST,LOCK,RING,LOCATE,PING,MULTIPLE-LOCATE,WIPE,SYNC,CALL-FORWARDING,STOP-RING
02-06 14:22:15.485  7227  7309 D 3CDM.Service: blur.service.littlesister.gpsFixWaitTime = 60000
02-06 14:22:15.485  7227  7309 D 3CDM.Service: com.motorola.ccc.devicemanagement.motocare.url = www.motorola.com/support
02-06 14:22:15.485  7227  7309 D 3CDM.Service: com.motorola.blur.adminfeed.device_admin_always_allowed = 1
02-06 14:22:15.485  7227  7309 D 3CDM.Service: com.motorola.ccc.devicemanagement.protect_phone_setup_enabled = false
02-06 14:22:15.485  7227  7309 D 3CDM.Service: com.motorola.ccc.cce.email.marketing.optin.default = false
02-06 14:22:15.485  7227  7309 D 3CDM.Service: blur.service.cred.locationToken = null
02-06 14:22:15.485  7227  7309 D 3CDM.Service: blur.service.littlesister.reportLevel2 = NONE
02-06 14:22:15.496  7227  7309 D 3CDM.Service: Sync to CCE settings done, instantiate Locate now.
02-06 14:22:15.509  7227  7309 I 3CDM.SingleLocate: Skip listening for cell location change as we don't have permissions
02-06 14:22:15.513  7227  7227 W ResourceType: Failure getting entry for 0x7f0900ad (t=8 e=173) (error -75)
02-06 14:22:15.515  7227  7227 W PackageManager: Failure retrieving text 0x7f0900ad in package com.motorola.ccc.ota
02-06 14:22:15.515  7227  7227 W PackageManager: android.content.res.Resources$NotFoundException: String resource ID #0x7f0900ad
02-06 14:22:15.515  7227  7227 W PackageManager: 	at android.content.res.Resources.getText(Resources.java:312)
02-06 14:22:15.515  7227  7227 W PackageManager: 	at android.app.ApplicationPackageManager.getText(ApplicationPackageManager.java:1287)
02-06 14:22:15.515  7227  7227 W PackageManager: 	at android.content.pm.ComponentInfo.loadLabel(ComponentInfo.java:85)
02-06 14:22:15.515  7227  7227 W PackageManager: 	at android.app.ActivityThread.performLaunchActivity(ActivityThread.java:2356)
02-06 14:22:15.515  7227  7227 W PackageManager: 	at android.app.ActivityThread.handleLaunchActivity(ActivityThread.java:2490)
02-06 14:22:15.515  7227  7227 W PackageManager: 	at android.app.ActivityThread.access$900(ActivityThread.java:154)
02-06 14:22:15.515  7227  7227 W PackageManager: 	at android.app.ActivityThread$H.handleMessage(ActivityThread.java:1354)
02-06 14:22:15.515  7227  7227 W PackageManager: 	at android.os.Handler.dispatchMessage(Handler.java:102)
02-06 14:22:15.515  7227  7227 W PackageManager: 	at android.os.Looper.loop(Looper.java:148)
02-06 14:22:15.515  7227  7227 W PackageManager: 	at android.app.ActivityThread.main(ActivityThread.java:5443)
02-06 14:22:15.515  7227  7227 W PackageManager: 	at java.lang.reflect.Method.invoke(Native Method)
02-06 14:22:15.515  7227  7227 W PackageManager: 	at com.android.internal.os.ZygoteInit$MethodAndArgsCaller.run(ZygoteInit.java:728)
02-06 14:22:15.515  7227  7227 W PackageManager: 	at com.android.internal.os.ZygoteInit.main(ZygoteInit.java:618)
02-06 14:22:15.516  7227  7309 D 3CDM.Service: isProtectPhoneSetupEnable - pyp setting value: false
02-06 14:22:15.517  7227  7309 D 3CDM.Service: disableProtectPhoneSetup - .AdminReceiver:2
02-06 14:22:15.518  7227  7309 D 3CDM.Service: disableProtectPhoneSetup - .setup.DeviceAdminAddActivity:2
02-06 14:22:15.518  7227  7309 D 3CDM.Service: disableProtectPhoneSetup - .setup.DeviceAdminSetupActivity:2
02-06 14:22:15.520  7227  7309 D 3CDM.Service: disableProtectPhoneSetup - .setup.AccountSetupActivity:2
02-06 14:22:15.520  7227  7309 D 3CDM.Service: disableProtectPhoneSetup - .setup.AccountSetupOptOutActivity:2
02-06 14:22:15.521  7227  7309 D 3CDM.Service: disableProtectPhoneSetup - .setup.DeviceSetupConfirmationActivity:2
02-06 14:22:15.521  7227  7309 D 3CDM.Service: registering for AdminFeed
02-06 14:22:15.524 10129 10129 D MusicLifecycle: com.google.android.music.wear.WearBroadcastReceiver generated event: Broadcast received with context android.app.ReceiverRestrictedContext@a2ffb7d and intent Intent { act=com.google.android.music.NEW_SHOULDKEEPON flg=0x10 cmp=com.google.android.music/.wear.WearBroadcastReceiver (has extras) }
02-06 14:22:15.528  7227  7309 D 3CDM.Service: get 0 notifications for app OCVKVSQ5Q1EYVBX76813UOPTCKGAH4VS
02-06 14:22:15.534   483   483 I SFPerfTracer:      triggers: (rate: 6:233) (compose: 0:5) (post: 0:0) (render: 0:8) (1:2072 frames) (2:2334)
02-06 14:22:15.535   483   483 D SFPerfTracer:        layers: (3:13) (FocusedStackFrame (0xb91aff30): 1:55)* (DimLayer (0xb91b2588): 0:22)* (StatusBar (0xb91ba350): 0:318) (com.android.systemui.ImageWallpaper (0xb91ca3e0): 0:26)* (NavigationBar (0xb91e6e40): 0:242) (DimLayer (0xb91c2200): 0:23)* (DimLayer (0xb91c4238): 0:12)* (com.android.settings/com.android.settings.SubSettings (0xb91e3530): 0:76)- (com.android.settings/com.android.settings.SubSettings (0xb91d6590): 0:64)- (com.android.settings/com.android.settings.SubSettings (0xb91e3530): 0:44)- (com.android.settings/com.android.settings.SubSettings (0xb91d6590): 0:20) (Starting com.motorola.ccc.ota (0xb91eb1f8): 1:2)* 
02-06 14:22:15.537  7227  7309 D 3CDM.Service: get 0 notifications for app L71KGK4CCWOW658MGESIRYO2428ODW11
02-06 14:22:15.544  7227  7309 D 3CDM.Service: get 0 notifications for app LX6TJJI6F2MILF1NPZW6A3HBAKK8W44Z
02-06 14:22:15.548  2058  2067 I art     : Background partial concurrent mark sweep GC freed 4046(181KB) AllocSpace objects, 0(0B) LOS objects, 33% free, 29MB/44MB, paused 3.811ms total 103.806ms
02-06 14:22:15.552  7227  7309 D 3CDM.Service: get 0 notifications for app SZZTNOGZA6O6PRFZH2V3FF14N1J8W3HC
02-06 14:22:15.558  7227  7309 D 3CDM.Service: get 0 notifications for app SULIGJDMXLSL7T1DOVYSTVG2KCBHZ5GH
02-06 14:22:15.558  2058  4135 I InputDispatcher: Dropping event because there is no touchable window at (986, 331).
02-06 14:22:15.573  7227  7309 D 3CDM.Service: get 0 notifications for app 5LWTCLJBZO4OUDU5BY7ANJI4Y2MHY8OY
02-06 14:22:15.578  7227  7309 D 3CDM.Service: get 0 notifications for app 68OUD4VKG23F7BUH6M2QBRXPLIC7IMCO
02-06 14:22:15.579  7227  7227 D OtaApp  : debug - DownloadActivity, FormattedText
02-06 14:22:15.585  7227  7309 D 3CDM.Service: get 0 notifications for app QZYSBKU4MGE71O1PLTE8HAT11SWL5M6E
02-06 14:22:15.589 10129 10129 D MusicLifecycle: com.google.android.music.autocache.AutoCacheSchedulingService$EnablingReceiver generated event: Broadcast received with context android.app.ReceiverRestrictedContext@a2ffb7d and intent Intent { act=com.google.android.music.SYNC_COMPLETE flg=0x10 cmp=com.google.android.music/.autocache.AutoCacheSchedulingService$EnablingReceiver }
02-06 14:22:15.592  7227  7227 I OtaApp  : info - DownloadActivity, handling (Blur_Version.25.11.16.athene.retail.en.US) from ( upgrade)
02-06 14:22:15.594  7227  7227 D Checkin : publish the event [tag = MOT_OTA event name = LOG]
02-06 14:22:15.597 10129 10238 W WearSignatureVerifier: No package com.google.android.wearable.app.cn
02-06 14:22:15.600 10129 10129 D MusicLifecycle: com.google.android.music.autocache.AutoCacheSchedulingService generated event: Service created
02-06 14:22:15.603 10129 10129 D MusicLifecycle: com.google.android.music.autocache.AutoCacheSchedulingService generated event: Service started with intent Intent { act=com.google.android.music.leanback.ACTIVATE_AUTO_CACHE cmp=com.google.android.music/.autocache.AutoCacheSchedulingService (has extras) }
02-06 14:22:15.605 10129 10238 W WearSignatureVerifier: No package com.google.android.wearable.app.cn
02-06 14:22:15.608 10129 10238 W WearSignatureVerifier: No package com.google.android.wearable.app.cn
02-06 14:22:15.609  7227  7227 D OtaApp  : debug - cancelling the previous pending intent set for download later
02-06 14:22:15.610 10129 10238 W WearSignatureVerifier: No package com.google.android.wearable.app.cn
02-06 14:22:15.610  7227  7227 I OtaApp  : info - next automatic download prompt (serverAnnoy)  is scheduled in : 60 mins.
02-06 14:22:15.611  7227  7227 D Checkin : publish the event [tag = MOT_OTA event name = LOG]
02-06 14:22:15.614 10129 10195 I MediaStoreImporter: Update: incremental Added music: 0 Updated music: 0 Deleted music: 0 Created playlists: 0 Updated playlists: 0 Deleted playlists: 0 Inserted playlist items: 0 Deleted playlist items: 0 Removed orphaned playlist items: 0
02-06 14:22:15.617  7227  7227 W MotorolaSettings: no such table to get this name = SOFTWARE_UPDATE_ALERT_ENABLED
02-06 14:22:15.617  7227  7227 W System.err: java.lang.Exception
02-06 14:22:15.618 10129 10129 W WearSignatureVerifier: No package com.google.android.wearable.app.cn
02-06 14:22:15.622 10129 10129 D MusicLifecycle: com.google.android.music.download.EncapsulatedBroadcastReceiver$1 generated event: Broadcast received with context com.google.android.music.ui.PhoneMusicApplication@ded6224 and intent Intent { act=com.google.android.music.IMPORT_COMPLETE flg=0x10 }
02-06 14:22:15.624  7227  7227 W System.err: 	at com.motorola.android.provider.MotorolaSettings.getString(MotorolaSettings.java:515)
02-06 14:22:15.624  7227  7227 W System.err: 	at com.motorola.android.provider.MotorolaSettings.getInt(MotorolaSettings.java:611)
02-06 14:22:15.624  7227  7227 W System.err: 	at java.lang.reflect.Method.invoke(Native Method)
02-06 14:22:15.624  7227  7227 W System.err: 	at com.motorola.ccc.ota.ui.UpdaterUtils.isSoftwareUpdateAlertEnabled(UpdaterUtils.java:804)
02-06 14:22:15.624  7227  7227 W System.err: 	at com.motorola.ccc.ota.ui.UpdaterUtils.playSoundAlert(UpdaterUtils.java:434)
02-06 14:22:15.624  7227  7227 W System.err: 	at com.motorola.ccc.ota.ui.DownloadActivity.onResume(DownloadActivity.java:253)
02-06 14:22:15.624  7227  7227 W System.err: 	at android.app.Instrumentation.callActivityOnResume(Instrumentation.java:1281)
02-06 14:22:15.624  7227  7227 W System.err: 	at android.app.Activity.performResume(Activity.java:6335)
02-06 14:22:15.624  7227  7227 W System.err: 	at android.app.ActivityThread.performResumeActivity(ActivityThread.java:3110)
02-06 14:22:15.624  7227  7227 W System.err: 	at android.app.ActivityThread.handleResumeActivity(ActivityThread.java:3152)
02-06 14:22:15.624  7227  7227 W System.err: 	at android.app.ActivityThread.handleLaunchActivity(ActivityThread.java:2495)
02-06 14:22:15.624  7227  7227 W System.err: 	at android.app.ActivityThread.access$900(ActivityThread.java:154)
02-06 14:22:15.624  7227  7227 W System.err: 	at android.app.ActivityThread$H.handleMessage(ActivityThread.java:1354)
02-06 14:22:15.624  7227  7227 W System.err: 	at android.os.Handler.dispatchMessage(Handler.java:102)
02-06 14:22:15.624  7227  7227 W System.err: 	at android.os.Looper.loop(Looper.java:148)
02-06 14:22:15.624  7227  7227 W System.err: 	at android.app.ActivityThread.main(ActivityThread.java:5443)
02-06 14:22:15.624  7227  7227 W System.err: 	at java.lang.reflect.Method.invoke(Native Method)
02-06 14:22:15.624  7227  7227 W System.err: 	at com.android.internal.os.ZygoteInit$MethodAndArgsCaller.run(ZygoteInit.java:728)
02-06 14:22:15.624  7227  7227 W System.err: 	at com.android.internal.os.ZygoteInit.main(ZygoteInit.java:618)
02-06 14:22:15.627 10129 10805 E GmsUtils: Failed to connect to Google API client: ConnectionResult{statusCode=API_UNAVAILABLE, resolution=null, message=null}
02-06 14:22:15.668  7227 10786 D CCE     : Settings pattern not found
02-06 14:22:15.669  7227 10786 I PushService: configGCM() and C2DM isEnabled = 1
02-06 14:22:15.670  2058  5100 I ActivityManager: Start proc 10812:com.microsoft.office.word/u0a122 for broadcast com.microsoft.office.word/com.microsoft.android.crosssell.PackageStateReceiver
02-06 14:22:15.674  7227 10786 I PushService: started with background data enabled, making sure notification mechanism is enabled
02-06 14:22:15.722  4748 10826 I chatty  : uid=10028(com.google.android.gms) expire 1 line
02-06 14:22:15.737 10129 10806 I MusicLeanback: Conditions not met for autocaching. okToAttempt=false
02-06 14:22:15.737 10129 10806 I MusicLeanback: Stop autocaching.
02-06 14:22:15.746 10129 10129 D MusicLifecycle: com.google.android.music.autocache.AutoCacheSchedulingService generated event: Service destroyed
02-06 14:22:15.795 10812 10812 I MAMInfo : MAMInfo initialized. Debug=false, UseTestAgent=false, ManagedDialogDisabled=false, DeprecationDialogDisabled=false, PolicyRequired=false, MultiIdentityEnabled=true, FullBackupContent=true, UseDefaultEnrollment=false, ExceptionOnInit=false
02-06 14:22:15.811 10812 10831 I MAMWERetryScheduler: task thread waiting for tasks.
02-06 14:22:15.813 10812 10812 I MAMComponents: Not initializing MAM classes because the MDM package is not installed.
02-06 14:22:15.815 10812 10812 I MAMComponents: Not initializing MAM classes because the MDM package is not installed.
02-06 14:22:15.816  4748  8195 I chatty  : uid=10028(com.google.android.gms) highpool[3] expire 2 lines
02-06 14:22:15.817  4748  7248 I chatty  : uid=10028(com.google.android.gms) highpool[1] expire 1 line
02-06 14:22:15.818 10812 10812 I MultiDex: VM with version 2.1.0 has multidex support
02-06 14:22:15.818 10812 10812 I MultiDex: install
02-06 14:22:15.818 10812 10812 I MultiDex: VM has multidex support, MultiDex support library is disabled.
02-06 14:22:15.829  7227 10833 D OpenGLRenderer: Use EGL_SWAP_BEHAVIOR_PRESERVED: true
02-06 14:22:15.847   499   499 W installd: Failed to open /data/data/android: No such file or directory
02-06 14:22:15.860 10812 10812 I [ACT]:H : initialize|context:com.microsoft.office.word.WordApplication@5f32aee|tenantToken:0f7e2d7f1132433b82c0b49a3e7da349-48b984f1-c586-4e69-9a6b-c3cb9597e0bc-7008
02-06 14:22:15.862 10812 10812 I [ACT]:H : initialize|context:com.microsoft.office.word.WordApplication@5f32aee|tenantToken:0f7e2d7f1132433b82c0b49a3e7da349-48b984f1-c586-4e69-9a6b-c3cb9597e0bc-7008|configuration:null
02-06 14:22:15.894 10812 10812 D c       : Cost(prev,now): (Unknown,Unknown)|Type(prev,now): (Unknown, WWAN)|Provider(prev,now): (null,MOVILNET)
02-06 14:22:15.895 10812 10812 V d       : getOsVersion|value:6.0.1
02-06 14:22:15.895 10812 10812 V d       : getOsVersion|value:6.0.1
02-06 14:22:15.896 10812 10812 D [ACT]:S : Registering hardware receiver
02-06 14:22:15.899 10812 10812 D [ACT]:S : Loading the transmission policy
02-06 14:22:15.903  2058  4134 V AlarmManager: sending alarm {a6a0ba0 type 2 *walarm*:com.google.android.location.ALARM_WAKEUP_SENSOR_UPLOADER}
02-06 14:22:15.903  2058  4134 V AlarmManager: sending alarm {c71e359 type 2 *walarm*:com.motorola.bach.modemstats.dsds-user-settings-report}
02-06 14:22:15.903  2058  4134 V AlarmManager: sending alarm {6106e51 type 0 *walarm*:com.android.vending/com.google.android.finsky.hygiene.DailyHygiene$DailyHygieneService}
02-06 14:22:15.904  4748  7016 I chatty  : uid=10028(com.google.android.gms) lowpool[2] expire 8 lines
02-06 14:22:15.909  2058  2058 V AlarmManager: done {6106e51, *walarm*:com.android.vending/com.google.android.finsky.hygiene.DailyHygiene$DailyHygieneService} [6ms]
02-06 14:22:15.911  9181  9181 I Finsky  : [1] com.google.android.finsky.hygiene.DailyHygiene$DailyHygieneService.onStartCommand(50): Beginning daily hygiene, foreground = false, reason = 6
02-06 14:22:15.916 10812 10812 D [ACT]:W : Reading offline kvp file.
02-06 14:22:15.926 10812 10812 V c       : getNetworkCost|value:Unknown
02-06 14:22:15.927 10812 10812 V a       : getPowerSource|value:UNKNOWN
02-06 14:22:15.927 10812 10812 D [ACT]:ao: startProcessingWithTransmitCondition : UNMETERED_AC, profile: REAL_TIME
02-06 14:22:15.929 10812 10812 V d       : getAppId|value:
02-06 14:22:15.929 10812 10812 V af      : setAppId|appId: 
02-06 14:22:15.930 10812 10812 V d       : getAppVersion|value:16.0.9001.2077
02-06 14:22:15.930 10812 10812 V af      : setAppVersion|appVersion: 16.0.9001.2077
02-06 14:22:15.930 10812 10812 V a       : getDeviceId|value: f249781cf572b15d
02-06 14:22:15.930 10812 10812 V af      : setDeviceId|deviceId: f249781cf572b15d
02-06 14:22:15.930 10812 10812 V a       : getManufacturer|value: motorola
02-06 14:22:15.930 10812 10812 V af      : setDeviceMake|deviceMake: motorola
02-06 14:22:15.930 10812 10812 V a       : getModel|value: Moto G (4)
02-06 14:22:15.930 10812 10812 V af      : setDeviceModel|deviceModel: Moto G (4)
02-06 14:22:15.930 10812 10812 V c       : getNetworkProvider|value:MOVILNET
02-06 14:22:15.930 10812 10812 V af      : setNetworkProvider|networkProvider: MOVILNET
02-06 14:22:15.931 10812 10812 V d       : getUserLanguage|value:es-ES
02-06 14:22:15.931 10812 10812 V af      : setUserLanguage|language: es-ES
02-06 14:22:15.931 10812 10812 V d       : getUserTimeZone|value:+01:00
02-06 14:22:15.931 10812 10812 V af      : setUserTimeZone|timeZone: +01:00
02-06 14:22:15.935 10812 10812 E ChinaFeaturesLib: failed to create chinaFeaturesHelper, ClassNotFoundException
02-06 14:22:15.935 10812 10812 D TSLTokenProviderImpl: Init
02-06 14:22:15.937 10812 10812 D TSLTokenProviderImpl: Check if this IsTSLDebugMode
02-06 14:22:15.943 10812 10812 D TokenSharingManager_v1.4.4: Library works in release mode
02-06 14:22:15.943 10812 10812 I AMEnrollmentStatusCache: No MAM enrollment status found.
02-06 14:22:15.945  9181  9181 I Finsky  : [1] com.google.android.finsky.hygiene.o.a(61): Probe [uY2E8ht_6wM_Zw-DG9vcSsyMSwA] for hygiene pass
02-06 14:22:15.946  9181  9181 V ConnectivityManager: isActiveNetworkMetered() returns:true
02-06 14:22:15.951 10812 10812 I MAMWERetryScheduler: scheduling any necessary enrollment retries at startup; online: false
02-06 14:22:15.960 10812 10812 D HardwareInformationReceiver: HardwareInformationReceiver onReceive()|action: android.net.conn.CONNECTIVITY_CHANGE
02-06 14:22:15.960 10812 10812 D HardwareInformationReceiver: Received Network Connectivity Change
02-06 14:22:15.966 10129 10129 D MusicLifecycle: com.google.android.music.autocache.AutoCacheSchedulingService$EnablingReceiver generated event: Broadcast received with context android.app.ReceiverRestrictedContext@a2ffb7d and intent Intent { act=com.google.android.music.START_DOWNLOAD_SCHEDULING flg=0x10 cmp=com.google.android.music/.autocache.AutoCacheSchedulingService$EnablingReceiver }
02-06 14:22:15.973 10812 10812 D c       : Cost(prev,now): (Unknown,Unknown)|Type(prev,now): (WWAN, WWAN)|Provider(prev,now): (MOVILNET,MOVILNET)
02-06 14:22:15.973 10812 10812 V c       : getNetworkCost|value:Unknown
02-06 14:22:15.979 10129 10129 D MusicLifecycle: com.google.android.music.autocache.AutoCacheSchedulingService generated event: Service created
02-06 14:22:15.980 10129 10129 D MusicLifecycle: com.google.android.music.autocache.AutoCacheSchedulingService generated event: Service started with intent Intent { act=com.google.android.music.leanback.APP_IN_USE cmp=com.google.android.music/.autocache.AutoCacheSchedulingService (has extras) }
02-06 14:22:15.982 10129 10129 D MusicLifecycle: com.google.android.music.wear.WearBroadcastReceiver generated event: Broadcast received with context android.app.ReceiverRestrictedContext@a2ffb7d and intent Intent { act=com.google.android.music.START_DOWNLOAD_SCHEDULING flg=0x10 cmp=com.google.android.music/.wear.WearBroadcastReceiver }
02-06 14:22:15.987 10129 10238 W WearSignatureVerifier: No package com.google.android.wearable.app.cn
02-06 14:22:15.989 10129 10129 D MusicLifecycle: com.google.android.music.wear.WearBroadcastReceiver generated event: Broadcast received with context android.app.ReceiverRestrictedContext@a2ffb7d and intent Intent { act=com.google.android.music.IMPORT_COMPLETE flg=0x10 cmp=com.google.android.music/.wear.WearBroadcastReceiver }
02-06 14:22:15.990  7227 10833 I Adreno  : QUALCOMM build                   : 3d89180, I1b38baa288
02-06 14:22:15.990  7227 10833 I Adreno  : Build Date                       : 03/30/16
02-06 14:22:15.990  7227 10833 I Adreno  : OpenGL ES Shader Compiler Version: XE031.06.00.02
02-06 14:22:15.990  7227 10833 I Adreno  : Local Branch                     : master_AU27
02-06 14:22:15.990  7227 10833 I Adreno  : Remote Branch                    : 
02-06 14:22:15.990  7227 10833 I Adreno  : Remote Branch                    : 
02-06 14:22:15.990  7227 10833 I Adreno  : Reconstruct Branch               : 
02-06 14:22:15.993 10129 10238 W WearSignatureVerifier: No package com.google.android.wearable.app.cn
02-06 14:22:15.993 10129 10238 W WearSignatureVerifier: No package com.google.android.wearable.app.cn
02-06 14:22:15.994 10129 10238 W WearSignatureVerifier: No package com.google.android.wearable.app.cn
02-06 14:22:15.997 10129 10846 I MusicLeanback: Conditions not met for autocaching. okToAttempt=false
02-06 14:22:15.997 10129 10846 I MusicLeanback: Stop autocaching.
02-06 14:22:15.999  7227 10833 I OpenGLRenderer: Initialized EGL, version 1.4
02-06 14:22:16.013 10129 10129 D MusicLifecycle: com.google.android.music.autocache.AutoCacheSchedulingService generated event: Service destroyed
02-06 14:22:16.018  2058  5100 I ActivityManager: Killing 10048:com.cmplay.tiles2/u0a124 (adj 15): empty #13
02-06 14:22:16.022 10129 10200 W WearSignatureVerifier: No package com.google.android.wearable.app.cn
02-06 14:22:16.028 10129 10200 W WearSignatureVerifier: No package com.google.android.wearable.app.cn
02-06 14:22:16.029 10129 10200 W WearSignatureVerifier: No package com.google.android.wearable.app.cn
02-06 14:22:16.030 10129 10200 W WearSignatureVerifier: No package com.google.android.wearable.app.cn
02-06 14:22:16.032   510   633 E ThermalEngine: vs_interrupt_wait: Time out after 10.000(sec)
02-06 14:22:16.033   510   632 E ThermalEngine: vs_interrupt_wait: Time out after 10.000(sec)
02-06 14:22:16.046  7227  7227 I global frequency: BcsConfigAndroid:updateAllowedEventTagsForPrivacyProfile Blacklisted tags: (DUMMY_TAG:1400790700)
02-06 14:22:16.047  7227  7227 D Checkin : publish the event [tag = MOT_CHECKIN event name = LOG]
02-06 14:22:16.048  7227  7227 I global frequency: BcsConfigAndroid:updateAllowedEventTagsForPrivacyProfile new whitelisted checkin event tags: AOV:TRIGGER:DAILY_STATS:DAILY_SETTINGS:UDT,MOT_FDN:Instance,MOT_DEVICE_STATS:RadioTypes:PerUidStats:DataSizes:PhoneTimeStatsSOff:TopWakelocks:TagOverflow:PerUidStatsSOff:MMCStats:DataSizesSOff:DataSizesSOn:MultiUserStats:PhoneTimeStats:EventLogs:PhoneTimeStatsSOn:STORAGESTATS:SignalStrengths:PMaps:PerUidStatsSOn:BattCap:StuckWakelocks:SegidOverrun:AppUsage,MOT_DEVICE_STATS_CHG:PerUidStats:ChargerTrigger:DataSizes:SignalStrengths:PhoneTimeStats,MOT_SIM_STATS:MultiSimSettings:MultiSimEvents:MultiSimSmartSimEvents:MultiSimCallEvents,MOT_CCE_STATS:Registration:RetrieveNotifications:LENOVO_ID_STATS:CS_Notif_FFA,MUSICKEY:DailyStats,MOT_BT:PAIRING:DISC:CONN_FAIL:CONN_SUC,MOT_WATCH:HealthyStats:WatchFaceStats:MotoProxyStats,MOT_FPS:FPS_ENROLL:FPS_DAILY_STATS:FPS_UNLOCK,MOT_FM_RADIO:FM_SESSION,MOT_IMS:ImsStats,MOT_MARKETING:OPTIN,DEVICE_AUTH_STATS_L2:DeviceLockStats,MOT_AD_STATS:DailyStats,MOT_OTA:LOG,MOT_DEVICE_STATS_L1:SettingLogs:EventLogs,DEVICE_PROPERTIES,MOT_NOTIF_LOCKSCREEN:ThirdParty,MOT_NAV_ONE:Instance:Usage:DailyStats,MOT_MODS:ATTACH:UPDATE_EVENT:ProjectorDailyStats:DETACH,MOT_CBS_MSGING:DailyStats,MOT_MICROSCREEN:Instance:DailyStats,MOT_FLIP_TO_DND:Instance:DailyStats,MOT_OMNI:SETTINGS_CHANGE:LAUNCH_TYPE:SETTINGS_CHANGE_PHONE:BEFORE_LAUNCH:VIEW_CHANGE_PHONE:LAUNCH_TYPE_PHONE:INSTALL_APP,MOT_DEVICE_STATS_MM:AudioDaily,MOT_QUICK_SCREENSHOT:DailyStats,MOT_HOME_STATS_L2:WeatherWidgetDailyStats:ADDFOLDER:ADDWIDGET:ADDSHORTCUT,MOT_DTV:SESSION,MOT_WIPL:WIPL_EVENT,MOT_DEVICE_STATS_MEM_S:Summary,MOT_MSG_STATS_L4:SMS_sent:MMS_rcvd:SMS_rcvd:MMS_sent,MOT_DEVICE_STATS_L2:EventLogs,CHECKIN_SUCCESS,MOT_WIFI_L1:MHS_DAILY:MHS_ON:WIFI_STALL_FRAMEWORK_DETECTED:STA_DAILY:MHS_OFF,MOT_DEMOMODE:MOT_DEMOMODE_LOCATION:USER_SESSION:MOT_DEMOMODE_DAILY_STATS,MOT_SETUP_STAT:MOT_SETUP_TOTAL_SETUP_TIME:MOT_SETUP_LANGUAGE_SELECTED,ALEXA:Settings:DailyStats,MOT_OUT_OF_SERVICE:OUT_OF_SERV,MOT_CAMERA_STATS:CAMERA_READY:SHOT_TO_SHOT:LAND_DOWN:USER_EXITED_APP:OBJECT_DETECTION:POST_CAPTURE:CAMERA_SWITCHED,MOT_DEVICE_STATS_L3:DATASIZES:ActivationLocationReport:AfxGMSProps:SystemLocale:HwProps,MOT_SOUND:MBA:Dolby:AudioFx,MOT_QUICK_CAPTURE:DailyStats,MOT_MSG_STATS_L2:MMS_transaction,MOT_ULTRASOUND:DailyStats,MOT_MKEY_STATS:AppLogin:DailyStats:MkSetup,SN_AOD_STAT:MD_NOTIF:MD_BREATHS:MD_SETTINGS:TOUCH,MOT_APP_STATS:APPLAUNCH,MOT_GESTURES:ChopChopDailyStats:LiftDailyStats,DEV_ATTRIBS,MOT_CA_STATS_L2:DC_ACCESSORY:DC_HOTSPOT:LOCATION_SVC_DAILY_STATS:DC_PKG:DC_SDCARD:DC_APPINFO,MOT_CALL_STATS_L2:CALL_END,CHECKIN_FAILURE,MOT_DUNITY_STATS:Setup:FmlyGrp:DailyStats,MOT_TIME_ON_RAT:TIME_SPEND_ON_RAT,MOT_PRIVACY_PROFILE,CALL_PERF_STATS:VOLTE_FALLBACK:DATA_STALL:CALL_PERF_STATS_SUCCESS:CALL_ORIG_FAILURE:CALL_DROP:VT_HANDOVER:VolteProvisioning:IMS_REGISTER:BSRLTEFailEvent,MOT_ENGAGE:NOTIF_STATE:ERROR,MOTO_APP:DailyStats,CALL_PERF_STATS_SUCCESS:CALL_PERF_STATS_SUCCESS,MOT_LIFT_TO_SILENCE:Instance:DailyStats,MOT_NIGHT_DISPLAY:DailyStats,MOT_CA_STATS_L3:DC_NETWORK,MOT_ISCONTEXT_STATS:OPTIN:NOTIF_STATE,MOT_CA_STATS_L1:DC_SIGNALSTRENGTH:DC_ERRORS,MOT_RO_PROPS:AndroidSys,MOT_CMAS_STATS:CMAS_rcvd,MOT_NFC_L1:NfcEvent,MOT_GUIDEME_STATS_L1:CallCancel:SearchRequest:MotocareSetting:QuickFix:help_content:Quests:RecSetUpState:DataSaver:SearchResponse:LaunchEvent:ActedOnRec:RecDismiss:CallPlaced:RecVisibleList:ChatResponse:ChatInit:RepairStatus:ChatEnd:Help_Content:RecClick:RecCount:RecList:RNTConfig:Error:LaunchSearchResult:RecFetched:quests,MOT_CBS_APPS:VzwVvmDailyStats:VzwVvmEvent:VzwVvmError
02-06 14:22:16.054  7227  7227 D Checkin : publish the event [tag = MOT_CHECKIN event name = LOG]
02-06 14:22:16.056  7227  7227 D Checkin : publish the event [tag = MOT_PRIVACY_PROFILE event name = PRIVACY]
02-06 14:22:16.092  2058  2058 V AlarmManager: done {4c6d1d5, *alarm*:com.whatsapp.action.HOURLY_CRON} [40647ms]
02-06 14:22:16.097 10129 10129 W WearSignatureVerifier: No package com.google.android.wearable.app.cn
02-06 14:22:16.098  2058  2058 V AlarmManager: done {c546dea, *alarm*:com.whatsapp.action.UPDATE_NTP} [40653ms]
02-06 14:22:16.098 10129 10847 E GmsUtils: Failed to connect to Google API client: ConnectionResult{statusCode=API_UNAVAILABLE, resolution=null, message=null}
02-06 14:22:16.104 10129 10129 W WearSignatureVerifier: No package com.google.android.wearable.app.cn
02-06 14:22:16.106 10129 10849 E GmsUtils: Failed to connect to Google API client: ConnectionResult{statusCode=API_UNAVAILABLE, resolution=null, message=null}
02-06 14:22:16.125 10855 10855 E NEW_BHD : Battery Power Supply logging Daemon start!!!!!
