02-06 14:22:05.134  2058  4131 D BatteryService: uevent={POWER_SUPPLY_TEMP=395, POWER_SUPPLY_STATUS=Discharging, POWER_SUPPLY_CAPACITY=41, ACTION=change, DEVPATH=/devices/soc.0/qpnp-smbcharger-f6e7c600/power_supply/battery, POWER_SUPPLY_AGE=125, POWER_SUPPLY_VOLTAGE_MAX=4350, SUBSYSTEM=power_supply, POWER_SUPPLY_NUM_SYSTEM_TEMP_LEVELS=8, POWER_SUPPLY_INPUT_CURRENT_MAX=1000000, POWER_SUPPLY_VOLTAGE_MAX_DESIGN=4350000, POWER_SUPPLY_CHARGE_FULL=3834000, POWER_SUPPLY_NAME=battery, POWER_SUPPLY_FLASH_CURRENT_MAX=1831007, POWER_SUPPLY_HEALTH=Good, POWER_SUPPLY_CYCLE_COUNT=0, POWER_SUPPLY_TECHNOLOGY=Li-ion, POWER_SUPPLY_CHARGE_TYPE=N/A, POWER_SUPPLY_CONSTANT_CHARGE_CURRENT_MAX=2500000, POWER_SUPPLY_PRESENT=1, POWER_SUPPLY_TEMP_HOTSPOT=0, POWER_SUPPLY_INPUT_CURRENT_SETTLED=0, POWER_SUPPLY_SAFETY_TIMER_ENABLED=0, POWER_SUPPLY_FLASH_ACTIVE=0, POWER_SUPPLY_VOLTAGE_NOW=3731362, SEQNUM=3681, POWER_SUPPLY_CHARGE_FULL_DESIGN=3059000, POWER_SUPPLY_CURRENT_NOW=593410, POWER_SUPPLY_CHARGE_COUNTER=1196600, POWER_SUPPLY_SYSTEM_TEMP_LEVEL=1, POWER_SUPPLY_CHARGE_RATE=None, POWER_SUPPLY_CHARGING_ENABLED=1, POWER_SUPPLY_BATTERY_CHARGING_ENABLED=1}
02-06 14:22:05.134  9526  9526 I GoogleHttpClient: GMS http client unavailable, use old client
02-06 14:22:05.135  2058  8396 D BatteryService: Processing new values: chargerAcOnline=false, chargerUsbOnline=false, chargerWirelessOnline=false, maxChargingCurrent0, batteryStatus=3, batteryHealth=2, batteryPresent=true, batteryLevel=41, batteryTechnology=Li-ion, batteryVoltage=3731, batteryTemperature=395, mBatteryLevelCritical=false, mPlugType=0, mChargeRate=0, modLevel=-1, modStatus=-1, modFlag=0
02-06 14:22:05.135  2058  8396 D BatteryService: Sending ACTION_BATTERY_CHANGED.  level:41, scale:100, status:3, health:2, present:true, voltage: 3731, temperature: 395, technology: Li-ion, AC powered:false, USB powered:false, Wireless powered:false, icon:17303108, invalid charger:0, maxChargingCurrent:0, charge rate:0, MOD powered:false, mod level:-1, mod status:-1, mod flag:0
02-06 14:22:05.137  4266  4266 D KeyguardUpdateMonitor: received broadcast android.intent.action.BATTERY_CHANGED
02-06 14:22:05.141  4266  4266 D KeyguardUpdateMonitor: handleBatteryUpdate
02-06 14:22:05.147  2058  8398 I BroadcastQueue: Delay finish: com.google.android.syncadapters.contacts/.ContactsSyncAdapterBroadcastReceiver
02-06 14:22:05.159  9526  9540 I GoogleHttpClient: GMS http client unavailable, use old client
02-06 14:22:05.182  2058  4295 I BroadcastQueue: Resuming delayed broadcast
02-06 14:22:05.201  2058  5166 I ActivityManager: Start proc 9542:com.google.android.apps.photos/u0a106 for broadcast com.google.android.apps.photos/com.google.android.libraries.social.account.refresh.receiver.AccountsChangedReceiver
02-06 14:22:05.216  9181  9209 E Finsky  : [465] com.google.android.finsky.an.c.a(34): Unable to build selector: /storage/emulated/0/Download/marketenvs.csv: open failed: ENOENT (No such file or directory)
02-06 14:22:05.227  9181  9554 I Finsky  : [501] com.google.android.finsky.cv.a.a.a.a(11): Triggered update for experiment package com.google.android.finsky.stable.
02-06 14:22:05.227  9181  9555 I Finsky  : [502] com.google.android.finsky.cv.a.a.a.a(11): Triggered update for experiment package com.google.android.finsky.regular.
02-06 14:22:05.246  9542  9542 W System  : ClassLoader referenced unknown path: /system/app/Photos/lib/arm
02-06 14:22:05.310  9181  9554 I Finsky  : [501] com.google.android.finsky.cv.a.i.a(7): Started reading experiment flags from file [SKocQA9EQQFTb-1gQsc5WsjVhGA].
02-06 14:22:05.311  9181  9554 I Finsky  : [501] com.google.android.finsky.cv.a.i.a(44): Finished reading experiment flags from file [SKocQA9EQQFTb-1gQsc5WsjVhGA].
02-06 14:22:05.312  9181  9554 I Finsky  : [501] com.google.android.finsky.cv.a.a.a.a(35): Already at the latest configurations for experiment package com.google.android.finsky.stable.
02-06 14:22:05.315  9181  9555 I Finsky  : [502] com.google.android.finsky.cv.a.i.a(7): Started reading experiment flags from file [pFjKlR7god-MXiemEpmntZchItM].
02-06 14:22:05.316  9181  9555 I Finsky  : [502] com.google.android.finsky.cv.a.i.a(44): Finished reading experiment flags from file [pFjKlR7god-MXiemEpmntZchItM].
02-06 14:22:05.316  9181  9555 I Finsky  : [502] com.google.android.finsky.cv.a.a.a.a(35): Already at the latest configurations for experiment package com.google.android.finsky.regular.
02-06 14:22:05.482  9542  9542 W Primes  : Memory instrumentations are turned off.
02-06 14:22:05.489  9542  9542 W Primes  : Timer instrumentations are turned off.
02-06 14:22:05.500  9181  9181 I Finsky  : [1] com.google.android.finsky.wear.WearSupportService.onStartCommand(29): Starting WearSupportService for send_installed_apps
02-06 14:22:05.501  9542  9542 W Primes  : Network monitoring is turned off.
02-06 14:22:05.501  9542  9542 W Primes  : Package metrics are turned off by default
02-06 14:22:05.504  9181  9181 I Finsky  : [1] com.google.android.finsky.wear.am.a(78): Connecting to wearable; initiated by: com.google.android.finsky.wear.WearSupportService
02-06 14:22:05.534  2058  8396 I BroadcastQueue: Delay finish: com.google.android.apps.photos/com.google.android.libraries.social.account.refresh.receiver.AccountsChangedReceiver
02-06 14:22:05.568  5035  5035 I chatty  : uid=10028 com.google.android.gms.persistent expire 6 lines
02-06 14:22:05.576  9181  9209 I ShortcutBadger: Checking if platform supports badge counters, attempt 1/3.
02-06 14:22:05.589  9181  9209 I ShortcutBadger: Checking if platform supports badge counters, attempt 2/3.
02-06 14:22:05.593  9181  9209 I ShortcutBadger: Checking if platform supports badge counters, attempt 3/3.
02-06 14:22:05.595  9181  9209 W ShortcutBadger: Badge counter seems not supported in this platform: unable to resolve intent: Intent { act=android.intent.action.BADGE_COUNT_UPDATE (has extras) }
02-06 14:22:05.611  9181  9566 I Finsky  : [504] com.google.android.finsky.verifier.impl.aq.a(6): Restoring notifications
02-06 14:22:05.615  5035  5268 I chatty  : uid=10028(com.google.android.gms) Binder_3 expire 2 lines
02-06 14:22:05.622  9511  9511 I CalendarProvider2: Sending notification intent: Intent { act=android.intent.action.PROVIDER_CHANGED dat=content://com.android.calendar flg=0x20000000 }
02-06 14:22:05.623  9511  9511 W ContentResolver: Failed to get type for: content://com.android.calendar (Unknown URL content://com.android.calendar)
02-06 14:22:05.624  9181  9181 E Finsky  : [1] com.google.android.finsky.wear.ap.a(3): onConnectionFailed: ConnectionResult{statusCode=API_UNAVAILABLE, resolution=null, message=null}
02-06 14:22:05.624  9181  9181 W Finsky  : [1] com.google.android.finsky.wear.bu.run(12): Dropping command=send_installed_apps due to Gms not connected
02-06 14:22:05.625  9181  9181 I Finsky  : [1] com.google.android.finsky.wear.WearSupportService.b(75): Stopping WearSupportService
02-06 14:22:05.648  9181  9181 I Finsky  : [1] com.google.android.finsky.setup.az.a(213): Restore complete with 0 success and 0 failed.
02-06 14:22:05.649  2058  8397 I BroadcastQueue: Resuming delayed broadcast
02-06 14:22:05.665  2058  8397 I ActivityManager: Start proc 9574:com.google.android.videos/u0a110 for broadcast com.google.android.videos/.accounts.AccountsChangedService$AccountsChangedReceiver
02-06 14:22:05.666  9181  9181 I Finsky  : [1] com.google.android.finsky.verifier.impl.aq.c(55): Done restoring notifications
02-06 14:22:05.671  2058  5100 I ActivityManager: Killing 8977:com.microsoft.office.word/u0a122 (adj 15): empty #13
02-06 14:22:05.833  2058  2090 I ActivityManager: Waited long enough for: ServiceRecord{5670ccc u0 com.motorola.actions/.foc.FlashOnChopService}
02-06 14:22:05.838  2058  2090 I ActivityManager: Waited long enough for: ServiceRecord{65e29b8 u0 com.motorola.actions/.foc.FlashOnChopInitService}
02-06 14:22:05.863  2058  2090 I ActivityManager: Waited long enough for: ServiceRecord{31e0391 u0 com.motorola.actions/.qc.QuickCaptureInstrumentationService}
02-06 14:22:06.032   510   633 E ThermalEngine: vs_interrupt_wait: Time out after 10.000(sec)
02-06 14:22:06.032   510   632 E ThermalEngine: vs_interrupt_wait: Time out after 10.000(sec)
02-06 14:22:06.048  2058  5166 I ActivityManager: Start proc 9603:com.google.android.youtube/u0a112 for broadcast com.google.android.youtube/com.google.android.libraries.youtube.account.AccountsChangedReceiver
02-06 14:22:06.072  9605  9605 E NEW_BHD : Battery Power Supply logging Daemon start!!!!!
02-06 14:22:06.073  9605  9605 E NEW_BHD : Cannot run on production devices!
02-06 14:22:06.081  9574  9574 W System  : ClassLoader referenced unknown path: /system/framework/com.qualcomm.qti.GBAHttpAuthentication.jar
02-06 14:22:06.104  9603  9603 W System  : ClassLoader referenced unknown path: /system/app/YouTube/lib/arm
02-06 14:22:06.131   510   641 I ThermalEngine: cpu_frequency_pre_req: SS-BATTERY-MSM: device=battery frequency=8
02-06 14:22:06.138  2058  4131 D BatteryService: uevent={POWER_SUPPLY_TEMP=395, POWER_SUPPLY_STATUS=Discharging, POWER_SUPPLY_CAPACITY=41, ACTION=change, DEVPATH=/devices/soc.0/qpnp-smbcharger-f6e7c600/power_supply/battery, POWER_SUPPLY_AGE=125, POWER_SUPPLY_VOLTAGE_MAX=4350, SUBSYSTEM=power_supply, POWER_SUPPLY_NUM_SYSTEM_TEMP_LEVELS=8, POWER_SUPPLY_INPUT_CURRENT_MAX=1000000, POWER_SUPPLY_VOLTAGE_MAX_DESIGN=4350000, POWER_SUPPLY_CHARGE_FULL=3834000, POWER_SUPPLY_NAME=battery, POWER_SUPPLY_FLASH_CURRENT_MAX=1784243, POWER_SUPPLY_HEALTH=Good, POWER_SUPPLY_CYCLE_COUNT=0, POWER_SUPPLY_TECHNOLOGY=Li-ion, POWER_SUPPLY_CHARGE_TYPE=N/A, POWER_SUPPLY_CONSTANT_CHARGE_CURRENT_MAX=2500000, POWER_SUPPLY_PRESENT=1, POWER_SUPPLY_TEMP_HOTSPOT=0, POWER_SUPPLY_INPUT_CURRENT_SETTLED=0, POWER_SUPPLY_SAFETY_TIMER_ENABLED=0, POWER_SUPPLY_FLASH_ACTIVE=0, POWER_SUPPLY_VOLTAGE_NOW=3753335, SEQNUM=3682, POWER_SUPPLY_CHARGE_FULL_DESIGN=3059000, POWER_SUPPLY_CURRENT_NOW=418088, POWER_SUPPLY_CHARGE_COUNTER=1196429, POWER_SUPPLY_SYSTEM_TEMP_LEVEL=0, POWER_SUPPLY_CHARGE_RATE=None, POWER_SUPPLY_CHARGING_ENABLED=1, POWER_SUPPLY_BATTERY_CHARGING_ENABLED=1}
02-06 14:22:06.139  2058  5130 D BatteryService: Processing new values: chargerAcOnline=false, chargerUsbOnline=false, chargerWirelessOnline=false, maxChargingCurrent0, batteryStatus=3, batteryHealth=2, batteryPresent=true, batteryLevel=41, batteryTechnology=Li-ion, batteryVoltage=3753, batteryTemperature=395, mBatteryLevelCritical=false, mPlugType=0, mChargeRate=0, modLevel=-1, modStatus=-1, modFlag=0
02-06 14:22:06.139  2058  5130 D BatteryService: Sending ACTION_BATTERY_CHANGED.  level:41, scale:100, status:3, health:2, present:true, voltage: 3753, temperature: 395, technology: Li-ion, AC powered:false, USB powered:false, Wireless powered:false, icon:17303108, invalid charger:0, maxChargingCurrent:0, charge rate:0, MOD powered:false, mod level:-1, mod status:-1, mod flag:0
02-06 14:22:06.140  9574  9574 W PlayMovies: SyncCallback.getResponse:78 SyncCallback from main thread might cause ANR
02-06 14:22:06.140  9574  9574 W PlayMovies: 
02-06 14:22:06.140  4266  4266 D KeyguardUpdateMonitor: received broadcast android.intent.action.BATTERY_CHANGED
02-06 14:22:06.140  4266  4266 D KeyguardUpdateMonitor: handleBatteryUpdate
02-06 14:22:06.160  2058  5166 I ActivityManager: Killing 8999:com.microsoft.office.BootBroadCastReceiver/u0a122 (adj 15): empty #13
02-06 14:22:06.171   483   483 I SFPerfTracer:      triggers: (rate: 6:232) (compose: 0:4) (post: 0:0) (render: 0:4) (47:1853 frames) (48:2065)
02-06 14:22:06.172   483   483 D SFPerfTracer:        layers: (3:9) (FocusedStackFrame (0xb91aff30): 0:38)* (DimLayer (0xb91b2588): 0:22)* (StatusBar (0xb91ba350): 1:298) (com.android.systemui.ImageWallpaper (0xb91ca3e0): 0:26)* (NavigationBar (0xb91e6e40): 0:169) (DimLayer (0xb91c2200): 0:23)* (DimLayer (0xb91c4238): 0:6)* (com.android.settings/com.android.settings.SubSettings (0xb91e3530): 48:310) 
02-06 14:22:06.226  9574  9574 W PlayMovies: SyncCallback.getResponse:78 SyncCallback from main thread might cause ANR
02-06 14:22:06.226  9574  9574 W PlayMovies: 
02-06 14:22:06.252  4266  4655 I NetworkController.MotorolaMobileSignalController(3): MotorolaMobilePhoneStateListener.onDataActivity: Entered: direction=0
02-06 14:22:06.253  4266  4655 I NetworkController.MotorolaMobileSignalController(2): MotorolaMobilePhoneStateListener.onDataActivity: Entered: direction=0
02-06 14:22:06.268  9574  9622 D PlayMovies: PersistentCache.cleanup:94 Cache is below limit, no need to shrink: [size=0, limit=5242880]
02-06 14:22:06.268  9574  9622 D PlayMovies: 
02-06 14:22:06.293  9181  9191 I Finsky  : [460] com.google.android.finsky.dl.a.a(73): Will not allow first-party apps signed by test keys
02-06 14:22:06.294  9181  9191 I Finsky  : [460] com.google.android.finsky.contentfilterui.m.a(8): Received content filters request from com.google.android.videos
02-06 14:22:06.316  9574  9574 D PlayMovies: TransferService.onCreate:60 creating transfer service
02-06 14:22:06.316  9574  9574 D PlayMovies: 
02-06 14:22:06.321  9603  9621 W linker  : /data/app/com.google.android.gms-2/lib/arm/libconscrypt_gmscore_jni.so: unused DT entry: type 0xf arg 0x1dc
02-06 14:22:06.323  9574  9631 W VideoCapabilities: Unrecognized profile 2130706433 for video/avc
02-06 14:22:06.328  9603  9621 V NativeCrypto: Registering com/google/android/gms/org/conscrypt/NativeCrypto's 276 native methods...
02-06 14:22:06.338  9574  9631 W VideoCapabilities: Unrecognized profile/level 0/3 for video/mpeg2
02-06 14:22:06.349  9603  9621 I art     : Rejecting re-init on previously-failed class java.lang.Class<com.google.android.gms.org.conscrypt.DelegatingExtendedSSLSession>
02-06 14:22:06.350  9603  9621 I art     : Rejecting re-init on previously-failed class java.lang.Class<com.google.android.gms.org.conscrypt.DelegatingExtendedSSLSession>
02-06 14:22:06.351  9603  9621 I art     : Rejecting re-init on previously-failed class java.lang.Class<com.google.android.gms.org.conscrypt.DelegatingExtendedSSLSession>
02-06 14:22:06.373  9603  9621 I ProviderInstaller: Installed default security provider GmsCore_OpenSSL
02-06 14:22:06.379  9574  9631 I VideoCapabilities: Unsupported profile 4 for video/mp4v-es
02-06 14:22:06.421   498  2144 D WVCdm   : Instantiating CDM.
02-06 14:22:06.424   498   498 I WVCdm   : CdmEngine::QueryStatus
02-06 14:22:06.424   498   498 I WVCdm   : Level3 Library Jun 15 2015 14:09:24
02-06 14:22:06.434   498   498 W WVCdm   : Could not read /data/mediadrm/IDM1013/ay64.dat2: No such file or directory
02-06 14:22:06.438   498   498 D DrmWidevineDash: OEMCrypto_Initialize: starts! g_qsee_apps_version = 0x21
02-06 14:22:06.438   498   498 D DrmWidevineDash: Service_Initialize: starts!
02-06 14:22:06.438   498   498 D QSEECOMAPI: : QSEECom_get_handle sb_length = 0x19000
02-06 14:22:06.438   498   498 D QSEECOMAPI: : App is not loaded in QSEE
02-06 14:22:06.438   498   498 E QSEECOMAPI: : Error::Cannot open the file /vendor/firmware/widevine.mdt errno = 2
02-06 14:22:06.438   498   498 E QSEECOMAPI: : Error::Loading image failed with ret = -1
02-06 14:22:06.438   498   498 D QSEECOMAPI: : QSEECom_get_handle sb_length = 0x19000
02-06 14:22:06.438   498   498 D QSEECOMAPI: : App is not loaded in QSEE
02-06 14:22:06.439   498   498 E QSEECOMAPI: : Error::Cannot open the file /system/etc/firmware/widevine.mdt errno = 2
02-06 14:22:06.439   498   498 E QSEECOMAPI: : Error::Loading image failed with ret = -1
02-06 14:22:06.439   498   498 D QSEECOMAPI: : QSEECom_get_handle sb_length = 0x19000
02-06 14:22:06.439   498   498 D QSEECOMAPI: : App is not loaded in QSEE
02-06 14:22:06.440   498   498 D QSEECOMAPI: : app_arch = 1, total_files = 5
02-06 14:22:06.462   498   498 D QSEECOMAPI: : Loaded image: APP id = 4
02-06 14:22:06.464   498   498 D DrmWidevineDash: Service_Initialize: ends! returns 0
02-06 14:22:06.464   498   498 D DrmWidevineDash: Service_Initialize: function time: 25ms (0s 25756304ns)
02-06 14:22:06.468   498   498 D QSAPPSVER: qsapps_get_capabilities: Capability from secure side: 0x0
02-06 14:22:06.468   498   498 D QSAPPSVER: qsapps_get_capabilities: returns 0
02-06 14:22:06.468   498   498 D DrmWidevineDash: OEMCrypto_Initialize sion_buffer g_wv_fhandle->ion_sbuffer  0x0xb163c000
02-06 14:22:06.468   498   498 E DrmWidevineDash: sion_buffer g_wv_fhandle->ion_sbuffer  0x0xb163c000
02-06 14:22:06.474   544   564 D DrmLibTime: got the req here! ret=0
02-06 14:22:06.474   544   564 D DrmLibTime: command id, time_cmd_id = 770
02-06 14:22:06.474   544   564 D DrmLibTime: time_getutcsec starts!
02-06 14:22:06.474   544   564 D DrmLibTime: QSEE Time Listener: time_getutcsec
02-06 14:22:06.474   544   564 D DrmLibTime: QSEE Time Listener: get_utc_seconds
02-06 14:22:06.474   544   564 D DrmLibTime: QSEE Time Listener: time_get_modem_time
02-06 14:22:06.474   544   564 D DrmLibTime: QSEE Time Listener: Checking if ATS_MODEM is set or not.
02-06 14:22:06.474   544   564 D QC-time-services: Lib:time_genoff_operation: pargs->base = 13
02-06 14:22:06.475   544   564 D QC-time-services: Lib:time_genoff_operation: pargs->operation = 2
02-06 14:22:06.475   544   564 D QC-time-services: Lib:time_genoff_operation: pargs->ts_val = 0
02-06 14:22:06.475   544   564 D QC-time-services: Lib:time_genoff_operation: Send to server  passed!!
02-06 14:22:06.475   552   672 D QC-time-services: Daemon: Connection accepted:time_genoff
02-06 14:22:06.476   552  9655 D QC-time-services: Daemon:Received base = 13, unit = 1, operation = 2,value = 0
02-06 14:22:06.476   552  9655 D QC-time-services: Daemon:genoff_opr: Base = 13, val = 0, operation = 2
02-06 14:22:06.476   552  9655 D QC-time-services: offset is: 0 for base: 1
02-06 14:22:06.476   544   564 E QC-time-services: Receive Passed == base = 13, unit = 1, operation = 2, result = 0
02-06 14:22:06.476   544   564 D DrmLibTime: QSEE Time Listener: ATS_MODEM is set. Try to retrieve it.
02-06 14:22:06.477   552   672 E QC-time-services: Daemon: Time-services: Waiting to acceptconnection
02-06 14:22:06.477   552   672 D QC-time-services: Daemon: Connection accepted:time_genoff
02-06 14:22:06.477   552  9656 D QC-time-services: Daemon:Received base = 13, unit = 1, operation = 1,value = 0
02-06 14:22:06.477   552  9656 D QC-time-services: Daemon:genoff_opr: Base = 13, val = 0, operation = 1
02-06 14:22:06.477   552  9656 D QC-time-services: Daemon: genoff get for 13
02-06 14:22:06.477   552  9656 D QC-time-services: Daemon:Value read from QTimer mseconds = 90357
02-06 14:22:06.477   552  9656 D QC-time-services: Daemon:Value read from RTC mseconds on boot = 14812235000
02-06 14:22:06.477   552  9656 D QC-time-services: Daemon:Value read from QTimer mseconds = 90357
02-06 14:22:06.477   552  9656 D QC-time-services: Daemon:Value read from generic offset = 1503129040118
02-06 14:22:06.477   552  9656 D QC-time-services: Daemon:Delta read on boot mseconds = 14812225030
02-06 14:22:06.477   552  9656 D QC-time-services: Daemon:Final Time = 1517941355505
02-06 14:22:06.477   544   564 D DrmLibTime: QSEE Time Listener: Time GenOff - seconds: 1517941355
02-06 14:22:06.477   544   564 D DrmLibTime: time_getutcsec returns 0, sec = 1517941355; nsec = 0
02-06 14:22:06.477   544   564 D DrmLibTime: time_getutcsec finished! 
02-06 14:22:06.478   544   564 D DrmLibTime: iotcl_continue_command finished! and return 0 
02-06 14:22:06.478   544   564 D DrmLibTime: before calling ioctl to read the next time_cmd
02-06 14:22:06.478   552   672 E QC-time-services: Daemon: Time-services: Waiting to acceptconnection
02-06 14:22:06.485   498   498 D DrmWidevineDash: OEMCrypto_ION_Malloc: function time: 6ms (0s 6699479ns)
02-06 14:22:06.485   498   498 D DrmWidevineDash: OEMCrypto_Initialize: ends! returns 0
02-06 14:22:06.485   498   498 D DrmWidevineDash: _oecc01: function time: 47ms (0s 47027609ns)
02-06 14:22:06.485   498   498 D DrmWidevineDash: OEMCrypto_APIVersion: starts!
02-06 14:22:06.485   498   498 D DrmWidevineDash: hlos api version =  10
02-06 14:22:06.486   498   498 D DrmWidevineDash: tz api version =  10
02-06 14:22:06.486   498   498 D DrmWidevineDash: OEMCrypto_APIVersion: ends! returns version 10
02-06 14:22:06.486   498   498 D DrmWidevineDash: _oecc22: function time: 0ms (0s 515677ns)
02-06 14:22:06.486   498   498 D DrmWidevineDash: OEMCrypto_IsKeyboxValid: starts!
02-06 14:22:06.505   498   498 D DrmWidevineDash: OEMCrypto_IsKeyboxValid: ends! returns 0
02-06 14:22:06.505   498   498 D DrmWidevineDash: _oecc05: function time: 19ms (0s 19394689ns)
02-06 14:22:06.505   498   498 D WVCdm   : OEMCrypto_Initialize Level 1 success. I will use level 1.
02-06 14:22:06.505   498   498 D DrmWidevineDash: OEMCrypto_GetDeviceID: starts! deviceID=0xb7ee82f0, idLength=0xbe85f19c
02-06 14:22:06.516   498   498 D DrmWidevineDash: OEMCrypto_GetDeviceID: ends! returns 0
02-06 14:22:06.516   498   498 D DrmWidevineDash: _oecc07: function time: 10ms (0s 10759949ns)
02-06 14:22:06.516   498   498 D DrmWidevineDash: OEMCrypto_GetKeyData: starts! keyData=0xbe85f15c, keyDataLength=0xbe85f154 , *keydatalength=72
02-06 14:22:06.516   498   498 D DrmWidevineDash: OEMCrypto_GetKeyData shivangi: starts! keyData=0xbe85f15c, size of keyData=4 , *keydatalength=72
02-06 14:22:06.529   498   498 D DrmWidevineDash: OEMCrypto_GetKeyData: ends! returns 0
02-06 14:22:06.529  9603  9653 W System  : ClassLoader referenced unknown path: /data/data/com.google.android.gms/app_chimera/m/00000008/n/armeabi-v7a
02-06 14:22:06.529   498   498 D DrmWidevineDash: _oecc04: function time: 12ms (0s 12732449ns)
02-06 14:22:06.529   498   498 D DrmWidevineDash: OEMCrypto_GetKeyData: starts! keyData=0xbe85f15c, keyDataLength=0xbe85f154 , *keydatalength=72
02-06 14:22:06.529   498   498 D DrmWidevineDash: OEMCrypto_GetKeyData shivangi: starts! keyData=0xbe85f15c, size of keyData=4 , *keydatalength=72
02-06 14:22:06.529  9603  9653 W System  : ClassLoader referenced unknown path: /data/data/com.google.android.gms/app_chimera/m/00000008/n/armeabi
02-06 14:22:06.533   729   729 I MSM-irqbalance: Decided to move IRQ239 from CPU7 to CPU5
02-06 14:22:06.535  9603  9653 D DynamitePackage: Instantiated singleton DynamitePackage.
02-06 14:22:06.535  9603  9653 D DynamitePackage: Instantiating com.google.android.gms.ads.adshield.ChimeraAdShieldCreatorImpl
02-06 14:22:06.541   498   498 D DrmWidevineDash: OEMCrypto_GetKeyData: ends! returns 0
02-06 14:22:06.541   498   498 D DrmWidevineDash: _oecc04: function time: 12ms (0s 12104845ns)
02-06 14:22:06.541   498   498 D DrmWidevineDash: OEMCrypto_GetHDCPCapability starts!
02-06 14:22:06.542   498   498 D DrmWidevineDash: OEMCrypto_GetHDCPCapability current=255, max=4
02-06 14:22:06.542   498   498 D DrmWidevineDash: OEMCrypto_GetHDCPCapability ends! ret = 0
02-06 14:22:06.542   498   498 D DrmWidevineDash: _oecc44: function time: 0ms (0s 524167ns)
02-06 14:22:06.542   498   498 D DrmWidevineDash: OEMCrypto_SupportsUsageTable: starts!
02-06 14:22:06.542   498   498 D DrmWidevineDash: OEMCrypto_SupportsUsageTable: is_supported = 1
02-06 14:22:06.543   498   498 D DrmWidevineDash: OEMCrypto_SupportsUsageTable: wv_app_version =0x22
02-06 14:22:06.543   498   498 D DrmWidevineDash: OEMCrypto_SupportsUsageTable: ends! returns 0
02-06 14:22:06.543   498   498 D DrmWidevineDash: _oecc29: function time: 0ms (0s 594479ns)
02-06 14:22:06.543   498   498 D DrmWidevineDash: OEMCrypto_GetNumberOfOpenSessions: starts!
02-06 14:22:06.543   498   498 D DrmWidevineDash: OEMCrypto_GetNumberOfOpenSessions: ends! cnt=0 ret=0
02-06 14:22:06.543   498   498 D DrmWidevineDash: _oecc38: function time: 0ms (0s 654375ns)
02-06 14:22:06.543   498   498 D DrmWidevineDash: OEMCrypto_GetMaxNumberOfSessions: starts!
02-06 14:22:06.544   498   498 D DrmWidevineDash: OEMCrypto_GetMaxNumberOfSessions: ends! max=50, ret=0
02-06 14:22:06.544   498   498 D DrmWidevineDash: _oecc37: function time: 0ms (0s 861146ns)
02-06 14:22:06.544   498   498 D DrmWidevineDash: OEMCrypto_Terminate: starts!
02-06 14:22:06.545   498   498 D DrmWidevineDash: Service_Uninitialize: starts!
02-06 14:22:06.545   498   498 D QSEECOMAPI: : QSEECom_dealloc_memory 
02-06 14:22:06.545   498   498 D QSEECOMAPI: : QSEECom_shutdown_app, app_id = 4
02-06 14:22:06.545   498   498 D DrmWidevineDash: Service_Uninitialize: ends! returns 0x0
02-06 14:22:06.545   498   498 D DrmWidevineDash: Service_Uninitialize: function time: 0ms (0s 441146ns)
02-06 14:22:06.545   498   498 D DrmWidevineDash: OEMCrypto_ION_Free: function time: 0ms (0s 192448ns)
02-06 14:22:06.545   498   498 D DrmWidevineDash: OEMCrypto_Terminate: ends! returns 0
02-06 14:22:06.545   498   498 D DrmWidevineDash: _oecc02: function time: 1ms (0s 1035990ns)
02-06 14:22:06.578  2058  5130 I ActivityManager: Killing 9021:com.google.android.instantapps.supervisor/u0a120 (adj 15): empty #13
02-06 14:22:06.619  2058  7188 I ActivityManager: START u0 {act=android.intent.action.MAIN cmp=com.android.settings/.SubSettings (has extras)} from uid 1000 on display 0
02-06 14:22:06.619   510   636 I ThermalEngine: Thermal-Server: Thermal received msg from  override
02-06 14:22:06.619   510   636 E ThermalEngine: override_notify: SS mode 1 override
02-06 14:22:06.620  5931  9671 I Thermal-Lib: Thermal-Lib-Client: Client request sent
02-06 14:22:06.666  7963  7963 D SubSettings: Launching fragment com.android.settings.applications.ManageApplications
02-06 14:22:06.691  9603  9613 W art     : Suspending all threads took: 6.472ms
02-06 14:22:06.707   534   534 I ServiceManager: Waiting for service AtCmdFwd...
02-06 14:22:06.765  7963  8035 E BlacklistContract: Exception getting package info! e=[com.amazon.phoenix]
02-06 14:22:06.765  7963  8035 E BlacklistContract: Exception getting package info! e=[com.amazon.phoenix]
02-06 14:22:06.765  7963  8035 E BlacklistContract: Exception getting package info! e=[com.amazon.phoenix]
02-06 14:22:06.786  7963  8035 W ApplicationsState: Cannot find pkg: com.motorola.brapps on user 0
02-06 14:22:06.786  7963  8035 W ApplicationsState: Cannot find pkg: com.motorola.brapps on user 0
02-06 14:22:06.786  7963  8035 W ApplicationsState: Cannot find pkg: com.motorola.brapps on user 0
02-06 14:22:06.786  7963  8035 W ApplicationsState: Cannot find pkg: com.motorola.brapps on user 0
02-06 14:22:06.786  7963  8035 W ApplicationsState: Cannot find pkg: com.motorola.brapps on user 0
02-06 14:22:06.786  7963  8035 W ApplicationsState: Cannot find pkg: com.motorola.brapps on user 0
02-06 14:22:06.786  7963  8035 W ApplicationsState: Cannot find pkg: com.motorola.brapps on user 0
02-06 14:22:06.786  7963  8035 W ApplicationsState: Cannot find pkg: cci.usage on user 0
02-06 14:22:06.786  7963  8035 W ApplicationsState: Cannot find pkg: com.lenovo.FileBrowser2 on user 0
02-06 14:22:06.786  7963  8035 W ApplicationsState: Cannot find pkg: com.motorola.ptt.prip.br on user 0
02-06 14:22:06.786  7963  8035 W ApplicationsState: Cannot find pkg: com.motorola.ptt.prip on user 0
02-06 14:22:06.786  7963  8035 W ApplicationsState: Cannot find pkg: com.motorola.easyprefix on user 0
02-06 14:22:06.788  7963  8035 E BlacklistContract: Exception getting package info! e=[com.amazon.phoenix]
02-06 14:22:06.789  7963  8035 E BlacklistContract: Exception getting package info! e=[com.amazon.phoenix]
02-06 14:22:06.789  7963  8035 E BlacklistContract: Exception getting package info! e=[com.amazon.phoenix]
02-06 14:22:06.825  2058  4134 V AlarmManager: sending alarm {23fb55a type 0 *walarm*:com.cmplay.tiles2/com.cmplay.tile2.ui.ReportService}
02-06 14:22:06.833  2058  2058 V AlarmManager: done {23fb55a, *walarm*:com.cmplay.tiles2/com.cmplay.tile2.ui.ReportService} [8ms]
02-06 14:22:06.862  4589  4708 I chatty  : uid=10124(com.cmplay.tiles2) j expire 1 line
02-06 14:22:06.879  7963  8035 E BlacklistContract: Exception getting package info! e=[com.amazon.phoenix]
02-06 14:22:06.879  7963  8035 E BlacklistContract: Exception getting package info! e=[com.amazon.phoenix]
02-06 14:22:06.880  7963  8035 E BlacklistContract: Exception getting package info! e=[com.amazon.phoenix]
02-06 14:22:06.886  2058  2067 I art     : Background partial concurrent mark sweep GC freed 20148(1494KB) AllocSpace objects, 0(0B) LOS objects, 33% free, 29MB/44MB, paused 2.166ms total 106.647ms
02-06 14:22:06.917  2058  2101 I LaunchCheckinHandler: Displayed com.android.settings/.SubSettings,wp,ca,280
02-06 14:22:06.917  2058  2101 I ActivityManager: Displayed com.android.settings/.SubSettings: +281ms
02-06 14:22:06.920  5018  5018 I Keyboard.Facilitator: onFinishInput()
02-06 14:22:06.923  9603  9603 W InstanceID/Rpc: Found 10028
02-06 14:22:06.930  7963  8035 E BlacklistContract: Exception getting package info! e=[com.amazon.phoenix]
02-06 14:22:06.930  7963  8035 E BlacklistContract: Exception getting package info! e=[com.amazon.phoenix]
02-06 14:22:06.931  7963  8035 E BlacklistContract: Exception getting package info! e=[com.amazon.phoenix]
02-06 14:22:06.999  2058  7188 W BroadcastQueue: Permission Denial: broadcasting Intent { act=android.accounts.LOGIN_ACCOUNTS_CHANGED flg=0x4000010 } from android (pid=0, uid=10049) is not exported from uid 10028 due to receiver com.google.android.gms/.auth.account.be.accountstate.LoginAccountsChangedWakefulBroadcastReceiver
02-06 14:22:07.002  9603  9603 V ConnectivityManager: isActiveNetworkMetered() returns:true
02-06 14:22:07.014  7963  7985 D OpenGLRenderer: endAllActiveAnimators on 0xb8a704f0 (ListView) with handle 0xb8e8f5a8
02-06 14:22:07.047  4748  4748 I chatty  : uid=10028(com.google.android.gms) expire 10 lines
02-06 14:22:07.086  4748  9719 I chatty  : uid=10028(com.google.android.gms) expire 2 lines
02-06 14:22:07.092  2058  8397 I ActivityManager: Start proc 9720:com.android.chrome/u0a71 for broadcast com.android.chrome/org.chromium.chrome.browser.services.AccountsChangedReceiver
02-06 14:22:07.142  2058  4131 D BatteryService: uevent={POWER_SUPPLY_TEMP=395, POWER_SUPPLY_STATUS=Discharging, POWER_SUPPLY_CAPACITY=41, ACTION=change, DEVPATH=/devices/soc.0/qpnp-smbcharger-f6e7c600/power_supply/battery, POWER_SUPPLY_AGE=125, POWER_SUPPLY_VOLTAGE_MAX=4350, SUBSYSTEM=power_supply, POWER_SUPPLY_NUM_SYSTEM_TEMP_LEVELS=8, POWER_SUPPLY_INPUT_CURRENT_MAX=1000000, POWER_SUPPLY_VOLTAGE_MAX_DESIGN=4350000, POWER_SUPPLY_CHARGE_FULL=3834000, POWER_SUPPLY_NAME=battery, POWER_SUPPLY_FLASH_CURRENT_MAX=1513427, POWER_SUPPLY_HEALTH=Good, POWER_SUPPLY_CYCLE_COUNT=0, POWER_SUPPLY_TECHNOLOGY=Li-ion, POWER_SUPPLY_CHARGE_TYPE=N/A, POWER_SUPPLY_CONSTANT_CHARGE_CURRENT_MAX=2500000, POWER_SUPPLY_PRESENT=1, POWER_SUPPLY_TEMP_HOTSPOT=0, POWER_SUPPLY_INPUT_CURRENT_SETTLED=0, POWER_SUPPLY_SAFETY_TIMER_ENABLED=0, POWER_SUPPLY_FLASH_ACTIVE=0, POWER_SUPPLY_VOLTAGE_NOW=3753335, SEQNUM=3683, POWER_SUPPLY_CHARGE_FULL_DESIGN=3059000, POWER_SUPPLY_CURRENT_NOW=418088, POWER_SUPPLY_CHARGE_COUNTER=1196429, POWER_SUPPLY_SYSTEM_TEMP_LEVEL=1, POWER_SUPPLY_CHARGE_RATE=None, POWER_SUPPLY_CHARGING_ENABLED=1, POWER_SUPPLY_BATTERY_CHARGING_ENABLED=1}
02-06 14:22:07.143  2058  6581 D BatteryService: Processing new values: chargerAcOnline=false, chargerUsbOnline=false, chargerWirelessOnline=false, maxChargingCurrent0, batteryStatus=3, batteryHealth=2, batteryPresent=true, batteryLevel=41, batteryTechnology=Li-ion, batteryVoltage=3753, batteryTemperature=395, mBatteryLevelCritical=false, mPlugType=0, mChargeRate=0, modLevel=-1, modStatus=-1, modFlag=0
02-06 14:22:07.183   483   483 I SFPerfTracer:      triggers: (rate: 6:232) (compose: 0:5) (post: 0:0) (render: 0:5) (13:1884 frames) (14:2103)
02-06 14:22:07.183   483   483 D SFPerfTracer:        layers: (5:10) (FocusedStackFrame (0xb91aff30): 1:41)* (DimLayer (0xb91b2588): 0:22)* (StatusBar (0xb91ba350): 0:300) (com.android.systemui.ImageWallpaper (0xb91ca3e0): 0:26)* (NavigationBar (0xb91e6e40): 0:169) (DimLayer (0xb91c2200): 0:23)* (DimLayer (0xb91c4238): 1:7) (com.android.settings/com.android.settings.SubSettings (0xb91e3530): 14:346) (com.android.settings/com.android.settings.SubSettings (0xb91d6590): 14:22) 
02-06 14:22:07.213  2058  2089 I ActivityManager: Start proc 9745:com.google.android.apps.docs/u0a78 for service com.google.android.apps.docs/.sync.syncadapter.DocsSyncAdapterService
02-06 14:22:07.222  4748  9760 E ActivityThread: Failed to find provider info for com.android.contacts.metadata
02-06 14:22:07.229  2058  2089 D SyncManager: not retrying sync operation because the error is a hard error: gjavila1995@gmail.com u0 (com.google), com.android.contacts.metadata, POLL, currentRunTime 148180, reason: AccountsUpdated
02-06 14:22:07.246  9526  9761 I [@@    ] SyncAdapterProxy: Delagator disabled, using the (deprecated) GData sync adapter
02-06 14:22:07.256  4266  4655 I NetworkController.MotorolaMobileSignalController(3): MotorolaMobilePhoneStateListener.onDataActivity: Entered: direction=2
02-06 14:22:07.257  4266  4655 I NetworkController.MotorolaMobileSignalController(2): MotorolaMobilePhoneStateListener.onDataActivity: Entered: direction=2
02-06 14:22:07.278  2058  5130 I ActivityManager: Killing 9053:com.motorola.retailconfig/u0a8 (adj 15): empty #13
02-06 14:22:07.290  5035  5045 I chatty  : uid=10028(com.google.android.gms) Binder_1 expire 1 line
02-06 14:22:07.346  2058  8397 I ActivityManager: Start proc 9770:com.google.android.talk/u0a89 for broadcast com.google.android.talk/com.google.android.apps.hangouts.service.broadcastreceiver.AccountRefreshReceiver
02-06 14:22:07.384  9181  9181 I Finsky  : [1] com.google.android.finsky.scheduler.JobSchedulerEngine.a(37): Scheduling job with id: 9000
02-06 14:22:07.501  2058  8398 I ActivityManager: Killing 9067:com.motorola.coresettingsext/u0a18 (adj 15): empty #13
02-06 14:22:07.552  2058  2089 I ActivityManager: Start proc 9797:com.google.android.apps.docs.editors.slides/u0a125 for service com.google.android.apps.docs.editors.slides/com.google.android.apps.docs.sync.syncadapter.DocsSyncAdapterService
02-06 14:22:07.571  9745  9807 I GAv4    : Google Analytics 11.0.11 is starting up. To enable debug logging on a device run:
02-06 14:22:07.571  9745  9807 I GAv4    :   adb shell setprop log.tag.GAv4 DEBUG
02-06 14:22:07.571  9745  9807 I GAv4    :   adb logcat -s GAv4
02-06 14:22:07.604  9745  9745 W FieldDefinition: Ignoring isIndexed constraint as field also has uniqueness constraint (on just this field, and therefore SQLite will have to create an index on that. For field: com.google.android.apps.docs.database.common.FieldDefinition$a@22570d8
02-06 14:22:07.605  9745  9817 W GAv4    : AnalyticsReceiver is not registered or is disabled. Register the receiver for reliable dispatching on non-Google Play devices. See http://goo.gl/8Rd3yj for instructions.
02-06 14:22:07.613  9745  9817 W GAv4    : CampaignTrackingReceiver is not registered, not exported or is disabled. Installation campaign tracking is not possible. See http://goo.gl/8Rd3yj for instructions.
02-06 14:22:07.614  9745  9807 W CoreComponentFactoryImpl: RetainedComponent will not be retained if  dxl does not inherit FragmentActivity and fulfill kci contract.
02-06 14:22:07.618  9745  9817 W GAv4    : AnalyticsService not registered in the app manifest. Hits might not be delivered reliably. See http://goo.gl/8Rd3yj for instructions.
02-06 14:22:07.674  9770  9770 I Babel_telephony: TeleModule.onApplicationCreate
02-06 14:22:07.678  9770  9832 I Babel_SMS: MmsConfig: mnc/mcc: 734/6
02-06 14:22:07.679  9770  9832 I Babel_SMS: MmsConfig.loadMmsSettings
02-06 14:22:07.688  9770  9770 I Babel_App: Startup - clean
02-06 14:22:07.707   534   534 I ServiceManager: Waiting for service AtCmdFwd...
02-06 14:22:07.708  9770  9832 I Babel_SMS: MmsConfig.loadDeviceMmsSettings from API: userAgent=motog4, uaProfUrl=http://uaprof.motorola.com/phoneconfig/motog4/Profile/motog4.rdf
02-06 14:22:07.708  9770  9832 I Babel_SMS: MmsConfig.loadFromDatabase
02-06 14:22:07.752  9770  9832 E SQLiteLog: (1) no such table: mmsconfig
02-06 14:22:07.753  9770  9832 I Babel_SMS: MmsConfig: no mmsconfig table android.database.sqlite.SQLiteException: no such table: mmsconfig (code 1): , while compiling: SELECT key, value, type FROM mmsconfig WHERE numeric=?
02-06 14:22:07.753  9770  9832 I Babel_SMS: MmsConfig.loadFromResources
02-06 14:22:07.754  9770  9832 E Babel_SMS: canonicalizeMccMnc: invalid mccmnc nullnull
02-06 14:22:07.754  9770  9832 I Babel_SMS: MmsConfig.loadMmsSettings: userAgent=motog4, uaProfUrl=http://uaprof.motorola.com/phoneconfig/motog4/Profile/motog4.rdf
02-06 14:22:07.758  9770  9770 D Babel_SmsDep: disabled
02-06 14:22:07.766  9770  9770 D Babel_SmsDepStand: count:3
02-06 14:22:07.771  9770  9770 D Babel_SmsDep: disabled
02-06 14:22:07.799  9770  9770 I Babel_ConcService: Binding ConcurrentService
02-06 14:22:07.816  9770  9850 D Babel_SmsDep: disabled
02-06 14:22:07.855  9770  9850 I Babel   : Invalid account: 0 isEmptyName: true nameEqualsGaiaId: false
02-06 14:22:07.860  9770  9848 I Babel_ConcService: Scheduling delay with GcmNetworkManager of 265677 s for task geyaccount_reg_renewal_41990_4 and tag network_connectivity_wakeup:persisted
02-06 14:22:07.862  9770  9858 I Babel   : Deleting: false for 0
02-06 14:22:07.871  2058  6906 I ActivityManager: Start proc 9866:com.google.android.gm/u0a82 for broadcast com.google.android.gm/.AccountsChangedReceiver
02-06 14:22:07.874  2058  6906 I ActivityManager: Killing 9081:com.motorola.hide/u0a45 (adj 15): empty #13
02-06 14:22:07.932   483   742 I SFPerfTracer:      triggers: (rate: 0:0) (0 sw vsyncs) (0 skipped) (2:2269 vsyncs) (4:2552)
02-06 14:22:07.962  9770  9848 I Babel_ConcService: Scheduling delay with GcmNetworkManager of 3581 s for task ghqDB_CLEANUP_68836_3 and tag :persisted
02-06 14:22:07.965  9770  9863 I Babel_ConcService: Acquired partial wake lock to keep ConcurrentService alive
02-06 14:22:07.969  9770  9863 I Babel_ConcService: Released partial wake lock as ConcurrentService became idle
02-06 14:22:07.971  2058  4134 V AlarmManager: sending alarm {287fd65 type 2 *walarm*:run_background_task111}
02-06 14:22:07.978  9770  9861 I Babel_ConcService: Acquired partial wake lock to keep ConcurrentService alive
02-06 14:22:07.981  9770  9861 I Babel_ConcService: Released partial wake lock as ConcurrentService became idle
02-06 14:22:07.983  9866  9866 W System  : ClassLoader referenced unknown path: /data/app/com.google.android.gm-1/lib/arm
02-06 14:22:07.985  9770  9883 I Babel_ConcService: Acquired partial wake lock to keep ConcurrentService alive
02-06 14:22:07.987  9770  9883 I Babel_ConcService: Released partial wake lock as ConcurrentService became idle
02-06 14:22:07.990  9770  9862 I Babel_ConcService: Acquired partial wake lock to keep ConcurrentService alive
02-06 14:22:07.995  9770  9862 I Babel_ConcService: Released partial wake lock as ConcurrentService became idle
02-06 14:22:07.998  9770  9860 I Babel_ConcService: Acquired partial wake lock to keep ConcurrentService alive
02-06 14:22:08.001  9770  9860 I Babel_ConcService: Released partial wake lock as ConcurrentService became idle
02-06 14:22:08.007  9770  9859 I Babel_ConcService: Acquired partial wake lock to keep ConcurrentService alive
02-06 14:22:08.032  9770  9890 D Babel_SmsDep: disabled
02-06 14:22:08.032  9770  9889 D Babel_AcctMgr: created account gjavila1995@gmail.com => Redacted-21-chars
02-06 14:22:08.042  2058  6581 I ActivityManager: Killing 9102:com.android.sdm.plugins.sprintdm/1001 (adj 15): empty #13
02-06 14:22:08.043  9770  9889 D Babel_SmsDep: disabled
02-06 14:22:08.047  9770  9859 D Babel_SmsDepStand: count:3
02-06 14:22:08.047  9770  9859 D Babel_SmsDepNotif: not sms
02-06 14:22:08.048  9770  9859 D Babel_SmsDepUtil: imp:-1:3686
02-06 14:22:08.074  9770  9890 D Babel_SmsDep: disabled
02-06 14:22:08.081  9866  9866 W EasBundling: in EasBundling.init, isBundlingEnabled=true
02-06 14:22:08.093  9770  9859 D Babel_Notif_Persistent: PersistentMessageNotifier.cancelOngoingNotification
02-06 14:22:08.094  9770  9859 D Babel_Notif_SMS: cancelOngoingNotification
02-06 14:22:08.099  9770  9859 I Babel_ConcService: Released partial wake lock as ConcurrentService became idle
02-06 14:22:08.104   499   499 W installd: Failed to open /data/data/android: No such file or directory
02-06 14:22:08.137  4266  4655 I NetworkController.MotorolaMobileSignalController(3): MotorolaMobilePhoneStateListener.onSignalStrengthsChanged: Entered: signalStrength=SignalStrength: 99 0 -120 -160 -120 -1 -1 15 -109 -9 112 2147483647 2147483647 gsm|lte level=2
02-06 14:22:08.137   510   641 I ThermalEngine: cpu_frequency_pre_req: SS-BATTERY-MSM: device=battery frequency=8
02-06 14:22:08.147  2058  4131 D BatteryService: uevent={POWER_SUPPLY_TEMP=395, POWER_SUPPLY_STATUS=Discharging, POWER_SUPPLY_CAPACITY=41, ACTION=change, DEVPATH=/devices/soc.0/qpnp-smbcharger-f6e7c600/power_supply/battery, POWER_SUPPLY_AGE=125, POWER_SUPPLY_VOLTAGE_MAX=4350, SUBSYSTEM=power_supply, POWER_SUPPLY_NUM_SYSTEM_TEMP_LEVELS=8, POWER_SUPPLY_INPUT_CURRENT_MAX=1000000, POWER_SUPPLY_VOLTAGE_MAX_DESIGN=4350000, POWER_SUPPLY_CHARGE_FULL=3834000, POWER_SUPPLY_NAME=battery, POWER_SUPPLY_FLASH_CURRENT_MAX=1697375, POWER_SUPPLY_HEALTH=Good, POWER_SUPPLY_CYCLE_COUNT=0, POWER_SUPPLY_TECHNOLOGY=Li-ion, POWER_SUPPLY_CHARGE_TYPE=N/A, POWER_SUPPLY_CONSTANT_CHARGE_CURRENT_MAX=2500000, POWER_SUPPLY_PRESENT=1, POWER_SUPPLY_TEMP_HOTSPOT=0, POWER_SUPPLY_INPUT_CURRENT_SETTLED=0, POWER_SUPPLY_SAFETY_TIMER_ENABLED=0, POWER_SUPPLY_FLASH_ACTIVE=0, POWER_SUPPLY_VOLTAGE_NOW=3645456, SEQNUM=3684, POWER_SUPPLY_CHARGE_FULL_DESIGN=3059000, POWER_SUPPLY_CURRENT_NOW=1315757, POWER_SUPPLY_CHARGE_COUNTER=1195891, POWER_SUPPLY_SYSTEM_TEMP_LEVEL=0, POWER_SUPPLY_CHARGE_RATE=None, POWER_SUPPLY_CHARGING_ENABLED=1, POWER_SUPPLY_BATTERY_CHARGING_ENABLED=1}
02-06 14:22:08.147  2058  5130 D BatteryService: Processing new values: chargerAcOnline=false, chargerUsbOnline=false, chargerWirelessOnline=false, maxChargingCurrent0, batteryStatus=3, batteryHealth=2, batteryPresent=true, batteryLevel=41, batteryTechnology=Li-ion, batteryVoltage=3645, batteryTemperature=395, mBatteryLevelCritical=false, mPlugType=0, mChargeRate=0, modLevel=-1, modStatus=-1, modFlag=0
02-06 14:22:08.147  2058  5130 D BatteryService: Sending ACTION_BATTERY_CHANGED.  level:41, scale:100, status:3, health:2, present:true, voltage: 3645, temperature: 395, technology: Li-ion, AC powered:false, USB powered:false, Wireless powered:false, icon:17303108, invalid charger:0, maxChargingCurrent:0, charge rate:0, MOD powered:false, mod level:-1, mod status:-1, mod flag:0
02-06 14:22:08.157  4266  4266 D KeyguardUpdateMonitor: received broadcast android.intent.action.BATTERY_CHANGED
02-06 14:22:08.160  2058  4279 I ActivityManager: Killing 9136:com.verizon.omadm/u0a75 (adj 15): empty #13
02-06 14:22:08.167  4266  4266 D KeyguardUpdateMonitor: handleBatteryUpdate
02-06 14:22:08.215  9866  9908 D ActivityThread: Loading provider com.google.android.gmail.provider;com.android.mail.notifier;com.google.android.gm.email.provider;com.google.android.gm.tasks.provider;com.google.android.gm.email.notifier: com.android.email.provider.EmailProvider
02-06 14:22:08.260  4266  4655 I NetworkController.MotorolaMobileSignalController(2): MotorolaMobilePhoneStateListener.onDataActivity: Entered: direction=3
02-06 14:22:08.260  4266  4655 I NetworkController.MotorolaMobileSignalController(3): MotorolaMobilePhoneStateListener.onDataActivity: Entered: direction=3
02-06 14:22:08.262  2058  4134 V AlarmManager: sending alarm {cc08778 type 2 *walarm*:com.whatsapp.messaging.m.CLIENT_PINGER_ACTION}
02-06 14:22:08.262  2058  4134 V AlarmManager: sending alarm {6106e51 type 0 *walarm*:com.android.vending/com.google.android.finsky.hygiene.DailyHygiene$DailyHygieneService}
02-06 14:22:08.269  2058  2058 V AlarmManager: done {6106e51, *walarm*:com.android.vending/com.google.android.finsky.hygiene.DailyHygiene$DailyHygieneService} [7ms]
02-06 14:22:08.276  9181  9181 I Finsky  : [1] com.google.android.finsky.hygiene.DailyHygiene$DailyHygieneService.onStartCommand(50): Beginning daily hygiene, foreground = false, reason = 6
02-06 14:22:08.293  9181  9181 I Finsky  : [1] com.google.android.finsky.hygiene.o.a(61): Probe [uY2E8ht_6wM_Zw-DG9vcSsyMSwA] for hygiene pass
02-06 14:22:08.301  9181  9181 V ConnectivityManager: isActiveNetworkMetered() returns:true
02-06 14:22:08.341  2058  4743 W ActivityManager: Unable to start service Intent { cmp=com.google.android.gm/com.android.email.service.AttachmentService } U=0: not found
02-06 14:22:08.349  9866  9866 W GAV2    : Thread[main,5,main]: Need to call initialize() and be in fallback mode to start dispatch.
02-06 14:22:08.395  9797  9932 I GAv4    : Google Analytics 11.0.11 is starting up. To enable debug logging on a device run:
02-06 14:22:08.395  9797  9932 I GAv4    :   adb shell setprop log.tag.GAv4 DEBUG
02-06 14:22:08.395  9797  9932 I GAv4    :   adb logcat -s GAv4
02-06 14:22:08.411  2058  4280 W ActivityManager: Unable to start service Intent { cmp=com.google.android.gm.exchange/com.android.exchange.service.EasService } U=0: not found
02-06 14:22:08.418  9797  9938 W GAv4    : AnalyticsReceiver is not registered or is disabled. Register the receiver for reliable dispatching on non-Google Play devices. See http://goo.gl/8Rd3yj for instructions.
02-06 14:22:08.431  9797  9938 W GAv4    : CampaignTrackingReceiver is not registered, not exported or is disabled. Installation campaign tracking is not possible. See http://goo.gl/8Rd3yj for instructions.
02-06 14:22:08.441  9797  9938 W GAv4    : AnalyticsService not registered in the app manifest. Hits might not be delivered reliably. See http://goo.gl/8Rd3yj for instructions.
02-06 14:22:08.483  2058  8397 W ActivityManager: Unable to start service Intent { cmp=com.google.android.gm.exchange/com.android.exchange.service.EasService } U=0: not found
02-06 14:22:08.494  9797  9797 W FieldDefinition: Ignoring isIndexed constraint as field also has uniqueness constraint (on just this field, and therefore SQLite will have to create an index on that. For field: com.google.android.apps.docs.database.common.FieldDefinition$a@1c7ff0a
02-06 14:22:08.708   534   534 I ServiceManager: Waiting for service AtCmdFwd...
02-06 14:22:08.768  4748  9411 I chatty  : uid=10028(com.google.android.gms) expire 4 lines
02-06 14:22:08.824  2058  6581 I ActivityManager: Start proc 9993:com.motorola.msimsettings/u0a38 for broadcast com.motorola.msimsettings/com.motorola.smartsim.bestcost.SmartSimConnectivityReceiver
02-06 14:22:08.854  2058  6906 I ActivityManager: Killing 9157:org.codeaurora.ims/1001 (adj 15): empty #13
02-06 14:22:08.906  9993  9993 W System  : ClassLoader referenced unknown path: /system/priv-app/MSimSettings/lib/arm
02-06 14:22:08.943  9993  9993 V AccountSyncController: mAccountSyncController = com.motorola.android.providers.userpreferredsim.dswizard.AccountSyncController@f069151
02-06 14:22:08.955  9993  9993 V MultiSimManager: sMSimAvailable=true
02-06 14:22:08.963  2058  6906 I ActivityManager: Killing 9425:com.google.android.music:main/u0a101 (adj 15): empty #13
02-06 14:22:09.029  2058  6906 I ActivityManager: Start proc 10026:com.android.sdm.plugins.sprintdm/1001 for broadcast com.android.sdm.plugins.sprintdm/.SprintDMReceiver
02-06 14:22:09.068 10026 10026 W System  : ClassLoader referenced unknown path: /system/priv-app/SprintDM/lib/arm
02-06 14:22:09.070 10026 10026 D SprintDMReceiver: Received intent: android.net.conn.CONNECTIVITY_CHANGE
02-06 14:22:09.078 10026 10026 D SprintDMHelper: simOperator: 73402
02-06 14:22:09.078 10026 10026 D SprintDMReceiver: Not Sprint UICC, don't do anything.
02-06 14:22:09.100  2058  4280 I ActivityManager: Killing 8714:com.google.android.partnersetup/u0a32 (adj 15): empty #13
02-06 14:22:09.147  2058  4131 D BatteryService: uevent={POWER_SUPPLY_TEMP=395, POWER_SUPPLY_STATUS=Discharging, POWER_SUPPLY_CAPACITY=41, ACTION=change, DEVPATH=/devices/soc.0/qpnp-smbcharger-f6e7c600/power_supply/battery, POWER_SUPPLY_AGE=125, POWER_SUPPLY_VOLTAGE_MAX=4350, SUBSYSTEM=power_supply, POWER_SUPPLY_NUM_SYSTEM_TEMP_LEVELS=8, POWER_SUPPLY_INPUT_CURRENT_MAX=1000000, POWER_SUPPLY_VOLTAGE_MAX_DESIGN=4350000, POWER_SUPPLY_CHARGE_FULL=3834000, POWER_SUPPLY_NAME=battery, POWER_SUPPLY_FLASH_CURRENT_MAX=1769284, POWER_SUPPLY_HEALTH=Good, POWER_SUPPLY_CYCLE_COUNT=0, POWER_SUPPLY_TECHNOLOGY=Li-ion, POWER_SUPPLY_CHARGE_TYPE=N/A, POWER_SUPPLY_CONSTANT_CHARGE_CURRENT_MAX=2500000, POWER_SUPPLY_PRESENT=1, POWER_SUPPLY_TEMP_HOTSPOT=0, POWER_SUPPLY_INPUT_CURRENT_SETTLED=0, POWER_SUPPLY_SAFETY_TIMER_ENABLED=0, POWER_SUPPLY_FLASH_ACTIVE=0, POWER_SUPPLY_VOLTAGE_NOW=3630502, SEQNUM=3685, POWER_SUPPLY_CHARGE_FULL_DESIGN=3059000, POWER_SUPPLY_CURRENT_NOW=1427909, POWER_SUPPLY_CHARGE_COUNTER=1195308, POWER_SUPPLY_SYSTEM_TEMP_LEVEL=1, POWER_SUPPLY_CHARGE_RATE=None, POWER_SUPPLY_CHARGING_ENABLED=1, POWER_SUPPLY_BATTERY_CHARGING_ENABLED=1}
02-06 14:22:09.148  2058  5129 D BatteryService: Processing new values: chargerAcOnline=false, chargerUsbOnline=false, chargerWirelessOnline=false, maxChargingCurrent0, batteryStatus=3, batteryHealth=2, batteryPresent=true, batteryLevel=41, batteryTechnology=Li-ion, batteryVoltage=3630, batteryTemperature=395, mBatteryLevelCritical=false, mPlugType=0, mChargeRate=0, modLevel=-1, modStatus=-1, modFlag=0
02-06 14:22:09.148  2058  5129 D BatteryService: Sending ACTION_BATTERY_CHANGED.  level:41, scale:100, status:3, health:2, present:true, voltage: 3630, temperature: 395, technology: Li-ion, AC powered:false, USB powered:false, Wireless powered:false, icon:17303108, invalid charger:0, maxChargingCurrent:0, charge rate:0, MOD powered:false, mod level:-1, mod status:-1, mod flag:0
02-06 14:22:09.149  4266  4266 D KeyguardUpdateMonitor: received broadcast android.intent.action.BATTERY_CHANGED
02-06 14:22:09.150  4266  4266 D KeyguardUpdateMonitor: handleBatteryUpdate
02-06 14:22:09.179  2058  4295 I ActivityManager: Start proc 10048:com.cmplay.tiles2/u0a124 for broadcast com.cmplay.tiles2/com.mopub.dg.adsdk.DGReceiver
