02-06 14:22:22.893  7963  8035 W ApplicationsState: Cannot find pkg: cci.usage on user 0
02-06 14:22:22.894  7963  8035 W ApplicationsState: Cannot find pkg: com.lenovo.FileBrowser2 on user 0
02-06 14:22:22.894  7963  8035 W ApplicationsState: Cannot find pkg: com.motorola.ptt.prip.br on user 0
02-06 14:22:22.894  7963  8035 W ApplicationsState: Cannot find pkg: com.motorola.ptt.prip on user 0
02-06 14:22:22.894  7963  8035 W ApplicationsState: Cannot find pkg: com.motorola.easyprefix on user 0
02-06 14:22:22.894  7963  8035 E BlacklistContract: Exception getting package info! e=[com.amazon.phoenix]
02-06 14:22:22.895  7963  8035 E BlacklistContract: Exception getting package info! e=[com.amazon.phoenix]
02-06 14:22:22.895  7963  8035 E BlacklistContract: Exception getting package info! e=[com.amazon.phoenix]
02-06 14:22:22.898  5018  5018 I Keyboard.Facilitator: onFinishInput()
02-06 14:22:22.920  7963  8035 E BlacklistContract: Exception getting package info! e=[com.amazon.phoenix]
02-06 14:22:22.920  7963  8035 E BlacklistContract: Exception getting package info! e=[com.amazon.phoenix]
02-06 14:22:22.921  7963  8035 E BlacklistContract: Exception getting package info! e=[com.amazon.phoenix]
02-06 14:22:22.926  7963  8035 E BlacklistContract: Exception getting package info! e=[com.amazon.phoenix]
02-06 14:22:22.927  7963  8035 E BlacklistContract: Exception getting package info! e=[com.amazon.phoenix]
02-06 14:22:22.927  7963  8035 E BlacklistContract: Exception getting package info! e=[com.amazon.phoenix]
02-06 14:22:22.939  2058  2058 V AlarmManager: done {147b8b9, *walarm*:com.android.providers.calendar.intent.CalendarProvider2} [47200ms]
02-06 14:22:22.943  9181  9181 I Finsky  : [1] com.google.android.finsky.verifier.impl.VerifyInstalledPackagesReceiver.onReceive(28): Verify installed apps requested
02-06 14:22:22.961  5035  7026 V ConnectivityManager: isActiveNetworkMetered() returns:true
02-06 14:22:22.964  9181  9554 I Finsky  : [501] com.google.android.finsky.verifier.impl.dq.a(12): Verifying installed packages
02-06 14:22:22.970  2058  2058 V AlarmManager: done {ae59c17, *walarm*:com.android.vending/com.google.android.finsky.flushlogs.FlushLogsReceiver} [10989ms]
02-06 14:22:23.009  9181 11391 I Finsky  : [524] com.google.android.finsky.flushlogs.FlushLogsReceiver$FlushLogsService.onHandleIntent(10): Flushing event logs for [uY2E8ht_6wM_Zw-DG9vcSsyMSwA]
02-06 14:22:23.021  9181  9214 I PlayCommon: [466] com.google.android.play.a.h.e(262): Preparing logs for uploading
02-06 14:22:23.032  9181 11394 I PlayCommon: [525] com.google.android.play.a.h.e(262): Preparing logs for uploading
02-06 14:22:23.033  9181 11394 I PlayCommon: [525] com.google.android.play.a.h.e(266): No file ready to send
02-06 14:22:23.034 10492 10492 I BistoWorker: handleCommonBroadcastIntent: com.google.android.apps.gsa.broadcastreceiver.ACTION_OPA_ELIGIBILITY_CHANGE
02-06 14:22:23.034 10492 10492 I BistoWorker: com.google.android.apps.gsa.broadcastreceiver.ACTION_OPA_ELIGIBILITY_CHANGE : no Bisto paired devices
02-06 14:22:23.075  9181  9214 I PlayCommon: [466] com.google.android.play.a.h.a(506): Connecting to server: https://play.googleapis.com/play/log?format=raw&proto_v2=true
02-06 14:22:23.078  5035  7026 V ConnectivityManager: isActiveNetworkMetered() returns:true
02-06 14:22:23.108   510   636 I ThermalEngine: Thermal-Server: Thermal received msg from  override
02-06 14:22:23.108   510   636 E ThermalEngine: override_notify: SS mode 0 override
02-06 14:22:23.108  5931 11402 I Thermal-Lib: Thermal-Lib-Client: Client request sent
02-06 14:22:23.138  5035  7026 V ConnectivityManager: isActiveNetworkMetered() returns:true
02-06 14:22:23.181  2058  4131 D BatteryService: uevent={POWER_SUPPLY_TEMP=400, POWER_SUPPLY_STATUS=Discharging, POWER_SUPPLY_CAPACITY=41, ACTION=change, DEVPATH=/devices/soc.0/qpnp-smbcharger-f6e7c600/power_supply/battery, POWER_SUPPLY_AGE=125, POWER_SUPPLY_VOLTAGE_MAX=4350, SUBSYSTEM=power_supply, POWER_SUPPLY_NUM_SYSTEM_TEMP_LEVELS=8, POWER_SUPPLY_INPUT_CURRENT_MAX=1000000, POWER_SUPPLY_VOLTAGE_MAX_DESIGN=4350000, POWER_SUPPLY_CHARGE_FULL=3834000, POWER_SUPPLY_NAME=battery, POWER_SUPPLY_FLASH_CURRENT_MAX=1751490, POWER_SUPPLY_HEALTH=Good, POWER_SUPPLY_CYCLE_COUNT=0, POWER_SUPPLY_TECHNOLOGY=Li-ion, POWER_SUPPLY_CHARGE_TYPE=N/A, POWER_SUPPLY_CONSTANT_CHARGE_CURRENT_MAX=2500000, POWER_SUPPLY_PRESENT=1, POWER_SUPPLY_TEMP_HOTSPOT=0, POWER_SUPPLY_INPUT_CURRENT_SETTLED=0, POWER_SUPPLY_SAFETY_TIMER_ENABLED=0, POWER_SUPPLY_FLASH_ACTIVE=0, POWER_SUPPLY_VOLTAGE_NOW=3644845, SEQNUM=3699, POWER_SUPPLY_CHARGE_FULL_DESIGN=3059000, POWER_SUPPLY_CURRENT_NOW=1302024, POWER_SUPPLY_CHARGE_COUNTER=1190829, POWER_SUPPLY_SYSTEM_TEMP_LEVEL=7, POWER_SUPPLY_CHARGE_RATE=None, POWER_SUPPLY_CHARGING_ENABLED=1, POWER_SUPPLY_BATTERY_CHARGING_ENABLED=1}
02-06 14:22:23.182  2058  5129 D BatteryService: Processing new values: chargerAcOnline=false, chargerUsbOnline=false, chargerWirelessOnline=false, maxChargingCurrent0, batteryStatus=3, batteryHealth=2, batteryPresent=true, batteryLevel=41, batteryTechnology=Li-ion, batteryVoltage=3644, batteryTemperature=400, mBatteryLevelCritical=false, mPlugType=0, mChargeRate=0, modLevel=-1, modStatus=-1, modFlag=0
02-06 14:22:23.182  2058  5129 D BatteryService: Sending ACTION_BATTERY_CHANGED.  level:41, scale:100, status:3, health:2, present:true, voltage: 3644, temperature: 400, technology: Li-ion, AC powered:false, USB powered:false, Wireless powered:false, icon:17303108, invalid charger:0, maxChargingCurrent:0, charge rate:0, MOD powered:false, mod level:-1, mod status:-1, mod flag:0
02-06 14:22:23.183  4266  4266 D KeyguardUpdateMonitor: received broadcast android.intent.action.BATTERY_CHANGED
02-06 14:22:23.184  4266  4266 D KeyguardUpdateMonitor: handleBatteryUpdate
02-06 14:22:23.189  4589  4589 V whitetile2_eat_srv:  mBatteryChangedReceiver voltage 3644
02-06 14:22:23.258   485   485 I rmt_storage: rmt_storage_connect_cb: clnt_h=0x9 conn_h=0xb7083dc0
02-06 14:22:23.259   485   485 I rmt_storage: rmt_storage_rw_iovec_cb: /boot/modem_fs1: clnt_h=0x9: req_h=0x9 msg_id=3: R/W request received
02-06 14:22:23.259   485   485 I rmt_storage: rw_iovec client->path = /boot/modem_fs1
02-06 14:22:23.259   485   485 I rmt_storage: wakelock acquired: 1, error no: 42
02-06 14:22:23.259   485  2054 I rmt_storage: rmt_storage_client_thread: /boot/modem_fs1: clnt_h=0x9 Unblock worker thread (th_id: -1229862608)
02-06 14:22:23.299  4266  4655 I NetworkController.MotorolaMobileSignalController(3): MotorolaMobilePhoneStateListener.onDataActivity: Entered: direction=3
02-06 14:22:23.300  4266  4655 I NetworkController.MotorolaMobileSignalController(2): MotorolaMobilePhoneStateListener.onDataActivity: Entered: direction=3
02-06 14:22:23.358   485  2054 I rmt_storage: rmt_storage_client_thread: /boot/modem_fs1: clnt_h=0x9: req_h=0x9 msg_id=3: Bytes written = 1572864
02-06 14:22:23.358   485  2054 I rmt_storage: rmt_storage_client_thread: /boot/modem_fs1: clnt_h=0x9: req_h=0x9 msg_id=3: Send response: res=0 err=0
02-06 14:22:23.359   485  2054 I rmt_storage: rmt_storage_client_thread: /boot/modem_fs1: clnt_h=0x9 About to block rmt_storage client thread (th_id: -1229862608) wakelock released: 1, error no: 0
02-06 14:22:23.359   485  2054 I rmt_storage: 
02-06 14:22:23.359   485   485 I rmt_storage: rmt_storage_disconnect_cb: clnt_h=0x9 conn_h=0xb7083dc0
02-06 14:22:23.556  7963  7963 V SecuritySettings: No fingerprint hardware detected!!
02-06 14:22:23.598  7963  7963 W Settings: Setting install_non_market_apps has moved from android.provider.Settings.Global to android.provider.Settings.Secure, returning read-only value.
02-06 14:22:23.612  7963 11433 D Index   : Deleting data for locale 'es_ES' took 9 millis
02-06 14:22:23.614  4748  7019 I Icing   : Indexing 4A9868CD1AE5A8DF1D961C69578915FCA9BAEBDA from com.google.android.gms
02-06 14:22:23.614  5018  5018 I Keyboard.Facilitator: onFinishInput()
02-06 14:22:23.615  4748  7019 I Icing   : Indexing done 4A9868CD1AE5A8DF1D961C69578915FCA9BAEBDA
02-06 14:22:23.669   483   483 I SFPerfTracer:      triggers: (rate: 6:235) (compose: 0:5) (post: 0:0) (render: 0:8) (1:2317 frames) (2:2640)
02-06 14:22:23.669   483   483 D SFPerfTracer:        layers: (3:12) (FocusedStackFrame (0xb91aff30): 1:75)* (DimLayer (0xb91b2588): 0:22)* (StatusBar (0xb91ba350): 0:330) (com.android.systemui.ImageWallpaper (0xb91ca3e0): 0:26)* (NavigationBar (0xb91e6e40): 2:356) (DimLayer (0xb91c2200): 0:23)* (DimLayer (0xb91c4238): 0:20)* (com.android.settings/com.android.settings.SubSettings (0xb91d6590): 0:47)- (com.android.settings/com.android.settings.SubSettings (0xb91e3530): 0:60)- (com.android.settings/com.android.settings.SubSettings (0xb91d6590): 0:20) (com.android.settings/com.android.settings.SubSettings (0xb91e3530): 2:3)* 
02-06 14:22:23.683  7963 11433 D Index   : Indexing locale 'es_ES' took 71 millis
02-06 14:22:23.889  2058  7188 I ActivityManager: Killing 10248:com.google.android.videos/u0a110 (adj 15): empty #13
02-06 14:22:23.897   499   499 W installd: Failed to open /data/data/android: No such file or directory
02-06 14:22:24.021  9181  9568 I Finsky  : [506] com.google.android.finsky.verifier.impl.dv.call(7): Cleaning the verify apps datastore
02-06 14:22:24.045  9181  9568 I Finsky  : [506] com.google.android.finsky.verifier.impl.dv.call(105): Finished cleaning the verify apps datastore
02-06 14:22:24.076 10492 10492 W SearchService: Abort, client detached.
02-06 14:22:24.100  5035  7026 V ConnectivityManager: isActiveNetworkMetered() returns:true
02-06 14:22:24.150 10129 10129 D MusicLifecycle: com.google.android.music.autocache.AutoCacheSchedulingService$EnablingReceiver generated event: Broadcast received with context android.app.ReceiverRestrictedContext@a2ffb7d and intent Intent { act=com.google.android.music.START_DOWNLOAD_SCHEDULING flg=0x10 cmp=com.google.android.music/.autocache.AutoCacheSchedulingService$EnablingReceiver }
02-06 14:22:24.154  7227  7227 D GetNotificationsWS: bindWebServices(): registering our AIDL callback...
02-06 14:22:24.155  7227  7227 D GetNotificationsWS: onServiceConnected()
02-06 14:22:24.155  7227  7227 D GetNotificationsWS: onServiceConnected(): Registered for remote service callbacks...
02-06 14:22:24.155  7227 11470 I SundryService: onHandleIntent(): action=com.motorola.notification.REGISTRATION
02-06 14:22:24.155  7227 11470 I SundryService: Received registration
02-06 14:22:24.157 10129 10129 D MusicLifecycle: com.google.android.music.autocache.AutoCacheSchedulingService generated event: Service created
02-06 14:22:24.158 10129 10129 D MusicLifecycle: com.google.android.music.autocache.AutoCacheSchedulingService generated event: Service started with intent Intent { act=com.google.android.music.leanback.APP_IN_USE cmp=com.google.android.music/.autocache.AutoCacheSchedulingService (has extras) }
02-06 14:22:24.158 10129 10129 D MusicLifecycle: com.google.android.music.wear.WearBroadcastReceiver generated event: Broadcast received with context android.app.ReceiverRestrictedContext@a2ffb7d and intent Intent { act=com.google.android.music.START_DOWNLOAD_SCHEDULING flg=0x10 cmp=com.google.android.music/.wear.WearBroadcastReceiver }
02-06 14:22:24.159  7227 11470 D Checkin : publish the event [tag = MOT_CCE_STATS event name = Registration]
02-06 14:22:24.161 10129 10129 D MusicLifecycle: com.google.android.music.wear.WearBroadcastReceiver generated event: Broadcast received with context android.app.ReceiverRestrictedContext@a2ffb7d and intent Intent { act=com.google.android.music.IMPORT_COMPLETE flg=0x10 cmp=com.google.android.music/.wear.WearBroadcastReceiver }
02-06 14:22:24.163 10129 10200 W WearSignatureVerifier: No package com.google.android.wearable.app.cn
02-06 14:22:24.164  7227 11470 D SundryService: sendNewNotificationsIfMissing: unprocessedApps=[]
02-06 14:22:24.164  7227 11470 W SundryService: No apps found to updates
02-06 14:22:24.165  7227 11470 W SundryService: No apps found to send notifications
02-06 14:22:24.167 10129 10238 W WearSignatureVerifier: No package com.google.android.wearable.app.cn
02-06 14:22:24.171 10129 10200 W WearSignatureVerifier: No package com.google.android.wearable.app.cn
02-06 14:22:24.172  5035  7026 V ConnectivityManager: isActiveNetworkMetered() returns:true
02-06 14:22:24.173 10129 11471 I MusicLeanback: Conditions not met for autocaching. okToAttempt=false
02-06 14:22:24.173 10129 11471 I MusicLeanback: Stop autocaching.
02-06 14:22:24.173 10129 10200 W WearSignatureVerifier: No package com.google.android.wearable.app.cn
02-06 14:22:24.175 10129 10238 W WearSignatureVerifier: No package com.google.android.wearable.app.cn
02-06 14:22:24.175 10129 10200 W WearSignatureVerifier: No package com.google.android.wearable.app.cn
02-06 14:22:24.178 10129 10238 W WearSignatureVerifier: No package com.google.android.wearable.app.cn
02-06 14:22:24.179 10129 10129 D MusicLifecycle: com.google.android.music.autocache.AutoCacheSchedulingService generated event: Service destroyed
02-06 14:22:24.179 10129 10238 W WearSignatureVerifier: No package com.google.android.wearable.app.cn
02-06 14:22:24.180  5035  5268 D WearableService: onGetService - Wear is not available on this device.
02-06 14:22:24.180  7227  7227 D GetNotificationsWS: unbindWebServices(): un-registering our AIDL callback...
02-06 14:22:24.181 10129 10129 W WearSignatureVerifier: No package com.google.android.wearable.app.cn
02-06 14:22:24.182  5035  5544 D WearableService: onGetService - Wear is not available on this device.
02-06 14:22:24.184 10129 11472 E GmsUtils: Failed to connect to Google API client: ConnectionResult{statusCode=API_UNAVAILABLE, resolution=null, message=null}
02-06 14:22:24.184 10129 10129 W WearSignatureVerifier: No package com.google.android.wearable.app.cn
02-06 14:22:24.185 10129 11473 E GmsUtils: Failed to connect to Google API client: ConnectionResult{statusCode=API_UNAVAILABLE, resolution=null, message=null}
02-06 14:22:24.187  7227 11475 I GCMIntentService: onHandleIntent: com.motorola.ccc.gcm.ACTION_GCM_REGISTRATION
02-06 14:22:24.205  2058  2058 V AlarmManager: done {a6a0ba0, *walarm*:com.google.android.location.ALARM_WAKEUP_SENSOR_UPLOADER} [8302ms]
02-06 14:22:24.220  9181  9214 I PlayCommon: [466] com.google.android.play.a.h.a(563): Successfully uploaded logs.
02-06 14:22:24.222  9181  9214 I PlayCommon: [466] com.google.android.play.a.h.e(262): Preparing logs for uploading
02-06 14:22:24.222  9181  9214 I PlayCommon: [466] com.google.android.play.a.h.e(266): No file ready to send
02-06 14:22:24.226  2058  2058 V AlarmManager: done {c71e359, *walarm*:com.motorola.bach.modemstats.dsds-user-settings-report} [8324ms]
02-06 14:22:24.227  5035  7026 V ConnectivityManager: isActiveNetworkMetered() returns:true
02-06 14:22:24.228  5072  5072 D MC_SettingsTrigger: INTENT_TRIGGER_INIT received, but already initialized
02-06 14:22:24.231  7227 11475 I GCMIntentService: Google Play Service availability resultCode = 0
02-06 14:22:24.234  7227 11475 I GCMIntentService: GCM already registered
02-06 14:22:24.238  9181  9181 I Finsky  : [1] com.google.android.finsky.verifier.impl.VerifyInstalledPackagesReceiver.onReceive(28): Verify installed apps requested
02-06 14:22:24.241  9181  9555 I Finsky  : [502] com.google.android.finsky.verifier.impl.dq.a(12): Verifying installed packages
02-06 14:22:24.242  9181  9181 I Finsky  : [1] com.google.android.finsky.verifier.impl.dq.c(379): Done verifying installed packages
02-06 14:22:24.257  7227  7227 D GetNotificationsWS: bindWebServices(): registering our AIDL callback...
02-06 14:22:24.259  7227 11480 I SundryService: onHandleIntent(): action=com.motorola.notification.REGISTRATION
02-06 14:22:24.259  7227 11480 I SundryService: Received registration
02-06 14:22:24.261  7227  7227 D GetNotificationsWS: onServiceConnected()
02-06 14:22:24.261  7227  7227 D GetNotificationsWS: onServiceConnected(): Registered for remote service callbacks...
02-06 14:22:24.261  7227 11480 D Checkin : publish the event [tag = MOT_CCE_STATS event name = Registration]
02-06 14:22:24.263  7227 11480 D SundryService: sendNewNotificationsIfMissing: unprocessedApps=[]
02-06 14:22:24.263  7227 11480 W SundryService: No apps found to updates
02-06 14:22:24.264  7227 11480 W SundryService: No apps found to send notifications
02-06 14:22:24.270  7227 11480 I SundryService: onHandleIntent(): action=com.motorola.notification.REGISTRATION
02-06 14:22:24.270  7227 11480 I SundryService: Received registration
02-06 14:22:24.274  7227 11480 D Checkin : publish the event [tag = MOT_CCE_STATS event name = Registration]
02-06 14:22:24.276  7227 11480 D SundryService: sendNewNotificationsIfMissing: unprocessedApps=[]
02-06 14:22:24.276  7227 11480 W SundryService: No apps found to updates
02-06 14:22:24.276  7227 11480 W SundryService: No apps found to send notifications
02-06 14:22:24.277  7227  7227 D GetNotificationsWS: unbindWebServices(): un-registering our AIDL callback...
02-06 14:22:24.291  4748 11298 D Wear_Controller: Received broadcast action=android.intent.action.PACKAGE_CHANGED and uri=com.google.android.gms
02-06 14:22:24.306  4748  7258 I Icing   : IndexChimeraService.getServiceInterface callingPackage=com.google.android.gms componentName=AppsCorpus serviceId=32
02-06 14:22:24.309  4748  8195 I Icing   : IndexChimeraService.getServiceInterface callingPackage=com.google.android.gms componentName=AppsCorpus serviceId=36
02-06 14:22:24.318  4748  7016 I Icing   : updateResources: need to parse unw{com.google.android.gms}
02-06 14:22:24.341  2058  2058 V AlarmManager: done {bf3457f, *walarm*:com.android.internal.telephony.data-stall} [2036ms]
02-06 14:22:24.354  5035  7026 V ConnectivityManager: isActiveNetworkMetered() returns:true
02-06 14:22:24.373  2058  2058 I ActivityManager: Start proc 11489:com.google.android.apps.messaging/u0a67 for service com.google.android.apps.messaging/.shared.datamodel.action.ActionJobService
02-06 14:22:24.373  2058  2058 V AlarmManager: done {aba8258, *alarm*:android.content.jobscheduler.JOB_DELAY_EXPIRED} [2068ms]
02-06 14:22:24.387  9181  9181 I Finsky  : [1] com.google.android.finsky.scheduler.ak.a(146): onJobSchedulerWakeup
02-06 14:22:24.391  9181  9181 I Finsky  : [1] com.google.android.finsky.scheduler.k.a(22): Scheduling fallback in 43199997 (absolute: 43303725)
02-06 14:22:24.396  9181  9181 I Finsky  : [1] com.google.android.finsky.scheduler.k.a(22): Scheduling fallback in 64799995 (absolute: 64903728)
02-06 14:22:24.406  9181  9181 V ConnectivityManager: isActiveNetworkMetered() returns:true
02-06 14:22:24.412  9181  9181 I Finsky  : [1] com.google.android.finsky.scheduler.r.handleMessage(25): DeviceState: DeviceState{currentTime=1517923344403, isCharging=false, isIdle=false, netAny=true, netNotRoaming=true, netUnmetered=false}
02-06 14:22:24.417  9181  9181 V ConnectivityManager: isActiveNetworkMetered() returns:true
02-06 14:22:24.437  9181  9181 I Finsky  : [1] com.google.android.finsky.scheduler.m.a(87): Running job: 1 (12)
02-06 14:22:24.438  9181  9181 I Finsky  : [1] com.google.android.finsky.af.c.a(40): ContentSyncJob started
02-06 14:22:24.444  9181  9181 I Finsky  : [1] com.google.android.finsky.scheduler.m.a(159): RunningQueue size: 1
02-06 14:22:24.444  9181  9181 I Finsky  : [1] com.google.android.finsky.scheduler.m.a(160): PendingQueue size: 0
02-06 14:22:24.446 11489 11489 I MultiDex: VM with version 2.1.0 has multidex support
02-06 14:22:24.446 11489 11489 I MultiDex: install
02-06 14:22:24.446 11489 11489 I MultiDex: VM has multidex support, MultiDex support library is disabled.
02-06 14:22:24.468 11489 11489 D FirebaseApp: com.google.firebase.auth.FirebaseAuth is not linked. Skipping initialization.
02-06 14:22:24.486  5035  7026 V ConnectivityManager: isActiveNetworkMetered() returns:true
02-06 14:22:24.491 11489 11489 D FirebaseApp: com.google.firebase.crash.FirebaseCrash is not linked. Skipping initialization.
02-06 14:22:24.492 11489 11489 D FirebaseApp: com.google.android.gms.measurement.AppMeasurement is not linked. Skipping initialization.
02-06 14:22:24.493 11489 11489 I FirebaseInitProvider: FirebaseApp initialization successful
02-06 14:22:24.510  2058  2090 I ActivityManager: Waited long enough for: ServiceRecord{13fd09c u0 com.cmplay.tiles2/com.cmplay.internalpush.InnerPushService}
02-06 14:22:24.511 11489 11489 W         : Unable to open '/system/framework/prcui-config.jar': No such file or directory
02-06 14:22:24.511 11489 11489 W art     : Failed to open zip archive '/system/framework/prcui-config.jar': I/O Error
02-06 14:22:24.527 11489 11489 I CarrierServices: [1] a.a: Initializing Carrier Services Library.
02-06 14:22:24.529 11489 11489 W CarrierServices: Trying to log through cs.apk when it has not been initialized yet
02-06 14:22:24.589  7676  7709 D Checkin : publish the event [tag = MOT_DEVICE_STATS_L1 event name = SettingLogs]
02-06 14:22:24.603  5035  7026 V ConnectivityManager: isActiveNetworkMetered() returns:true
02-06 14:22:24.615  4748  7016 I Icing   : App usage reports: 1
02-06 14:22:24.615  4748  7016 I Icing   : Usage reports ok 1, Failed Usage reports 0, indexed 0, rejected 0, imm upload false
02-06 14:22:24.653  4748  7016 I Icing   : Usage reports ok 0, Failed Usage reports 0, indexed 0, rejected 0, imm upload false
02-06 14:22:24.693  5035  7026 V ConnectivityManager: isActiveNetworkMetered() returns:true
02-06 14:22:24.697 11489 11514 I Bugle   : GServicesValues:
02-06 14:22:24.697 11489 11514 I Bugle   : bugle_enable_primes_crash_metrics: true
02-06 14:22:24.697 11489 11514 I Bugle   : bugle_enable_wap_push_si: true
02-06 14:22:24.697 11489 11514 I Bugle   : bugle_max_telemetry_upload_retries: 10
02-06 14:22:24.697 11489 11514 I Bugle   : bugle_sticker_set_list_version: 3
02-06 14:22:24.744  2058  4743 I ActivityManager: Killing 10298:com.google.android.youtube/u0a112 (adj 15): empty #13
02-06 14:22:24.748  5035  7026 V ConnectivityManager: isActiveNetworkMetered() returns:true
02-06 14:22:24.782 11489 11489 I BugleBackup: Registering preference change listener for "bugle".
02-06 14:22:24.905  9181  9220 I Finsky  : [469] com.google.android.finsky.l.c.a(25): Completed 0 account content syncs with 0 successful.
02-06 14:22:24.906  9181  9181 I Finsky  : [1] com.google.android.finsky.af.c.a(5): Installation state replication succeeded.
02-06 14:22:24.907  9181  9181 I Finsky  : [1] com.google.android.finsky.scheduler.ah.b(12): jobFinished: 1 12
02-06 14:22:24.908  9181  9181 I Finsky  : [1] com.google.android.finsky.scheduler.m.a(184): Job 1 (12) finished
02-06 14:22:24.909  9181  9181 I Finsky  : [1] com.google.android.finsky.scheduler.m.a(159): RunningQueue size: 0
02-06 14:22:24.910  9181  9181 I Finsky  : [1] com.google.android.finsky.scheduler.m.a(160): PendingQueue size: 0
02-06 14:22:24.910  9181  9181 I Finsky  : [1] com.google.android.finsky.scheduler.r.handleMessage(200): Executor finished
02-06 14:22:24.964  7963  7963 D DashboardSummary: rebuildUI took: 127 ms
02-06 14:22:24.965  5018  5018 I Keyboard.Facilitator: onFinishInput()
02-06 14:22:24.968  2058  2067 I art     : Background partial concurrent mark sweep GC freed 88884(5MB) AllocSpace objects, 0(0B) LOS objects, 33% free, 29MB/44MB, paused 1.774ms total 121.338ms
02-06 14:22:25.189 11489 11521 I BugleDataModel: Fixup: Send failed - 0 Download failed - 0
02-06 14:22:25.201 11489 11489 I Bugle   : ApnsOta: OTA version -1
02-06 14:22:25.211 11489 11521 W BugleDataModel: tried to cancel job 100 that can't be found. already finished?
02-06 14:22:25.212 11489 11489 I Bugle   : Bugle version: 2.8.040 (sarangi_rc23_xxhdpi.armeabi-v7a.phone)
02-06 14:22:25.214 11489 11521 I BugleDataModel: ProcessPendingMessagesAction: process from ProcessPendingMessagesAction due to scheduled processing with 0 earliest sms sending messages, with 0 earliest mms sending messages, with 0 earliest rcs sending messages, with 0 earliest rcsFT sending messages, and 0 earliest downloading messages
02-06 14:22:25.226 11489 11489 I Bugle   : SIM LOADED
02-06 14:22:25.228 11489 11489 W Bugle   : Factory.getPhoneUtils: invalid subId = -2
02-06 14:22:25.229 11489 11489 E Bugle   : PhoneUtils.getSimSerialNumber: system returned empty sub info for -1
02-06 14:22:25.230 11489 11489 I BugleDataModel: ActionExecutor Empty Service started
02-06 14:22:25.242 11489 11489 I Bugle   : Carrier config changed. Reloading MMS config.
02-06 14:22:25.244 11489 11489 I BugleRcs: updating RCS availability
02-06 14:22:25.275 11489 11489 W CarrierServices: [1] e.i: Carrier Services Apk was not found.
02-06 14:22:25.275 11489 11489 E CarrierServices: [1] e.a: Cannot get service version because CS.apk was not found, not pre-loaded or disabled.
02-06 14:22:25.276 11489 11489 E CarrierServices: [1] e.d: No supported version found
02-06 14:22:25.276 11489 11489 W CarrierServices: [1] e.a: Service with meta data key: JibeServiceApiVersions is not compatible. Service Version 1 is not supported. Supported versions: []
02-06 14:22:25.276 11489 11489 I CarrierServices: [1] e.f: Not using CS JibeService because it is not compatible with AM.
02-06 14:22:25.277 11489 11489 I CarrierServices: [1] a.connect: Binding to JibeService in Bugle.
02-06 14:22:25.283 11489 11489 W CarrierServices: [1] e.i: Carrier Services Apk was not found.
02-06 14:22:25.283 11489 11489 E CarrierServices: [1] e.a: Cannot get service version because CS.apk was not found, not pre-loaded or disabled.
02-06 14:22:25.284 11489 11489 E CarrierServices: [1] e.d: No supported version found
02-06 14:22:25.284 11489 11489 W CarrierServices: [1] e.a: Service with meta data key: JibeServiceApiVersions is not compatible. Service Version 1 is not supported. Supported versions: []
02-06 14:22:25.284 11489 11489 I CarrierServices: [1] e.f: Not using CS JibeService because it is not compatible with AM.
02-06 14:22:25.285 11489 11489 I CarrierServices: [1] a.connect: Binding to JibeService in Bugle.
02-06 14:22:25.289 11489 11489 I BugleDataModel: ActionExecutor Empty Service destroyed
02-06 14:22:25.304 11489 11489 I BugleDataModel: ActionExecutor Empty Service started
02-06 14:22:25.304 11489 11489 I BugleDataModel: ActionExecutor Empty Service destroyed
02-06 14:22:25.310 11489 11550 E BugleRcs: couldn't get package info for carrier services package with name com.google.android.ims
02-06 14:22:25.312 11489 11550 E BugleRcs: android.content.pm.PackageManager$NameNotFoundException: com.google.android.ims
02-06 14:22:25.312 11489 11550 E BugleRcs: 	at android.app.ApplicationPackageManager.getPackageInfo(ApplicationPackageManager.java:137)
02-06 14:22:25.312 11489 11550 E BugleRcs: 	at com.google.android.apps.messaging.shared.util.bu.<init>(SourceFile:17)
02-06 14:22:25.312 11489 11550 E BugleRcs: 	at com.google.android.apps.messaging.shared.util.bu.a(SourceFile:3)
02-06 14:22:25.312 11489 11550 E BugleRcs: 	at com.google.android.apps.messaging.a.cs.a(SourceFile:134)
02-06 14:22:25.312 11489 11550 E BugleRcs: 	at com.google.android.apps.messaging.shared.util.a.o.doInBackground(SourceFile:28)
02-06 14:22:25.312 11489 11550 E BugleRcs: 	at android.os.AsyncTask$2.call(AsyncTask.java:295)
02-06 14:22:25.312 11489 11550 E BugleRcs: 	at java.util.concurrent.FutureTask.run(FutureTask.java:237)
02-06 14:22:25.312 11489 11550 E BugleRcs: 	at java.util.concurrent.ThreadPoolExecutor.runWorker(ThreadPoolExecutor.java:1113)
02-06 14:22:25.312 11489 11550 E BugleRcs: 	at java.util.concurrent.ThreadPoolExecutor$Worker.run(ThreadPoolExecutor.java:588)
02-06 14:22:25.312 11489 11550 E BugleRcs: 	at java.lang.Thread.run(Thread.java:818)
02-06 14:22:25.312 11489 11550 I BugleRcs: No minimum Cs.apk version is set, not checking Cs.apk version
02-06 14:22:25.313   550  4771 D SensorListener: int android::sensor_events_listener(int, int, void*): SensorEventQueue TYPE_DISPLAY_ROTATE read(vector.x=-1), orient=0
02-06 14:22:25.323 11489 11489 I BugleDataModel: ActionExecutor Empty Service started
02-06 14:22:25.325 11489 11489 I BugleDataModel: ActionExecutor Empty Service destroyed
02-06 14:22:25.338 11489 11540 W Bugle   : canonicalizeMccMnc: invalid mccmnc:null ,null
02-06 14:22:25.340 11489 11550 I BugleBackup: Registering preference change listener for "buglesub_2".
02-06 14:22:25.344 11489 11550 I BugleRcs: RcsAvailability updated: RCS is disabled because the device has multiple SIM slots
02-06 14:22:25.345  2058  5130 I ActivityManager: Killing 10466:com.android.chrome/u0a71 (adj 15): empty #13
02-06 14:22:25.359  2058  2073 D MmsServiceBroker: getCarrierConfigValues() by com.google.android.apps.messaging
02-06 14:22:25.360  5115  5128 D MmsService: getCarrierConfigValues
02-06 14:22:25.360  5115  5128 I MmsService: mms config for sub 3: Bundle[{httpSocketTimeout=60000, aliasMinChars=2, smsUsesSimpleCharactersOnly=true, smsToMmsTextThreshold=6, enableSMSDeliveryReports=true, maxMessageTextSize=-1, smsEncodingChangeable=true, supportMmsContentDisposition=true, enabledTransID=false, aliasEnabled=false, supportHttpCharsetHeader=false, allowAttachAudio=true, smsToMmsTextLengthThreshold=-1, recipientLimit=20, uaProfTagName=x-wap-profile, aliasMaxChars=48, maxImageHeight=1944, enableMMSDeliveryReports=false, userAgent=, config_cellBroadcastAppLinks=true, maxSubjectLength=80, httpParams=, enableGroupMms=false, emailGatewayNumber=, maxMessageSize=307200, naiSuffix=, enableMMSReadReports=false, maxImageWidth=2592, uaProfUrl=, enabledMMS=true, enabledNotifyWapMMSC=false, sendMultipartSmsAsSeparateMessages=false, enableMultipartSMS=true}]
02-06 14:22:25.361 11489 11540 I Bugle   : Carrier configs loaded: Bundle[{httpSocketTimeout=60000, aliasMinChars=2, smsUsesSimpleCharactersOnly=true, smsToMmsTextThreshold=6, enableSMSDeliveryReports=true, maxMessageTextSize=-1, smsEncodingChangeable=true, supportMmsContentDisposition=true, enabledTransID=false, aliasEnabled=false, supportHttpCharsetHeader=false, allowAttachAudio=true, smsToMmsTextLengthThreshold=-1, recipientLimit=20, uaProfTagName=x-wap-profile, aliasMaxChars=48, maxImageHeight=1944, enableMMSDeliveryReports=false, userAgent=, config_cellBroadcastAppLinks=true, maxSubjectLength=80, httpParams=, enableGroupMms=false, emailGatewayNumber=, maxMessageSize=307200, naiSuffix=, enableMMSReadReports=false, maxImageWidth=2592, uaProfUrl=, enabledMMS=true, enabledNotifyWapMMSC=false, sendMultipartSmsAsSeparateMessages=false, enableMultipartSMS=true}] from resources+system for subId=3
02-06 14:22:25.379 11489 11540 W Bugle   : canonicalizeMccMnc: invalid mccmnc:null ,null
02-06 14:22:25.391 11489 11489 I BugleRcs: Broadcast disable RCS for availability (11)
02-06 14:22:25.392 11489 11489 W CarrierServices: [1] e.i: Carrier Services Apk was not found.
02-06 14:22:25.393 11489 11489 E CarrierServices: [1] e.a: Cannot get service version because CS.apk was not found, not pre-loaded or disabled.
02-06 14:22:25.393 11489 11489 E CarrierServices: [1] e.d: No supported version found
02-06 14:22:25.394 11489 11489 W CarrierServices: [1] e.a: Service with meta data key: JibeServiceApiVersions is not compatible. Service Version 1 is not supported. Supported versions: []
02-06 14:22:25.395 11489 11489 I CarrierServices: [1] e.f: Not using CS JibeService because it is not compatible with AM.
02-06 14:22:25.399  2058  6906 D MmsServiceBroker: getCarrierConfigValues() by com.google.android.apps.messaging
02-06 14:22:25.400  5115  5318 D MmsService: getCarrierConfigValues
02-06 14:22:25.400  5115  5318 I MmsService: mms config for sub 2: Bundle[{httpSocketTimeout=60000, aliasMinChars=2, smsUsesSimpleCharactersOnly=true, smsToMmsTextThreshold=6, enableSMSDeliveryReports=true, maxMessageTextSize=-1, smsEncodingChangeable=true, supportMmsContentDisposition=true, enabledTransID=false, aliasEnabled=false, supportHttpCharsetHeader=false, allowAttachAudio=true, smsToMmsTextLengthThreshold=-1, recipientLimit=20, uaProfTagName=x-wap-profile, aliasMaxChars=48, maxImageHeight=1944, enableMMSDeliveryReports=false, userAgent=, config_cellBroadcastAppLinks=true, maxSubjectLength=80, httpParams=, enableGroupMms=false, emailGatewayNumber=, maxMessageSize=307200, naiSuffix=, enableMMSReadReports=false, maxImageWidth=2592, uaProfUrl=, enabledMMS=true, enabledNotifyWapMMSC=false, sendMultipartSmsAsSeparateMessages=false, enableMultipartSMS=true}]
02-06 14:22:25.400 11489 11540 I Bugle   : Carrier configs loaded: Bundle[{httpSocketTimeout=60000, aliasMinChars=2, smsUsesSimpleCharactersOnly=true, smsToMmsTextThreshold=6, enableSMSDeliveryReports=true, maxMessageTextSize=-1, smsEncodingChangeable=true, supportMmsContentDisposition=true, enabledTransID=false, aliasEnabled=false, supportHttpCharsetHeader=false, allowAttachAudio=true, smsToMmsTextLengthThreshold=-1, recipientLimit=20, uaProfTagName=x-wap-profile, aliasMaxChars=48, maxImageHeight=1944, enableMMSDeliveryReports=false, userAgent=, config_cellBroadcastAppLinks=true, maxSubjectLength=80, httpParams=, enableGroupMms=false, emailGatewayNumber=, maxMessageSize=307200, naiSuffix=, enableMMSReadReports=false, maxImageWidth=2592, uaProfUrl=, enabledMMS=true, enabledNotifyWapMMSC=false, sendMultipartSmsAsSeparateMessages=false, enableMultipartSMS=true}] from resources+system for subId=2
02-06 14:22:25.403 11489 11489 I BugleDataModel: ActionExecutor Empty Service started
02-06 14:22:25.405 11489 11522 V Bugle   : Committing bugle phenotype.
02-06 14:22:25.445 11489 11546 W Bugle   : canonicalizeMccMnc: invalid mccmnc:null ,null
02-06 14:22:25.456  2058  4295 D MmsServiceBroker: getCarrierConfigValues() by com.google.android.apps.messaging
02-06 14:22:25.456  5115  5766 D MmsService: getCarrierConfigValues
02-06 14:22:25.456  5115  5766 I MmsService: mms config for sub 3: Bundle[{httpSocketTimeout=60000, aliasMinChars=2, smsUsesSimpleCharactersOnly=true, smsToMmsTextThreshold=6, enableSMSDeliveryReports=true, maxMessageTextSize=-1, smsEncodingChangeable=true, supportMmsContentDisposition=true, enabledTransID=false, aliasEnabled=false, supportHttpCharsetHeader=false, allowAttachAudio=true, smsToMmsTextLengthThreshold=-1, recipientLimit=20, uaProfTagName=x-wap-profile, aliasMaxChars=48, maxImageHeight=1944, enableMMSDeliveryReports=false, userAgent=, config_cellBroadcastAppLinks=true, maxSubjectLength=80, httpParams=, enableGroupMms=false, emailGatewayNumber=, maxMessageSize=307200, naiSuffix=, enableMMSReadReports=false, maxImageWidth=2592, uaProfUrl=, enabledMMS=true, enabledNotifyWapMMSC=false, sendMultipartSmsAsSeparateMessages=false, enableMultipartSMS=true}]
02-06 14:22:25.457 11489 11546 I Bugle   : Carrier configs loaded: Bundle[{httpSocketTimeout=60000, aliasMinChars=2, smsUsesSimpleCharactersOnly=true, smsToMmsTextThreshold=6, enableSMSDeliveryReports=true, maxMessageTextSize=-1, smsEncodingChangeable=true, supportMmsContentDisposition=true, enabledTransID=false, aliasEnabled=false, supportHttpCharsetHeader=false, allowAttachAudio=true, smsToMmsTextLengthThreshold=-1, recipientLimit=20, uaProfTagName=x-wap-profile, aliasMaxChars=48, maxImageHeight=1944, enableMMSDeliveryReports=false, userAgent=, config_cellBroadcastAppLinks=true, maxSubjectLength=80, httpParams=, enableGroupMms=false, emailGatewayNumber=, maxMessageSize=307200, naiSuffix=, enableMMSReadReports=false, maxImageWidth=2592, uaProfUrl=, enabledMMS=true, enabledNotifyWapMMSC=false, sendMultipartSmsAsSeparateMessages=false, enableMultipartSMS=true}] from resources+system for subId=3
02-06 14:22:25.464 11489 11522 I ShortcutBadger: Checking if platform supports badge counters, attempt 1/3.
02-06 14:22:25.471 11489 11522 I ShortcutBadger: Checking if platform supports badge counters, attempt 2/3.
02-06 14:22:25.472 11489 11546 W Bugle   : canonicalizeMccMnc: invalid mccmnc:null ,null
02-06 14:22:25.477 11489 11522 I ShortcutBadger: Checking if platform supports badge counters, attempt 3/3.
02-06 14:22:25.481 11489 11522 W ShortcutBadger: Badge counter seems not supported in this platform: unable to resolve intent: Intent { act=android.intent.action.BADGE_COUNT_UPDATE (has extras) }
02-06 14:22:25.483 11489 11489 I BugleDataModel: ActionExecutor Empty Service destroyed
02-06 14:22:25.484  2058  5166 D MmsServiceBroker: getCarrierConfigValues() by com.google.android.apps.messaging
02-06 14:22:25.484  5115  5320 D MmsService: getCarrierConfigValues
02-06 14:22:25.484  5115  5320 I MmsService: mms config for sub 2: Bundle[{httpSocketTimeout=60000, aliasMinChars=2, smsUsesSimpleCharactersOnly=true, smsToMmsTextThreshold=6, enableSMSDeliveryReports=true, maxMessageTextSize=-1, smsEncodingChangeable=true, supportMmsContentDisposition=true, enabledTransID=false, aliasEnabled=false, supportHttpCharsetHeader=false, allowAttachAudio=true, smsToMmsTextLengthThreshold=-1, recipientLimit=20, uaProfTagName=x-wap-profile, aliasMaxChars=48, maxImageHeight=1944, enableMMSDeliveryReports=false, userAgent=, config_cellBroadcastAppLinks=true, maxSubjectLength=80, httpParams=, enableGroupMms=false, emailGatewayNumber=, maxMessageSize=307200, naiSuffix=, enableMMSReadReports=false, maxImageWidth=2592, uaProfUrl=, enabledMMS=true, enabledNotifyWapMMSC=false, sendMultipartSmsAsSeparateMessages=false, enableMultipartSMS=true}]
02-06 14:22:25.485 11489 11546 I Bugle   : Carrier configs loaded: Bundle[{httpSocketTimeout=60000, aliasMinChars=2, smsUsesSimpleCharactersOnly=true, smsToMmsTextThreshold=6, enableSMSDeliveryReports=true, maxMessageTextSize=-1, smsEncodingChangeable=true, supportMmsContentDisposition=true, enabledTransID=false, aliasEnabled=false, supportHttpCharsetHeader=false, allowAttachAudio=true, smsToMmsTextLengthThreshold=-1, recipientLimit=20, uaProfTagName=x-wap-profile, aliasMaxChars=48, maxImageHeight=1944, enableMMSDeliveryReports=false, userAgent=, config_cellBroadcastAppLinks=true, maxSubjectLength=80, httpParams=, enableGroupMms=false, emailGatewayNumber=, maxMessageSize=307200, naiSuffix=, enableMMSReadReports=false, maxImageWidth=2592, uaProfUrl=, enabledMMS=true, enabledNotifyWapMMSC=false, sendMultipartSmsAsSeparateMessages=false, enableMultipartSMS=true}] from resources+system for subId=2
02-06 14:22:25.514 11489 11547 W Bugle   : canonicalizeMccMnc: invalid mccmnc:null ,null
02-06 14:22:25.524  2058  5130 D MmsServiceBroker: getCarrierConfigValues() by com.google.android.apps.messaging
02-06 14:22:25.524  5115  5318 D MmsService: getCarrierConfigValues
02-06 14:22:25.524  5115  5318 I MmsService: mms config for sub 3: Bundle[{httpSocketTimeout=60000, aliasMinChars=2, smsUsesSimpleCharactersOnly=true, smsToMmsTextThreshold=6, enableSMSDeliveryReports=true, maxMessageTextSize=-1, smsEncodingChangeable=true, supportMmsContentDisposition=true, enabledTransID=false, aliasEnabled=false, supportHttpCharsetHeader=false, allowAttachAudio=true, smsToMmsTextLengthThreshold=-1, recipientLimit=20, uaProfTagName=x-wap-profile, aliasMaxChars=48, maxImageHeight=1944, enableMMSDeliveryReports=false, userAgent=, config_cellBroadcastAppLinks=true, maxSubjectLength=80, httpParams=, enableGroupMms=false, emailGatewayNumber=, maxMessageSize=307200, naiSuffix=, enableMMSReadReports=false, maxImageWidth=2592, uaProfUrl=, enabledMMS=true, enabledNotifyWapMMSC=false, sendMultipartSmsAsSeparateMessages=false, enableMultipartSMS=true}]
02-06 14:22:25.525 11489 11547 I Bugle   : Carrier configs loaded: Bundle[{httpSocketTimeout=60000, aliasMinChars=2, smsUsesSimpleCharactersOnly=true, smsToMmsTextThreshold=6, enableSMSDeliveryReports=true, maxMessageTextSize=-1, smsEncodingChangeable=true, supportMmsContentDisposition=true, enabledTransID=false, aliasEnabled=false, supportHttpCharsetHeader=false, allowAttachAudio=true, smsToMmsTextLengthThreshold=-1, recipientLimit=20, uaProfTagName=x-wap-profile, aliasMaxChars=48, maxImageHeight=1944, enableMMSDeliveryReports=false, userAgent=, config_cellBroadcastAppLinks=true, maxSubjectLength=80, httpParams=, enableGroupMms=false, emailGatewayNumber=, maxMessageSize=307200, naiSuffix=, enableMMSReadReports=false, maxImageWidth=2592, uaProfUrl=, enabledMMS=true, enabledNotifyWapMMSC=false, sendMultipartSmsAsSeparateMessages=false, enableMultipartSMS=true}] from resources+system for subId=3
02-06 14:22:25.537 11489 11547 W Bugle   : canonicalizeMccMnc: invalid mccmnc:null ,null
02-06 14:22:25.551  2058  8396 D MmsServiceBroker: getCarrierConfigValues() by com.google.android.apps.messaging
02-06 14:22:25.551  5115  5128 D MmsService: getCarrierConfigValues
02-06 14:22:25.551  5115  5128 I MmsService: mms config for sub 2: Bundle[{httpSocketTimeout=60000, aliasMinChars=2, smsUsesSimpleCharactersOnly=true, smsToMmsTextThreshold=6, enableSMSDeliveryReports=true, maxMessageTextSize=-1, smsEncodingChangeable=true, supportMmsContentDisposition=true, enabledTransID=false, aliasEnabled=false, supportHttpCharsetHeader=false, allowAttachAudio=true, smsToMmsTextLengthThreshold=-1, recipientLimit=20, uaProfTagName=x-wap-profile, aliasMaxChars=48, maxImageHeight=1944, enableMMSDeliveryReports=false, userAgent=, config_cellBroadcastAppLinks=true, maxSubjectLength=80, httpParams=, enableGroupMms=false, emailGatewayNumber=, maxMessageSize=307200, naiSuffix=, enableMMSReadReports=false, maxImageWidth=2592, uaProfUrl=, enabledMMS=true, enabledNotifyWapMMSC=false, sendMultipartSmsAsSeparateMessages=false, enableMultipartSMS=true}]
02-06 14:22:25.552 11489 11547 I Bugle   : Carrier configs loaded: Bundle[{httpSocketTimeout=60000, aliasMinChars=2, smsUsesSimpleCharactersOnly=true, smsToMmsTextThreshold=6, enableSMSDeliveryReports=true, maxMessageTextSize=-1, smsEncodingChangeable=true, supportMmsContentDisposition=true, enabledTransID=false, aliasEnabled=false, supportHttpCharsetHeader=false, allowAttachAudio=true, smsToMmsTextLengthThreshold=-1, recipientLimit=20, uaProfTagName=x-wap-profile, aliasMaxChars=48, maxImageHeight=1944, enableMMSDeliveryReports=false, userAgent=, config_cellBroadcastAppLinks=true, maxSubjectLength=80, httpParams=, enableGroupMms=false, emailGatewayNumber=, maxMessageSize=307200, naiSuffix=, enableMMSReadReports=false, maxImageWidth=2592, uaProfUrl=, enabledMMS=true, enabledNotifyWapMMSC=false, sendMultipartSmsAsSeparateMessages=false, enableMultipartSMS=true}] from resources+system for subId=2
02-06 14:22:25.606 11489 11548 E Bugle   : PhoneUtils.getValidE164Number(): Not able to parse phone number Redacted-0 for country VE
02-06 14:22:25.658 11489 11548 I BugleBackup: Registering preference change listener for "buglesub_1".
02-06 14:22:25.670 11489 11548 W Bugle   : PhoneUtils.getSelfRawNumber: subInfo is null for 1
02-06 14:22:25.697  4748  7019 I Icing   : Indexing 4A9868CD1AE5A8DF1D961C69578915FCA9BAEBDA from com.google.android.gms
02-06 14:22:25.698  4748  7019 I Icing   : Indexing done 4A9868CD1AE5A8DF1D961C69578915FCA9BAEBDA
02-06 14:22:25.700  2058  4131 D BatteryService: uevent={POWER_SUPPLY_TEMP=400, POWER_SUPPLY_STATUS=Not charging, POWER_SUPPLY_CAPACITY=41, ACTION=change, DEVPATH=/devices/soc.0/qpnp-smbcharger-f6e7c600/power_supply/battery, POWER_SUPPLY_AGE=125, POWER_SUPPLY_VOLTAGE_MAX=4350, SUBSYSTEM=power_supply, POWER_SUPPLY_NUM_SYSTEM_TEMP_LEVELS=8, POWER_SUPPLY_INPUT_CURRENT_MAX=1500000, POWER_SUPPLY_VOLTAGE_MAX_DESIGN=4350000, POWER_SUPPLY_CHARGE_FULL=3834000, POWER_SUPPLY_NAME=battery, POWER_SUPPLY_FLASH_CURRENT_MAX=1819194, POWER_SUPPLY_HEALTH=Good, POWER_SUPPLY_CYCLE_COUNT=0, POWER_SUPPLY_TECHNOLOGY=Li-ion, POWER_SUPPLY_CHARGE_TYPE=N/A, POWER_SUPPLY_CONSTANT_CHARGE_CURRENT_MAX=2500000, POWER_SUPPLY_PRESENT=1, POWER_SUPPLY_TEMP_HOTSPOT=0, POWER_SUPPLY_INPUT_CURRENT_SETTLED=0, POWER_SUPPLY_SAFETY_TIMER_ENABLED=0, POWER_SUPPLY_FLASH_ACTIVE=0, POWER_SUPPLY_VOLTAGE_NOW=3644845, SEQNUM=3700, POWER_SUPPLY_CHARGE_FULL_DESIGN=3059000, POWER_SUPPLY_CURRENT_NOW=1302024, POWER_SUPPLY_CHARGE_COUNTER=1190829, POWER_SUPPLY_SYSTEM_TEMP_LEVEL=7, POWER_SUPPLY_CHARGE_RATE=Normal, POWER_SUPPLY_CHARGING_ENABLED=1, POWER_SUPPLY_BATTERY_CHARGING_ENABLED=1}
02-06 14:22:25.701  2058  5166 D BatteryService: Processing new values: chargerAcOnline=false, chargerUsbOnline=true, chargerWirelessOnline=false, maxChargingCurrent0, batteryStatus=4, batteryHealth=2, batteryPresent=true, batteryLevel=41, batteryTechnology=Li-ion, batteryVoltage=3644, batteryTemperature=400, mBatteryLevelCritical=false, mPlugType=2, mChargeRate=1, modLevel=-1, modStatus=-1, modFlag=0
02-06 14:22:25.702  2058  5166 D BatteryService: Sending ACTION_BATTERY_CHANGED.  level:41, scale:100, status:4, health:2, present:true, voltage: 3644, temperature: 400, technology: Li-ion, AC powered:false, USB powered:true, Wireless powered:false, icon:17303108, invalid charger:0, maxChargingCurrent:0, charge rate:1, MOD powered:false, mod level:-1, mod status:-1, mod flag:0
02-06 14:22:25.704  4266  4266 D KeyguardUpdateMonitor: received broadcast android.intent.action.BATTERY_CHANGED
02-06 14:22:25.707  4589  4589 V whitetile2_eat_srv:  mBatteryChangedReceiver voltage 3644
02-06 14:22:25.709  4266  4266 D KeyguardUpdateMonitor: handleBatteryUpdate
02-06 14:22:25.711  2058  5166 D BatteryService: Processing new values: chargerAcOnline=false, chargerUsbOnline=true, chargerWirelessOnline=false, maxChargingCurrent0, batteryStatus=4, batteryHealth=2, batteryPresent=true, batteryLevel=41, batteryTechnology=Li-ion, batteryVoltage=3644, batteryTemperature=400, mBatteryLevelCritical=false, mPlugType=2, mChargeRate=1, modLevel=-1, modStatus=-1, modFlag=0
02-06 14:22:25.712  2058  5166 D BatteryService: Processing new values: chargerAcOnline=false, chargerUsbOnline=true, chargerWirelessOnline=false, maxChargingCurrent0, batteryStatus=2, batteryHealth=2, batteryPresent=true, batteryLevel=41, batteryTechnology=Li-ion, batteryVoltage=3644, batteryTemperature=400, mBatteryLevelCritical=false, mPlugType=2, mChargeRate=1, modLevel=-1, modStatus=-1, modFlag=0
02-06 14:22:25.712  2058  5166 D BatteryService: Sending ACTION_BATTERY_CHANGED.  level:41, scale:100, status:2, health:2, present:true, voltage: 3644, temperature: 400, technology: Li-ion, AC powered:false, USB powered:true, Wireless powered:false, icon:17303122, invalid charger:0, maxChargingCurrent:0, charge rate:1, MOD powered:false, mod level:-1, mod status:-1, mod flag:0
02-06 14:22:25.714  2058  2058 I EntropyMixer: Writing entropy...
02-06 14:22:25.715  2058  4131 D BatteryService: uevent={POWER_SUPPLY_TEMP=400, POWER_SUPPLY_STATUS=Charging, POWER_SUPPLY_CAPACITY=41, ACTION=change, DEVPATH=/devices/soc.0/qpnp-smbcharger-f6e7c600/power_supply/battery, POWER_SUPPLY_AGE=125, POWER_SUPPLY_VOLTAGE_MAX=4350, SUBSYSTEM=power_supply, POWER_SUPPLY_NUM_SYSTEM_TEMP_LEVELS=8, POWER_SUPPLY_INPUT_CURRENT_MAX=1500000, POWER_SUPPLY_VOLTAGE_MAX_DESIGN=4350000, POWER_SUPPLY_CHARGE_FULL=3834000, POWER_SUPPLY_NAME=battery, POWER_SUPPLY_FLASH_CURRENT_MAX=1836120, POWER_SUPPLY_HEALTH=Good, POWER_SUPPLY_CYCLE_COUNT=0, POWER_SUPPLY_TECHNOLOGY=Li-ion, POWER_SUPPLY_CHARGE_TYPE=Trickle, POWER_SUPPLY_CONSTANT_CHARGE_CURRENT_MAX=2500000, POWER_SUPPLY_PRESENT=1, POWER_SUPPLY_TEMP_HOTSPOT=0, POWER_SUPPLY_INPUT_CURRENT_SETTLED=0, POWER_SUPPLY_SAFETY_TIMER_ENABLED=0, POWER_SUPPLY_FLASH_ACTIVE=0, POWER_SUPPLY_VOLTAGE_NOW=3668038, SEQNUM=3703, POWER_SUPPLY_CHARGE_FULL_DESIGN=3059000, POWER_SUPPLY_CURRENT_NOW=1302024, POWER_SUPPLY_CHARGE_COUNTER=1190829, POWER_SUPPLY_SYSTEM_TEMP_LEVEL=7, POWER_SUPPLY_CHARGE_RATE=Normal, POWER_SUPPLY_CHARGING_ENABLED=1, POWER_SUPPLY_BATTERY_CHARGING_ENABLED=1}
02-06 14:22:25.716  4589  4589 V whitetile2_eat_srv:  mScreenObserver ACTION_POWER_CONNECTED!!! 
02-06 14:22:25.718 10812 10812 D HardwareInformationReceiver: HardwareInformationReceiver onReceive()|action: android.intent.action.ACTION_POWER_CONNECTED
02-06 14:22:25.720  2058  6906 D BatteryService: Processing new values: chargerAcOnline=false, chargerUsbOnline=true, chargerWirelessOnline=false, maxChargingCurrent0, batteryStatus=2, batteryHealth=2, batteryPresent=true, batteryLevel=41, batteryTechnology=Li-ion, batteryVoltage=3668, batteryTemperature=400, mBatteryLevelCritical=false, mPlugType=2, mChargeRate=1, modLevel=-1, modStatus=-1, modFlag=0
02-06 14: