02-06 14:21:57.138  2058  4131 D BatteryService: uevent={POWER_SUPPLY_TEMP=392, POWER_SUPPLY_STATUS=Discharging, POWER_SUPPLY_CAPACITY=41, ACTION=change, DEVPATH=/devices/soc.0/qpnp-smbcharger-f6e7c600/power_supply/battery, POWER_SUPPLY_AGE=125, POWER_SUPPLY_VOLTAGE_MAX=4350, SUBSYSTEM=power_supply, POWER_SUPPLY_NUM_SYSTEM_TEMP_LEVELS=8, POWER_SUPPLY_INPUT_CURRENT_MAX=1000000, POWER_SUPPLY_VOLTAGE_MAX_DESIGN=4350000, POWER_SUPPLY_CHARGE_FULL=3834000, POWER_SUPPLY_NAME=battery, POWER_SUPPLY_FLASH_CURRENT_MAX=1688842, POWER_SUPPLY_HEALTH=Good, POWER_SUPPLY_CYCLE_COUNT=0, POWER_SUPPLY_TECHNOLOGY=Li-ion, POWER_SUPPLY_CHARGE_TYPE=N/A, POWER_SUPPLY_CONSTANT_CHARGE_CURRENT_MAX=2500000, POWER_SUPPLY_PRESENT=1, POWER_SUPPLY_TEMP_HOTSPOT=0, POWER_SUPPLY_INPUT_CURRENT_SETTLED=0, POWER_SUPPLY_SAFETY_TIMER_ENABLED=0, POWER_SUPPLY_FLASH_ACTIVE=0, POWER_SUPPLY_VOLTAGE_NOW=3696114, SEQNUM=3673, POWER_SUPPLY_CHARGE_FULL_DESIGN=3059000, POWER_SUPPLY_CURRENT_NOW=888971, POWER_SUPPLY_CHARGE_COUNTER=1198186, POWER_SUPPLY_SYSTEM_TEMP_LEVEL=5, POWER_SUPPLY_CHARGE_RATE=None, POWER_SUPPLY_CHARGING_ENABLED=1, POWER_SUPPLY_BATTERY_CHARGING_ENABLED=1}
02-06 14:21:57.138  2058  7188 D BatteryService: Processing new values: chargerAcOnline=false, chargerUsbOnline=false, chargerWirelessOnline=false, maxChargingCurrent0, batteryStatus=3, batteryHealth=2, batteryPresent=true, batteryLevel=41, batteryTechnology=Li-ion, batteryVoltage=3696, batteryTemperature=392, mBatteryLevelCritical=false, mPlugType=0, mChargeRate=0, modLevel=-1, modStatus=-1, modFlag=0
02-06 14:21:57.139  2058  7188 D BatteryService: Sending ACTION_BATTERY_CHANGED.  level:41, scale:100, status:3, health:2, present:true, voltage: 3696, temperature: 392, technology: Li-ion, AC powered:false, USB powered:false, Wireless powered:false, icon:17303108, invalid charger:0, maxChargingCurrent:0, charge rate:0, MOD powered:false, mod level:-1, mod status:-1, mod flag:0
02-06 14:21:57.141  4266  4266 D KeyguardUpdateMonitor: received broadcast android.intent.action.BATTERY_CHANGED
02-06 14:21:57.141  4266  4266 D KeyguardUpdateMonitor: handleBatteryUpdate
02-06 14:21:57.151  7963  7963 W Settings: Setting install_non_market_apps has moved from android.provider.Settings.Global to android.provider.Settings.Secure, returning read-only value.
02-06 14:21:57.151  5115  5128 D IccSmsInterfaceManager: [IccSmsInterfaceManager] disableGsmBroadcastRange
02-06 14:21:57.152  5115  5128 D IccSmsInterfaceManager: [IccSmsInterfaceManager] Failed to remove GSM cell broadcast subscription for MID range 50 to 50 from client com.android.cellbroadcastreceiver
02-06 14:21:57.165  7963  9361 D Index   : Deleting data for locale 'es_ES' took 7 millis
02-06 14:21:57.184  5115  5318 D IccSmsInterfaceManager: [IccSmsInterfaceManager] disableGsmBroadcastRange
02-06 14:21:57.185  5115  5318 D IccSmsInterfaceManager: [IccSmsInterfaceManager] Failed to remove GSM cell broadcast subscription for MID range 911 to 928 from client com.android.cellbroadcastreceiver
02-06 14:21:57.213  5115  5127 D IccSmsInterfaceManager: [IccSmsInterfaceManager] disableGsmBroadcastRange
02-06 14:21:57.214  5115  5127 D IccSmsInterfaceManager: [IccSmsInterfaceManager] Failed to remove GSM cell broadcast subscription for MID range 4355 to 4355 from client com.android.cellbroadcastreceiver
02-06 14:21:57.230  5115  5128 D IccSmsInterfaceManager: [IccSmsInterfaceManager] disableGsmBroadcastRange
02-06 14:21:57.231  5115  5128 D IccSmsInterfaceManager: [IccSmsInterfaceManager] Failed to remove GSM cell broadcast subscription for MID range 4380 to 4382 from client com.android.cellbroadcastreceiver
02-06 14:21:57.243  5115  5320 D IccSmsInterfaceManager: [IccSmsInterfaceManager] disableCdmaBroadcastRange
02-06 14:21:57.244  5115  5320 D IccSmsInterfaceManager: [IccSmsInterfaceManager] Failed to remove cdma broadcast subscription for MID range 4100 to 4100 from client com.android.cellbroadcastreceiver
02-06 14:21:57.244  7963  9361 D Index   : Indexing locale 'es_ES' took 79 millis
02-06 14:21:57.262  5115  5318 D IccSmsInterfaceManager: [IccSmsInterfaceManager] disableGsmBroadcastRange
02-06 14:21:57.262  5115  5318 D IccSmsInterfaceManager: [IccSmsInterfaceManager] Failed to remove GSM cell broadcast subscription for MID range 4393 to 4395 from client com.android.cellbroadcastreceiver
02-06 14:21:57.331  9325  9325 I chatty  : uid=10028 com.google.android.gms.unstable expire 2 lines
02-06 14:21:57.333  2058  2101 I LaunchCheckinHandler: Displayed com.android.settings/.SubSettings,wp,ca,286
02-06 14:21:57.333  2058  2101 I ActivityManager: Displayed com.android.settings/.SubSettings: +286ms
02-06 14:21:57.336  5018  5018 I Keyboard.Facilitator: onFinishInput()
02-06 14:21:57.401  7963  7985 D OpenGLRenderer: endAllActiveAnimators on 0xb8774e08 (RippleDrawable) with handle 0xb8b982e8
02-06 14:21:57.719   483   742 I SFPerfTracer:      triggers: (rate: 0:0) (0 sw vsyncs) (0 skipped) (35:1961 vsyncs) (37:2213)
02-06 14:21:58.112   510   641 I ThermalEngine: cpu_frequency_pre_req: SS-BATTERY-MSM: device=battery frequency=4
02-06 14:21:58.116  2058  4131 D BatteryService: uevent={POWER_SUPPLY_TEMP=392, POWER_SUPPLY_STATUS=Discharging, POWER_SUPPLY_CAPACITY=41, ACTION=change, DEVPATH=/devices/soc.0/qpnp-smbcharger-f6e7c600/power_supply/battery, POWER_SUPPLY_AGE=125, POWER_SUPPLY_VOLTAGE_MAX=4350, SUBSYSTEM=power_supply, POWER_SUPPLY_NUM_SYSTEM_TEMP_LEVELS=8, POWER_SUPPLY_INPUT_CURRENT_MAX=1000000, POWER_SUPPLY_VOLTAGE_MAX_DESIGN=4350000, POWER_SUPPLY_CHARGE_FULL=3834000, POWER_SUPPLY_NAME=battery, POWER_SUPPLY_FLASH_CURRENT_MAX=1875028, POWER_SUPPLY_HEALTH=Good, POWER_SUPPLY_CYCLE_COUNT=0, POWER_SUPPLY_TECHNOLOGY=Li-ion, POWER_SUPPLY_CHARGE_TYPE=N/A, POWER_SUPPLY_CONSTANT_CHARGE_CURRENT_MAX=2500000, POWER_SUPPLY_PRESENT=1, POWER_SUPPLY_TEMP_HOTSPOT=0, POWER_SUPPLY_INPUT_CURRENT_SETTLED=0, POWER_SUPPLY_SAFETY_TIMER_ENABLED=0, POWER_SUPPLY_FLASH_ACTIVE=0, POWER_SUPPLY_VOLTAGE_NOW=3696114, SEQNUM=3674, POWER_SUPPLY_CHARGE_FULL_DESIGN=3059000, POWER_SUPPLY_CURRENT_NOW=888971, POWER_SUPPLY_CHARGE_COUNTER=1198186, POWER_SUPPLY_SYSTEM_TEMP_LEVEL=4, POWER_SUPPLY_CHARGE_RATE=None, POWER_SUPPLY_CHARGING_ENABLED=1, POWER_SUPPLY_BATTERY_CHARGING_ENABLED=1}
02-06 14:21:58.116  2058  4279 D BatteryService: Processing new values: chargerAcOnline=false, chargerUsbOnline=false, chargerWirelessOnline=false, maxChargingCurrent0, batteryStatus=3, batteryHealth=2, batteryPresent=true, batteryLevel=41, batteryTechnology=Li-ion, batteryVoltage=3696, batteryTemperature=392, mBatteryLevelCritical=false, mPlugType=0, mChargeRate=0, modLevel=-1, modStatus=-1, modFlag=0
02-06 14:21:58.228  4266  4655 I NetworkController.MotorolaMobileSignalController(3): MotorolaMobilePhoneStateListener.onDataActivity: Entered: direction=3
02-06 14:21:58.229  4266  4655 I NetworkController.MotorolaMobileSignalController(2): MotorolaMobilePhoneStateListener.onDataActivity: Entered: direction=3
02-06 14:21:58.462  4366  4366 D ConnectivityManager: getMobileDataEnabled()+ subId=3
02-06 14:21:58.462  5115  5320 D PhoneInterfaceManager: [PhoneIntfMgr] getDataEnabled: subId=3 phoneId=0
02-06 14:21:58.462  5115  5320 D PhoneInterfaceManager: [PhoneIntfMgr] getDataEnabled: subId=3 retVal=true
02-06 14:21:58.462  4366  4366 D ConnectivityManager: getMobileDataEnabled()- subId=3 retVal=true
02-06 14:21:58.822  4748  7258 I chatty  : uid=10028(com.google.android.gms) expire 24 lines
02-06 14:21:58.917  8611  8655 I EventLogSendingHelper: Sending log events.
02-06 14:21:58.957  2058  4280 I BroadcastQueue: Resuming delayed broadcast
02-06 14:21:58.979  2058  8398 I BroadcastQueue: Delay finish: com.motorola.timeweatherwidget/com.motorola.commandcenter.weather.WeatherServiceReceiver
02-06 14:21:58.982  6149  6149 I WeatherApp: Creating weather service
02-06 14:21:58.996  6149  6149 I WeatherApp: onStartCommand action: com.motorola.commandcenter.weather.action.START_WEATHER_SERVICE
02-06 14:21:59.012  6149  6149 I WeatherApp: deleted failed in content://com.motorola.commandcenter.weather/forecast
02-06 14:21:59.014  6149  9390 I WeatherApp: is force update = false
02-06 14:21:59.014  6149  9390 I WeatherApp: Current Location is OFF or no provider available.
02-06 14:21:59.014  6149  9390 I WeatherApp: is force update = false
02-06 14:21:59.017  6149  9390 I WeatherApp: No top city.
02-06 14:21:59.113   510   641 I ThermalEngine: cpu_frequency_pre_req: SS-BATTERY-MSM: device=battery frequency=5
02-06 14:21:59.122  2058  4131 D BatteryService: uevent={POWER_SUPPLY_TEMP=392, POWER_SUPPLY_STATUS=Discharging, POWER_SUPPLY_CAPACITY=41, ACTION=change, DEVPATH=/devices/soc.0/qpnp-smbcharger-f6e7c600/power_supply/battery, POWER_SUPPLY_AGE=125, POWER_SUPPLY_VOLTAGE_MAX=4350, SUBSYSTEM=power_supply, POWER_SUPPLY_NUM_SYSTEM_TEMP_LEVELS=8, POWER_SUPPLY_INPUT_CURRENT_MAX=1000000, POWER_SUPPLY_VOLTAGE_MAX_DESIGN=4350000, POWER_SUPPLY_CHARGE_FULL=3834000, POWER_SUPPLY_NAME=battery, POWER_SUPPLY_FLASH_CURRENT_MAX=1743710, POWER_SUPPLY_HEALTH=Good, POWER_SUPPLY_CYCLE_COUNT=0, POWER_SUPPLY_TECHNOLOGY=Li-ion, POWER_SUPPLY_CHARGE_TYPE=N/A, POWER_SUPPLY_CONSTANT_CHARGE_CURRENT_MAX=2500000, POWER_SUPPLY_PRESENT=1, POWER_SUPPLY_TEMP_HOTSPOT=0, POWER_SUPPLY_INPUT_CURRENT_SETTLED=0, POWER_SUPPLY_SAFETY_TIMER_ENABLED=0, POWER_SUPPLY_FLASH_ACTIVE=0, POWER_SUPPLY_VOLTAGE_NOW=3666513, SEQNUM=3675, POWER_SUPPLY_CHARGE_FULL_DESIGN=3059000, POWER_SUPPLY_CURRENT_NOW=1131432, POWER_SUPPLY_CHARGE_COUNTER=1197724, POWER_SUPPLY_SYSTEM_TEMP_LEVEL=3, POWER_SUPPLY_CHARGE_RATE=None, POWER_SUPPLY_CHARGING_ENABLED=1, POWER_SUPPLY_BATTERY_CHARGING_ENABLED=1}
02-06 14:21:59.123  2058  6581 D BatteryService: Processing new values: chargerAcOnline=false, chargerUsbOnline=false, chargerWirelessOnline=false, maxChargingCurrent0, batteryStatus=3, batteryHealth=2, batteryPresent=true, batteryLevel=41, batteryTechnology=Li-ion, batteryVoltage=3666, batteryTemperature=392, mBatteryLevelCritical=false, mPlugType=0, mChargeRate=0, modLevel=-1, modStatus=-1, modFlag=0
02-06 14:21:59.124  2058  6581 D BatteryService: Sending ACTION_BATTERY_CHANGED.  level:41, scale:100, status:3, health:2, present:true, voltage: 3666, temperature: 392, technology: Li-ion, AC powered:false, USB powered:false, Wireless powered:false, icon:17303108, invalid charger:0, maxChargingCurrent:0, charge rate:0, MOD powered:false, mod level:-1, mod status:-1, mod flag:0
02-06 14:21:59.125  4266  4266 D KeyguardUpdateMonitor: received broadcast android.intent.action.BATTERY_CHANGED
02-06 14:21:59.126  4266  4266 D KeyguardUpdateMonitor: handleBatteryUpdate
02-06 14:21:59.866   483   483 I SFPerfTracer:      triggers: (rate: 6:232) (compose: 0:4) (post: 0:0) (render: 0:4) (50:1630 frames) (51:1834)
02-06 14:21:59.866   483   483 D SFPerfTracer:        layers: (3:10) (FocusedStackFrame (0xb91aff30): 0:38)* (DimLayer (0xb91b2588): 0:22)* (StatusBar (0xb91ba350): 1:286) (com.android.systemui.ImageWallpaper (0xb91ca3e0): 0:26)* (NavigationBar (0xb91e6e40): 0:169) (DimLayer (0xb91c2200): 0:23)* (DimLayer (0xb91c4238): 0:6)* (com.android.settings/com.android.settings.Settings (0xb91bd720): 0:137)- (com.android.settings/com.android.settings.SubSettings (0xb91e3530): 51:83) 
02-06 14:22:00.000  2058  4134 V AlarmManager: sending alarm {652edf3 type 3 *alarm*:android.intent.action.TIME_TICK}
02-06 14:22:00.004  4266  4266 D KeyguardUpdateMonitor: received broadcast android.intent.action.TIME_TICK
02-06 14:22:00.005  4266  4266 D KeyguardUpdateMonitor: handleTimeUpdate
02-06 14:22:00.027  5931  9395 I Thermal-Lib: Thermal-Lib-Client: Client request sent
02-06 14:22:00.027   510   636 I ThermalEngine: Thermal-Server: Thermal received msg from  override
02-06 14:22:00.027   510   636 E ThermalEngine: override_notify: SS mode 0 override
02-06 14:22:00.069  2058  2058 V AlarmManager: done {652edf3, *alarm*:android.intent.action.TIME_TICK} [69ms]
02-06 14:22:00.115   510   641 I ThermalEngine: cpu_frequency_pre_req: SS-BATTERY-MSM: device=battery frequency=6
02-06 14:22:00.122  2058  4131 D BatteryService: uevent={POWER_SUPPLY_TEMP=392, POWER_SUPPLY_STATUS=Discharging, POWER_SUPPLY_CAPACITY=41, ACTION=change, DEVPATH=/devices/soc.0/qpnp-smbcharger-f6e7c600/power_supply/battery, POWER_SUPPLY_AGE=125, POWER_SUPPLY_VOLTAGE_MAX=4350, SUBSYSTEM=power_supply, POWER_SUPPLY_NUM_SYSTEM_TEMP_LEVELS=8, POWER_SUPPLY_INPUT_CURRENT_MAX=1000000, POWER_SUPPLY_VOLTAGE_MAX_DESIGN=4350000, POWER_SUPPLY_CHARGE_FULL=3834000, POWER_SUPPLY_NAME=battery, POWER_SUPPLY_FLASH_CURRENT_MAX=1822263, POWER_SUPPLY_HEALTH=Good, POWER_SUPPLY_CYCLE_COUNT=0, POWER_SUPPLY_TECHNOLOGY=Li-ion, POWER_SUPPLY_CHARGE_TYPE=N/A, POWER_SUPPLY_CONSTANT_CHARGE_CURRENT_MAX=2500000, POWER_SUPPLY_PRESENT=1, POWER_SUPPLY_TEMP_HOTSPOT=0, POWER_SUPPLY_INPUT_CURRENT_SETTLED=0, POWER_SUPPLY_SAFETY_TIMER_ENABLED=0, POWER_SUPPLY_FLASH_ACTIVE=0, POWER_SUPPLY_VOLTAGE_NOW=3712289, SEQNUM=3676, POWER_SUPPLY_CHARGE_FULL_DESIGN=3059000, POWER_SUPPLY_CURRENT_NOW=755610, POWER_SUPPLY_CHARGE_COUNTER=1197416, POWER_SUPPLY_SYSTEM_TEMP_LEVEL=2, POWER_SUPPLY_CHARGE_RATE=None, POWER_SUPPLY_CHARGING_ENABLED=1, POWER_SUPPLY_BATTERY_CHARGING_ENABLED=1}
02-06 14:22:00.124  2058  5166 D BatteryService: Processing new values: chargerAcOnline=false, chargerUsbOnline=false, chargerWirelessOnline=false, maxChargingCurrent0, batteryStatus=3, batteryHealth=2, batteryPresent=true, batteryLevel=41, batteryTechnology=Li-ion, batteryVoltage=3712, batteryTemperature=392, mBatteryLevelCritical=false, mPlugType=0, mChargeRate=0, modLevel=-1, modStatus=-1, modFlag=0
02-06 14:22:00.125  2058  5166 D BatteryService: Sending ACTION_BATTERY_CHANGED.  level:41, scale:100, status:3, health:2, present:true, voltage: 3712, temperature: 392, technology: Li-ion, AC powered:false, USB powered:false, Wireless powered:false, icon:17303108, invalid charger:0, maxChargingCurrent:0, charge rate:0, MOD powered:false, mod level:-1, mod status:-1, mod flag:0
02-06 14:22:00.126  4266  4266 D KeyguardUpdateMonitor: received broadcast android.intent.action.BATTERY_CHANGED
02-06 14:22:00.129  4266  4266 D KeyguardUpdateMonitor: handleBatteryUpdate
02-06 14:22:00.234  4266  4655 I NetworkController.MotorolaMobileSignalController(3): MotorolaMobilePhoneStateListener.onDataActivity: Entered: direction=0
02-06 14:22:00.236  4266  4655 I NetworkController.MotorolaMobileSignalController(2): MotorolaMobilePhoneStateListener.onDataActivity: Entered: direction=0
02-06 14:22:01.038  9403  9403 E NEW_BHD : Battery Power Supply logging Daemon start!!!!!
02-06 14:22:01.039  9403  9403 E NEW_BHD : Cannot run on production devices!
02-06 14:22:01.118   510   641 I ThermalEngine: cpu_frequency_pre_req: SS-BATTERY-MSM: device=battery frequency=7
02-06 14:22:01.123  2058  4131 D BatteryService: uevent={POWER_SUPPLY_TEMP=392, POWER_SUPPLY_STATUS=Discharging, POWER_SUPPLY_CAPACITY=41, ACTION=change, DEVPATH=/devices/soc.0/qpnp-smbcharger-f6e7c600/power_supply/battery, POWER_SUPPLY_AGE=125, POWER_SUPPLY_VOLTAGE_MAX=4350, SUBSYSTEM=power_supply, POWER_SUPPLY_NUM_SYSTEM_TEMP_LEVELS=8, POWER_SUPPLY_INPUT_CURRENT_MAX=1000000, POWER_SUPPLY_VOLTAGE_MAX_DESIGN=4350000, POWER_SUPPLY_CHARGE_FULL=3834000, POWER_SUPPLY_NAME=battery, POWER_SUPPLY_FLASH_CURRENT_MAX=1856115, POWER_SUPPLY_HEALTH=Good, POWER_SUPPLY_CYCLE_COUNT=0, POWER_SUPPLY_TECHNOLOGY=Li-ion, POWER_SUPPLY_CHARGE_TYPE=N/A, POWER_SUPPLY_CONSTANT_CHARGE_CURRENT_MAX=2500000, POWER_SUPPLY_PRESENT=1, POWER_SUPPLY_TEMP_HOTSPOT=0, POWER_SUPPLY_INPUT_CURRENT_SETTLED=0, POWER_SUPPLY_SAFETY_TIMER_ENABLED=0, POWER_SUPPLY_FLASH_ACTIVE=0, POWER_SUPPLY_VOLTAGE_NOW=3712289, SEQNUM=3677, POWER_SUPPLY_CHARGE_FULL_DESIGN=3059000, POWER_SUPPLY_CURRENT_NOW=755610, POWER_SUPPLY_CHARGE_COUNTER=1197416, POWER_SUPPLY_SYSTEM_TEMP_LEVEL=1, POWER_SUPPLY_CHARGE_RATE=None, POWER_SUPPLY_CHARGING_ENABLED=1, POWER_SUPPLY_BATTERY_CHARGING_ENABLED=1}
02-06 14:22:01.125  2058  5166 D BatteryService: Processing new values: chargerAcOnline=false, chargerUsbOnline=false, chargerWirelessOnline=false, maxChargingCurrent0, batteryStatus=3, batteryHealth=2, batteryPresent=true, batteryLevel=41, batteryTechnology=Li-ion, batteryVoltage=3712, batteryTemperature=392, mBatteryLevelCritical=false, mPlugType=0, mChargeRate=0, modLevel=-1, modStatus=-1, modFlag=0
02-06 14:22:01.534   729   729 I MSM-irqbalance: Decided to move IRQ104 from CPU6 to CPU5
02-06 14:22:01.761   483   742 I SFPerfTracer:      triggers: (rate: 0:0) (0 sw vsyncs) (0 skipped) (34:2077 vsyncs) (36:2340)
02-06 14:22:02.081  2058  2090 I ActivityManager: Waited long enough for: ServiceRecord{f98c0cd u0 com.motorola.ccc.notification/.SundryService}
02-06 14:22:02.082  2058  2090 I BroadcastQueue: Resuming delayed broadcast
02-06 14:22:02.087  6149  6149 I WeatherApp: onStartCommand action: com.motorola.commandcenter.weather.action.START_WEATHER_SERVICE
02-06 14:22:02.092  6149  6149 I WeatherApp: deleted failed in content://com.motorola.commandcenter.weather/forecast
02-06 14:22:02.092  6149  9390 I WeatherApp: is force update = false
02-06 14:22:02.092  6149  9390 I WeatherApp: Current Location is OFF or no provider available.
02-06 14:22:02.092  6149  9390 I WeatherApp: is force update = false
02-06 14:22:02.093  6149  6149 I WeatherApp: onStartCommand action: com.motorola.commandcenter.weather.action.START_WEATHER_SERVICE
02-06 14:22:02.097  6149  9390 I WeatherApp: No top city.
02-06 14:22:02.102  6149  6149 I WeatherApp: deleted failed in content://com.motorola.commandcenter.weather/forecast
02-06 14:22:02.102  6149  9390 I WeatherApp: is force update = false
02-06 14:22:02.103  6149  9390 I WeatherApp: Current Location is OFF or no provider available.
02-06 14:22:02.103  6149  9390 I WeatherApp: is force update = false
02-06 14:22:02.105  6149  9390 I WeatherApp: No top city.
02-06 14:22:02.120   510   641 I ThermalEngine: cpu_frequency_pre_req: SS-BATTERY-MSM: device=battery frequency=8
02-06 14:22:02.128  2058  4131 D BatteryService: uevent={POWER_SUPPLY_TEMP=392, POWER_SUPPLY_STATUS=Discharging, POWER_SUPPLY_CAPACITY=41, ACTION=change, DEVPATH=/devices/soc.0/qpnp-smbcharger-f6e7c600/power_supply/battery, POWER_SUPPLY_AGE=125, POWER_SUPPLY_VOLTAGE_MAX=4350, SUBSYSTEM=power_supply, POWER_SUPPLY_NUM_SYSTEM_TEMP_LEVELS=8, POWER_SUPPLY_INPUT_CURRENT_MAX=1000000, POWER_SUPPLY_VOLTAGE_MAX_DESIGN=4350000, POWER_SUPPLY_CHARGE_FULL=3834000, POWER_SUPPLY_NAME=battery, POWER_SUPPLY_FLASH_CURRENT_MAX=1773691, POWER_SUPPLY_HEALTH=Good, POWER_SUPPLY_CYCLE_COUNT=0, POWER_SUPPLY_TECHNOLOGY=Li-ion, POWER_SUPPLY_CHARGE_TYPE=N/A, POWER_SUPPLY_CONSTANT_CHARGE_CURRENT_MAX=2500000, POWER_SUPPLY_PRESENT=1, POWER_SUPPLY_TEMP_HOTSPOT=0, POWER_SUPPLY_INPUT_CURRENT_SETTLED=0, POWER_SUPPLY_SAFETY_TIMER_ENABLED=0, POWER_SUPPLY_FLASH_ACTIVE=0, POWER_SUPPLY_VOLTAGE_NOW=3747536, SEQNUM=3678, POWER_SUPPLY_CHARGE_FULL_DESIGN=3059000, POWER_SUPPLY_CURRENT_NOW=463406, POWER_SUPPLY_CHARGE_COUNTER=1197226, POWER_SUPPLY_SYSTEM_TEMP_LEVEL=0, POWER_SUPPLY_CHARGE_RATE=None, POWER_SUPPLY_CHARGING_ENABLED=1, POWER_SUPPLY_BATTERY_CHARGING_ENABLED=1}
02-06 14:22:02.128  2058  5129 D BatteryService: Processing new values: chargerAcOnline=false, chargerUsbOnline=false, chargerWirelessOnline=false, maxChargingCurrent0, batteryStatus=3, batteryHealth=2, batteryPresent=true, batteryLevel=41, batteryTechnology=Li-ion, batteryVoltage=3747, batteryTemperature=392, mBatteryLevelCritical=false, mPlugType=0, mChargeRate=0, modLevel=-1, modStatus=-1, modFlag=0
02-06 14:22:02.129  2058  5129 D BatteryService: Sending ACTION_BATTERY_CHANGED.  level:41, scale:100, status:3, health:2, present:true, voltage: 3747, temperature: 392, technology: Li-ion, AC powered:false, USB powered:false, Wireless powered:false, icon:17303108, invalid charger:0, maxChargingCurrent:0, charge rate:0, MOD powered:false, mod level:-1, mod status:-1, mod flag:0
02-06 14:22:02.135  4266  4266 D KeyguardUpdateMonitor: received broadcast android.intent.action.BATTERY_CHANGED
02-06 14:22:02.137  4266  4266 D KeyguardUpdateMonitor: handleBatteryUpdate
02-06 14:22:02.160  2058  2090 I ActivityManager: Waited long enough for: ServiceRecord{ae71c01 u0 com.motorola.ccc.notification/com.motorola.blur.service.blur.JobSchedulerService}
02-06 14:22:02.236  6232  6232 D CellBroadcastReceiver: BOTA use case - Settings retained for subId 3: true
02-06 14:22:02.239  6232  6232 D CellBroadcastReceiver: BOTA use case - Settings retained for subId 2: true
02-06 14:22:02.263  7963  7963 D SimSelectNotification: simstatus = LOADED
02-06 14:22:02.266  4266  4655 I MotoNetwCtrlr: mCBEnableReceiver.onReceive: onReceive: Intent { act=com.motorola.cellbroadcastreceiver.CB_INFO_ON_SYSTEMUI flg=0x10 (has extras) } action=com.motorola.cellbroadcastreceiver.CB_INFO_ON_SYSTEMUI
02-06 14:22:02.266  7963  7963 D SimSelectNotification: simInsertState = 0
02-06 14:22:02.266  4266  4655 I NetworkController: Mobile signal controller handleBroadcast: Intent=Intent { act=com.motorola.cellbroadcastreceiver.CB_INFO_ON_SYSTEMUI flg=0x10 (has extras) } Action=com.motorola.cellbroadcastreceiver.CB_INFO_ON_SYSTEMUI
02-06 14:22:02.266  4266  4655 I NetworkController: mCBEnableReceiver: onReceive: mIsCellBroadcastActive=false
02-06 14:22:02.318  5115  6564 D IccSmsInterfaceManager: [IccSmsInterfaceManager] enableGsmBroadcastRange
02-06 14:22:02.319  5115  6564 D IccSmsInterfaceManager: [IccSmsInterfaceManager] Added GSM cell broadcast subscription for MID range 4352 to 4354 from client com.android.cellbroadcastreceiver
02-06 14:22:02.319  5115  6564 D IccSmsInterfaceManager: [IccSmsInterfaceManager] Calling setCellBroadcastActivation(true)
02-06 14:22:02.332  7963  7963 D SimSelectNotification: Data & SMS default sims are selected. No notification
02-06 14:22:02.335  9102  9102 D SprintDMReceiver: Received intent: android.intent.action.SIM_STATE_CHANGED
02-06 14:22:02.344   483   483 I SFPerfTracer:      triggers: (rate: 6:232) (compose: 0:4) (post: 0:0) (render: 0:4) (31:1732 frames) (32:1939)
02-06 14:22:02.345   483   483 D SFPerfTracer:        layers: (3:9) (FocusedStackFrame (0xb91aff30): 0:38)* (DimLayer (0xb91b2588): 0:22)* (StatusBar (0xb91ba350): 1:291) (com.android.systemui.ImageWallpaper (0xb91ca3e0): 0:26)* (NavigationBar (0xb91e6e40): 0:169) (DimLayer (0xb91c2200): 0:23)* (DimLayer (0xb91c4238): 0:6)* (com.android.settings/com.android.settings.SubSettings (0xb91e3530): 32:187) 
02-06 14:22:02.346  9102  9102 D SprintDMHelper: simOperator: 73402
02-06 14:22:02.346  9102  9102 D SprintDMReceiver: Not Sprint UICC, don't do anything.
02-06 14:22:02.351  5115  5128 D IccSmsInterfaceManager: [IccSmsInterfaceManager] enableGsmBroadcastRange
02-06 14:22:02.352  5115  5128 D IccSmsInterfaceManager: [IccSmsInterfaceManager] Added GSM cell broadcast subscription for MID range 4356 to 4356 from client com.android.cellbroadcastreceiver
02-06 14:22:02.352  5115  5128 D IccSmsInterfaceManager: [IccSmsInterfaceManager] Calling setCellBroadcastActivation(true)
02-06 14:22:02.359  9136  9136 D DMConfigUpdateService: onCreate()
02-06 14:22:02.363  9136  9136 D DMConfigUpdateService: getProvisionUpdateRequest
02-06 14:22:02.363  9136  9136 D DMConfigUpdateService: sendQcRilOemHookMsg: Outgoing Data is 00050007080000000005000700000000
02-06 14:22:02.368  9157  9157 D ImsService AutoBoot: org.codeaurora.ims.ImsService is already running. android.intent.action.SIM_STATE_CHANGED ignored. 
02-06 14:22:02.368  9136  9136 D DMConfigUpdateService: ITelephony.sendOemRilRequestRaw returns -2
02-06 14:22:02.368  9136  9136 E DMConfigUpdateService: getProvisionUpdateRequest no response/error
02-06 14:22:02.369  9136  9136 D DMConfigUpdateService: Requested action: android.intent.action.SIM_STATE_CHANGED
02-06 14:22:02.369  5115  5318 D IccSmsInterfaceManager: [IccSmsInterfaceManager] enableGsmBroadcastRange
02-06 14:22:02.369  5115  5318 D IccSmsInterfaceManager: [IccSmsInterfaceManager] Added GSM cell broadcast subscription for MID range 4371 to 4372 from client com.android.cellbroadcastreceiver
02-06 14:22:02.369  5115  5318 D IccSmsInterfaceManager: [IccSmsInterfaceManager] Calling setCellBroadcastActivation(true)
02-06 14:22:02.376  9136  9136 D DMConfigUpdateService: simOperator: 73402
02-06 14:22:02.378  9136  9136 D DMConfigUpdateService: onDestroy()
02-06 14:22:02.385  9181  9181 I Finsky  : [1] com.google.android.finsky.simhandler.SimStateReceiver.a(20): android.intent.action.SIM_STATE_CHANGED {extra=LOADED}
02-06 14:22:02.390  5115  5729 D IccSmsInterfaceManager: [IccSmsInterfaceManager] enableCdmaBroadcastRange
02-06 14:22:02.390  6232  6232 D CellBroadcastReceiver: subscriptionId = 3
02-06 14:22:02.391  5115  5729 D IccSmsInterfaceManager: [IccSmsInterfaceManager] Calling setCdmaBroadcastConfig with 1 configurations
02-06 14:22:02.393  2058  8397 I BroadcastQueue: Delay finish: com.google.android.googlequicksearchbox/.SearchWidgetProvider
02-06 14:22:02.394  5115  5729 D IccSmsInterfaceManager: [IccSmsInterfaceManager] Failed to add cdma broadcast subscription for MID range 4097 to 4097 from client com.android.cellbroadcastreceiver
02-06 14:22:02.398  2058  2067 I art     : Background partial concurrent mark sweep GC freed 19590(1250KB) AllocSpace objects, 1(20KB) LOS objects, 33% free, 29MB/44MB, paused 2.383ms total 110.143ms
02-06 14:22:02.408  5115  5318 D IccSmsInterfaceManager: [IccSmsInterfaceManager] enableGsmBroadcastRange
02-06 14:22:02.409  5115  5318 D IccSmsInterfaceManager: [IccSmsInterfaceManager] Added GSM cell broadcast subscription for MID range 4373 to 4378 from client com.android.cellbroadcastreceiver
02-06 14:22:02.409  5115  5318 D IccSmsInterfaceManager: [IccSmsInterfaceManager] Calling setCellBroadcastActivation(true)
02-06 14:22:02.425  5115  5128 D IccSmsInterfaceManager: [IccSmsInterfaceManager] enableCdmaBroadcastRange
02-06 14:22:02.426  5115  5128 D IccSmsInterfaceManager: [IccSmsInterfaceManager] Calling setCdmaBroadcastConfig with 1 configurations
02-06 14:22:02.428  5115  5128 D IccSmsInterfaceManager: [IccSmsInterfaceManager] Failed to add cdma broadcast subscription for MID range 4098 to 4098 from client com.android.cellbroadcastreceiver
02-06 14:22:02.439  5115  5318 D IccSmsInterfaceManager: [IccSmsInterfaceManager] enableGsmBroadcastRange
02-06 14:22:02.440  5115  5318 D IccSmsInterfaceManager: [IccSmsInterfaceManager] Added GSM cell broadcast subscription for MID range 4379 to 4379 from client com.android.cellbroadcastreceiver
02-06 14:22:02.440  5115  5318 D IccSmsInterfaceManager: [IccSmsInterfaceManager] Calling setCellBroadcastActivation(true)
02-06 14:22:02.457  5115  5318 D IccSmsInterfaceManager: [IccSmsInterfaceManager] enableCdmaBroadcastRange
02-06 14:22:02.458  5115  5318 D IccSmsInterfaceManager: [IccSmsInterfaceManager] Calling setCdmaBroadcastConfig with 1 configurations
02-06 14:22:02.461  5115  5318 D IccSmsInterfaceManager: [IccSmsInterfaceManager] Failed to add cdma broadcast subscription for MID range 4099 to 4099 from client com.android.cellbroadcastreceiver
02-06 14:22:02.473  5115  5320 D IccSmsInterfaceManager: [IccSmsInterfaceManager] enableGsmBroadcastRange
02-06 14:22:02.474  5115  5320 D IccSmsInterfaceManager: [IccSmsInterfaceManager] Added GSM cell broadcast subscription for MID range 4370 to 4370 from client com.android.cellbroadcastreceiver
02-06 14:22:02.474  5115  5320 D IccSmsInterfaceManager: [IccSmsInterfaceManager] Calling setCellBroadcastActivation(true)
02-06 14:22:02.491  5115  5320 D IccSmsInterfaceManager: [IccSmsInterfaceManager] enableCdmaBroadcastRange
02-06 14:22:02.493  5115  5320 D IccSmsInterfaceManager: [IccSmsInterfaceManager] Calling setCdmaBroadcastConfig with 1 configurations
02-06 14:22:02.497  5115  5320 D IccSmsInterfaceManager: [IccSmsInterfaceManager] Failed to add cdma broadcast subscription for MID range 4096 to 4096 from client com.android.cellbroadcastreceiver
02-06 14:22:02.510  5115  5127 D IccSmsInterfaceManager: [IccSmsInterfaceManager] enableGsmBroadcastRange
02-06 14:22:02.511  5115  5127 D IccSmsInterfaceManager: [IccSmsInterfaceManager] Added GSM cell broadcast subscription for MID range 4383 to 4383 from client com.android.cellbroadcastreceiver
02-06 14:22:02.512  5115  5127 D IccSmsInterfaceManager: [IccSmsInterfaceManager] Calling setCellBroadcastActivation(true)
02-06 14:22:02.530  5115  6564 D IccSmsInterfaceManager: [IccSmsInterfaceManager] disableGsmBroadcastRange
02-06 14:22:02.530  5115  6564 D IccSmsInterfaceManager: [IccSmsInterfaceManager] Failed to remove GSM cell broadcast subscription for MID range 50 to 50 from client com.android.cellbroadcastreceiver
02-06 14:22:02.542  5115  5127 D IccSmsInterfaceManager: [IccSmsInterfaceManager] disableGsmBroadcastRange
02-06 14:22:02.543  5115  5127 D IccSmsInterfaceManager: [IccSmsInterfaceManager] Failed to remove GSM cell broadcast subscription for MID range 911 to 928 from client com.android.cellbroadcastreceiver
02-06 14:22:02.554  5115  6564 D IccSmsInterfaceManager: [IccSmsInterfaceManager] disableGsmBroadcastRange
02-06 14:22:02.554  5115  6564 D IccSmsInterfaceManager: [IccSmsInterfaceManager] Failed to remove GSM cell broadcast subscription for MID range 4355 to 4355 from client com.android.cellbroadcastreceiver
02-06 14:22:02.570  5115  5729 D IccSmsInterfaceManager: [IccSmsInterfaceManager] disableGsmBroadcastRange
02-06 14:22:02.570  5115  5729 D IccSmsInterfaceManager: [IccSmsInterfaceManager] Failed to remove GSM cell broadcast subscription for MID range 4380 to 4382 from client com.android.cellbroadcastreceiver
02-06 14:22:02.581  5115  5320 D IccSmsInterfaceManager: [IccSmsInterfaceManager] disableCdmaBroadcastRange
02-06 14:22:02.582  5115  5320 D IccSmsInterfaceManager: [IccSmsInterfaceManager] Failed to remove cdma broadcast subscription for MID range 4100 to 4100 from client com.android.cellbroadcastreceiver
02-06 14:22:02.593  5115  5127 D IccSmsInterfaceManager: [IccSmsInterfaceManager] disableGsmBroadcastRange
02-06 14:22:02.594  5115  5127 D IccSmsInterfaceManager: [IccSmsInterfaceManager] Failed to remove GSM cell broadcast subscription for MID range 4393 to 4395 from client com.android.cellbroadcastreceiver
02-06 14:22:02.640  5115  5127 D IccSmsInterfaceManager: [IccSmsInterfaceManager] enableGsmBroadcastRange
02-06 14:22:02.640  5115  5127 D IccSmsInterfaceManager: [IccSmsInterfaceManager] Added GSM cell broadcast subscription for MID range 4352 to 4354 from client com.android.cellbroadcastreceiver
02-06 14:22:02.640  5115  5127 D IccSmsInterfaceManager: [IccSmsInterfaceManager] Calling setCellBroadcastActivation(true)
02-06 14:22:02.658  5115  6564 D IccSmsInterfaceManager: [IccSmsInterfaceManager] enableGsmBroadcastRange
02-06 14:22:02.659  5115  6564 D IccSmsInterfaceManager: [IccSmsInterfaceManager] Added GSM cell broadcast subscription for MID range 4356 to 4356 from client com.android.cellbroadcastreceiver
02-06 14:22:02.659  5115  6564 D IccSmsInterfaceManager: [IccSmsInterfaceManager] Calling setCellBroadcastActivation(true)
02-06 14:22:02.677  5115  5729 D IccSmsInterfaceManager: [IccSmsInterfaceManager] enableGsmBroadcastRange
02-06 14:22:02.678  5115  5729 D IccSmsInterfaceManager: [IccSmsInterfaceManager] Added GSM cell broadcast subscription for MID range 4371 to 4372 from client com.android.cellbroadcastreceiver
02-06 14:22:02.678  5115  5729 D IccSmsInterfaceManager: [IccSmsInterfaceManager] Calling setCellBroadcastActivation(true)
02-06 14:22:02.700  5115  5320 D IccSmsInterfaceManager: [IccSmsInterfaceManager] enableCdmaBroadcastRange
02-06 14:22:02.702  5115  5320 D IccSmsInterfaceManager: [IccSmsInterfaceManager] Calling setCdmaBroadcastConfig with 1 configurations
02-06 14:22:02.705  5115  5320 D IccSmsInterfaceManager: [IccSmsInterfaceManager] Failed to add cdma broadcast subscription for MID range 4097 to 4097 from client com.android.cellbroadcastreceiver
02-06 14:22:02.710  9314  9324 I chatty  : uid=10028(com.google.android.gms) expire 3 lines
02-06 14:22:02.719  5115  5127 D IccSmsInterfaceManager: [IccSmsInterfaceManager] enableGsmBroadcastRange
02-06 14:22:02.720  5115  5127 D IccSmsInterfaceManager: [IccSmsInterfaceManager] Added GSM cell broadcast subscription for MID range 4373 to 4378 from client com.android.cellbroadcastreceiver
02-06 14:22:02.720  5115  5127 D IccSmsInterfaceManager: [IccSmsInterfaceManager] Calling setCellBroadcastActivation(true)
02-06 14:22:02.739  5115  6564 D IccSmsInterfaceManager: [IccSmsInterfaceManager] enableCdmaBroadcastRange
02-06 14:22:02.739  5115  6564 D IccSmsInterfaceManager: [IccSmsInterfaceManager] Calling setCdmaBroadcastConfig with 1 configurations
02-06 14:22:02.743  5115  6564 D IccSmsInterfaceManager: [IccSmsInterfaceManager] Failed to add cdma broadcast subscription for MID range 4098 to 4098 from client com.android.cellbroadcastreceiver
02-06 14:22:02.758  5115  5729 D IccSmsInterfaceManager: [IccSmsInterfaceManager] enableGsmBroadcastRange
02-06 14:22:02.758  5115  5729 D IccSmsInterfaceManager: [IccSmsInterfaceManager] Added GSM cell broadcast subscription for MID range 4379 to 4379 from client com.android.cellbroadcastreceiver
02-06 14:22:02.758  5115  5729 D IccSmsInterfaceManager: [IccSmsInterfaceManager] Calling setCellBroadcastActivation(true)
02-06 14:22:02.779  5115  5320 D IccSmsInterfaceManager: [IccSmsInterfaceManager] enableCdmaBroadcastRange
02-06 14:22:02.780  5115  5320 D IccSmsInterfaceManager: [IccSmsInterfaceManager] Calling setCdmaBroadcastConfig with 1 configurations
02-06 14:22:02.784  5115  5320 D IccSmsInterfaceManager: [IccSmsInterfaceManager] Failed to add cdma broadcast subscription for MID range 4099 to 4099 from client com.android.cellbroadcastreceiver
02-06 14:22:02.802  5115  6564 D IccSmsInterfaceManager: [IccSmsInterfaceManager] enableGsmBroadcastRange
02-06 14:22:02.803  5115  6564 D IccSmsInterfaceManager: [IccSmsInterfaceManager] Added GSM cell broadcast subscription for MID range 4370 to 4370 from client com.android.cellbroadcastreceiver
02-06 14:22:02.803  5115  6564 D IccSmsInterfaceManager: [IccSmsInterfaceManager] Calling setCellBroadcastActivation(true)
02-06 14:22:02.804  9324  9324 I chatty  : uid=10028 com.google.android.gms.unstable expire 2 lines
02-06 14:22:02.823  5115  5729 D IccSmsInterfaceManager: [IccSmsInterfaceManager] enableCdmaBroadcastRange
02-06 14:22:02.824  5115  5729 D IccSmsInterfaceManager: [IccSmsInterfaceManager] Calling setCdmaBroadcastConfig with 1 configurations
02-06 14:22:02.828  5115  5729 D IccSmsInterfaceManager: [IccSmsInterfaceManager] Failed to add cdma broadcast subscription for MID range 4096 to 4096 from client com.android.cellbroadcastreceiver
02-06 14:22:02.844  5115  5320 D IccSmsInterfaceManager: [IccSmsInterfaceManager] enableGsmBroadcastRange
02-06 14:22:02.845  5115  5320 D IccSmsInterfaceManager: [IccSmsInterfaceManager] Added GSM cell broadcast subscription for MID range 4383 to 4383 from client com.android.cellbroadcastreceiver
02-06 14:22:02.845  5115  5320 D IccSmsInterfaceManager: [IccSmsInterfaceManager] Calling setCellBroadcastActivation(true)
02-06 14:22:02.864  5115  6561 D IccSmsInterfaceManager: [IccSmsInterfaceManager] disableGsmBroadcastRange
02-06 14:22:02.865  5115  6561 D IccSmsInterfaceManager: [IccSmsInterfaceManager] Failed to remove GSM cell broadcast subscription for MID range 50 to 50 from client com.android.cellbroadcastreceiver
02-06 14:22:02.884  5115  5320 D IccSmsInterfaceManager: [IccSmsInterfaceManager] disableGsmBroadcastRange
02-06 14:22:02.885  5115  5320 D IccSmsInterfaceManager: [IccSmsInterfaceManager] Failed to remove GSM cell broadcast subscription for MID range 911 to 928 from client com.android.cellbroadcastreceiver
02-06 14:22:02.897  5115  6561 D IccSmsInterfaceManager: [IccSmsInterfaceManager] disableGsmBroadcastRange
02-06 14:22:02.898  4748  7019 I chatty  : uid=10028(com.google.android.gms) lowpool[3] expire 6 lines
02-06 14:22:02.899  5115  6561 D IccSmsInterfaceManager: [IccSmsInterfaceManager] Failed to remove GSM cell broadcast subscription for MID range 4355 to 4355 from client com.android.cellbroadcastreceiver
02-06 14:22:02.911  5115  6564 D IccSmsInterfaceManager: [IccSmsInterfaceManager] disableGsmBroadcastRange
02-06 14:22:02.912  5115  6564 D IccSmsInterfaceManager: [IccSmsInterfaceManager] Failed to remove GSM cell broadcast subscription for MID range 4380 to 4382 from client com.android.cellbroadcastreceiver
02-06 14:22:02.924  5115  5729 D IccSmsInterfaceManager: [IccSmsInterfaceManager] disableCdmaBroadcastRange
02-06 14:22:02.924  5115  5729 D IccSmsInterfaceManager: [IccSmsInterfaceManager] Failed to remove cdma broadcast subscription for MID range 4100 to 4100 from client com.android.cellbroadcastreceiver
02-06 14:22:02.937  5115  6564 D IccSmsInterfaceManager: [IccSmsInterfaceManager] disableGsmBroadcastRange
02-06 14:22:02.938  5115  6564 D IccSmsInterfaceManager: [IccSmsInterfaceManager] Failed to remove GSM cell broadcast subscription for MID range 4393 to 4395 from client com.android.cellbroadcastreceiver
02-06 14:22:02.939  2058  6906 I BroadcastQueue: Resuming delayed broadcast
02-06 14:22:03.129  2058  4131 D BatteryService: uevent={POWER_SUPPLY_TEMP=395, POWER_SUPPLY_STATUS=Discharging, POWER_SUPPLY_CAPACITY=41, ACTION=change, DEVPATH=/devices/soc.0/qpnp-smbcharger-f6e7c600/power_supply/battery, POWER_SUPPLY_AGE=125, POWER_SUPPLY_VOLTAGE_MAX=4350, SUBSYSTEM=power_supply, POWER_SUPPLY_NUM_SYSTEM_TEMP_LEVELS=8, POWER_SUPPLY_INPUT_CURRENT_MAX=1000000, POWER_SUPPLY_VOLTAGE_MAX_DESIGN=4350000, POWER_SUPPLY_CHARGE_FULL=3834000, POWER_SUPPLY_NAME=battery, POWER_SUPPLY_FLASH_CURRENT_MAX=1783685, POWER_SUPPLY_HEALTH=Good, POWER_SUPPLY_CYCLE_COUNT=0, POWER_SUPPLY_TECHNOLOGY=Li-ion, POWER_SUPPLY_CHARGE_TYPE=N/A, POWER_SUPPLY_CONSTANT_CHARGE_CURRENT_MAX=2500000, POWER_SUPPLY_PRESENT=1, POWER_SUPPLY_TEMP_HOTSPOT=0, POWER_SUPPLY_INPUT_CURRENT_SETTLED=0, POWER_SUPPLY_SAFETY_TIMER_ENABLED=0, POWER_SUPPLY_FLASH_ACTIVE=0, POWER_SUPPLY_VOLTAGE_NOW=3690926, SEQNUM=3679, POWER_SUPPLY_CHARGE_FULL_DESIGN=3059000, POWER_SUPPLY_CURRENT_NOW=940393, POWER_SUPPLY_CHARGE_COUNTER=1196842, POWER_SUPPLY_SYSTEM_TEMP_LEVEL=1, POWER_SUPPLY_CHARGE_RATE=None, POWER_SUPPLY_CHARGING_ENABLED=1, POWER_SUPPLY_BATTERY_CHARGING_ENABLED=1}
02-06 14:22:03.130  2058  8396 D BatteryService: Processing new values: chargerAcOnline=false, chargerUsbOnline=false, chargerWirelessOnline=false, maxChargingCurrent0, batteryStatus=3, batteryHealth=2, batteryPresent=true, batteryLevel=41, batteryTechnology=Li-ion, batteryVoltage=3690, batteryTemperature=395, mBatteryLevelCritical=false, mPlugType=0, mChargeRate=0, modLevel=-1, modStatus=-1, modFlag=0
02-06 14:22:03.130  2058  8396 D BatteryService: Sending ACTION_BATTERY_CHANGED.  level:41, scale:100, status:3, health:2, present:true, voltage: 3690, temperature: 395, technology: Li-ion, AC powered:false, USB powered:false, Wireless powered:false, icon:17303108, invalid charger:0, maxChargingCurrent:0, charge rate:0, MOD powered:false, mod level:-1, mod status:-1, mod flag:0
02-06 14:22:03.132  4266  4266 D KeyguardUpdateMonitor: received broadcast android.intent.action.BATTERY_CHANGED
02-06 14:22:03.132  4266  4266 D KeyguardUpdateMonitor: handleBatteryUpdate
02-06 14:22:03.138  4589  4589 I chatty  : uid=10124 com.cmplay.tiles2:service expire 21 lines
02-06 14:22:03.139  4266  4655 I NetworkController.MotorolaMobileSignalController(3): MotorolaMobilePhoneStateListener.onSignalStrengthsChanged: Entered: signalStrength=SignalStrength: 99 0 -120 -160 -120 -1 -1 15 -109 -9 128 2147483647 2147483647 gsm|lte level=2
02-06 14:22:03.158  2058  8398 I ActivityManager: Start proc 9425:com.google.android.music:main/u0a101 for broadcast com.google.android.music/.AccountsBroadcastReceiver
02-06 14:22:03.206  9425  9425 W System  : ClassLoader referenced unknown path: /data/app/com.google.android.music-1/lib/arm
02-06 14:22:03.242  4266  4655 I NetworkController.MotorolaMobileSignalController(3): MotorolaMobilePhoneStateListener.onDataActivity: Entered: direction=2
02-06 14:22:03.243  4266  4655 I NetworkController.MotorolaMobileSignalController(2): MotorolaMobilePhoneStateListener.onDataActivity: Entered: direction=2
02-06 14:22:03.270  9425  9425 I MultiDex: VM with version 2.1.0 has multidex support
02-06 14:22:03.270  9425  9425 I MultiDex: install
02-06 14:22:03.270  9425  9425 I MultiDex: VM has multidex support, MultiDex support library is disabled.
02-06 14:22:03.350  9425  9425 D MusicLifecycle: com.google.android.music.store.ConfigContentProvider generated event: Content provider created
02-06 14:22:03.365  9425  9425 D MusicLifecycle: com.google.android.music.api.MusicPublicContentProvider generated event: Content provider created
02-06 14:22:03.457  9425  9425 D MusicLifecycle: com.google.android.music.store.MusicContentProvider generated event: Content provider created
02-06 14:22:03.493  9425  9425 D MusicLifecycle: com.google.android.music.ui.PhoneMusicApplication generated event: Application created
02-06 14:22:03.596  9425  9425 D MusicLifecycle: com.google.android.music.store.ConfigContentProvider generated event: initializing
02-06 14:22:03.600  9425  9425 I BaseStore: ConfigStore database version: 1
02-06 14:22:03.738  9425  9425 W linker  : /data/app/com.google.android.gms-2/lib/arm/libconscrypt_gmscore_jni.so: unused DT entry: type 0xf arg 0x1dc
02-06 14:22:03.745  9425  9425 V NativeCrypto: Registering com/google/android/gms/org/conscrypt/NativeCrypto's 276 native methods...
02-06 14:22:03.764  9425  9425 I art     : Rejecting re-init on previously-failed class java.lang.Class<com.google.android.gms.org.conscrypt.DelegatingExtendedSSLSession>
02-06 14:22:03.764  9425  9425 I art     : Rejecting re-init on previously-failed class java.lang.Class<com.google.android.gms.org.conscrypt.DelegatingExtendedSSLSession>
02-06 14:22:03.765  9425  9425 I art     : Rejecting re-init on previously-failed class java.lang.Class<com.google.android.gms.org.conscrypt.DelegatingExtendedSSLSession>
02-06 14:22:03.786  9425  9425 I ProviderInstaller: Installed default security provider GmsCore_OpenSSL
02-06 14:22:03.786  9425  9425 D AndroidMusic: GMSCore installation verified
02-06 14:22:03.961  9425  9425 I MusicExperimentManager: Received config change, experiments list is 12600100,12600335,12600357,12600366,12600390,12600394,12600397,12600426,12600428,12600430,12600443,12600465,12600466,12600467,12600506,12600526,12600530,12600534,12600536,12602068,12611729,12612247,12616614,12616615,12617467,12619033,12619127,12620830,12625361,12625500,12625941,12626008,12626945,12627951,12628654,12629142,12629667,12630065,12630209,12631091,12631414,12631643,12632064,12633320,12634000,12636020,12641074,12641836,12641837,12642011,12642809,12643537,12646993,12648954
02-06 14:22:03.995  9425  9425 I BaseStore: Store database version: 146
02-06 14:22:04.088  9425  9425 I PlaybackClient: init: Initializing
02-06 14:22:04.125   510   641 I ThermalEngine: cpu_frequency_pre_req: SS-BATTERY-MSM: device=battery frequency=8
02-06 14:22:04.132  2058  4131 D BatteryService: uevent={POWER_SUPPLY_TEMP=395, POWER_SUPPLY_STATUS=Discharging, POWER_SUPPLY_CAPACITY=41, ACTION=change, DEVPATH=/devices/soc.0/qpnp-smbcharger-f6e7c600/power_supply/battery, POWER_SUPPLY_AGE=125, POWER_SUPPLY_VOLTAGE_MAX=4350, SUBSYSTEM=power_supply, POWER_SUPPLY_NUM_SYSTEM_TEMP_LEVELS=8, POWER_SUPPLY_INPUT_CURRENT_MAX=1000000, POWER_SUPPLY_VOLTAGE_MAX_DESIGN=4350000, POWER_SUPPLY_CHARGE_FULL=3834000, POWER_SUPPLY_NAME=battery, POWER_SUPPLY_FLASH_CURRENT_MAX=1732907, POWER_SUPPLY_HEALTH=Good, POWER_SUPPLY_CYCLE_COUNT=0, POWER_SUPPLY_TECHNOLOGY=Li-ion, POWER_SUPPLY_CHARGE_TYPE=N/A, POWER_SUPPLY_CONSTANT_CHARGE_CURRENT_MAX=2500000, POWER_SUPPLY_PRESENT=1, POWER_SUPPLY_TEMP_HOTSPOT=0, POWER_SUPPLY_INPUT_CURRENT_SETTLED=0, POWER_SUPPLY_SAFETY_TIMER_ENABLED=0, POWER_SUPPLY_FLASH_ACTIVE=0, POWER_SUPPLY_VOLTAGE_NOW=3690926, SEQNUM=3680, POWER_SUPPLY_CHARGE_FULL_DESIGN=3059000, POWER_SUPPLY_CURRENT_NOW=940393, POWER_SUPPLY_CHARGE_COUNTER=1196842, POWER_SUPPLY_SYSTEM_TEMP_LEVEL=0, POWER_SUPPLY_CHARGE_RATE=None, POWER_SUPPLY_CHARGING_ENABLED=1, POWER_SUPPLY_BATTERY_CHARGING_ENABLED=1}
02-06 14:22:04.133  2058  4743 D BatteryService: Processing new values: chargerAcOnline=false, chargerUsbOnline=false, chargerWirelessOnline=false, maxChargingCurrent0, batteryStatus=3, batteryHealth=2, batteryPresent=true, batteryLevel=41, batteryTechnology=Li-ion, batteryVoltage=3690, batteryTemperature=395, mBatteryLevelCritical=false, mPlugType=0, mChargeRate=0, modLevel=-1, modStatus=-1, modFlag=0
02-06 14:22:04.138  9425  9425 V ConnectivityManager: isActiveNetworkMetered() returns:true
02-06 14:22:04.212  9425  9425 D MusicLifecycle: com.google.android.music.AccountsBroadcastReceiver generated event: Broadcast received with context android.app.ReceiverRestrictedContext@a2ffb7d and intent Intent { act=android.accounts.LOGIN_ACCOUNTS_CHANGED flg=0x4000010 cmp=com.google.android.music/.AccountsBroadcastReceiver }
02-06 14:22:04.213  9425  9425 D MusicLifecycle: com.google.android.music.net.NetworkConnectivityMonitor$NetworkChangedReceiver generated event: Broadcast received with context com.google.android.music.ui.PhoneMusicApplication@ded6224 and intent Intent { act=android.net.conn.CONNECTIVITY_CHANGE flg=0x4000010 (has extras) }
02-06 14:22:04.214  9425  9425 I NetworkConnectivity: Network state changed: [type: MOBILE[LTE], state: CONNECTED/CONNECTED, reason: connected, extra: gprsweb.digitel.ve, roaming: false, failover: false, isAvailable: true]
02-06 14:22:04.217  9425  9425 V ConnectivityManager: isActiveNetworkMetered() returns:true
02-06 14:22:04.222  9425  9444 I SignupStatusTask: Starting 'com.google.android.music.sync.google.MusicGcmTaskService
02-06 14:22:04.226  9425  9425 D MusicLifecycle: com.google.android.music.download.EncapsulatedBroadcastReceiver$1 generated event: Broadcast received with context com.google.android.music.ui.PhoneMusicApplication@ded6224 and intent Intent { act=com.google.android.music.ResumeStorageMigration flg=0x10 (has extras) }
02-06 14:22:04.230  9425  9425 D MusicLifecycle: com.google.android.music.download.artwork.ArtDownloadService generated event: Service created
02-06 14:22:04.246  4266  4655 I NetworkController.MotorolaMobileSignalController(3): MotorolaMobilePhoneStateListener.onDataActivity: Entered: direction=3
02-06 14:22:04.249  4266  4655 I NetworkController.MotorolaMobileSignalController(2): MotorolaMobilePhoneStateListener.onDataActivity: Entered: direction=3
02-06 14:22:04.272  9425  9425 V ConnectivityManager: isActiveNetworkMetered() returns:true
02-06 14:22:04.281  9425  9425 V ConnectivityManager: isActiveNetworkMetered() returns:true
02-06 14:22:04.281  9425  9425 I NetworkPolicyMonitor: Stream-ability status changed to (true) unmetered wifi/eth: false mobileOrMetered: true
02-06 14:22:04.297  2058  4280 I ActivityManager: Killing 5181:com.android.providers.calendar/u0a13 (adj 15): empty #13
02-06 14:22:04.355  2058  8398 I BroadcastQueue: Delay finish: com.google.android.partnersetup/.RlzPingBroadcastReceiver
02-06 14:22:04.363  2058  5100 I ActivityManager: Killing 8945:com.vng.g6.a.zombie/u0a129 (adj 15): empty #13
02-06 14:22:04.365  7227  9502 I MotAcctManager: allowed providers: Google
02-06 14:22:04.370  7227  9502 I MotAcctManager: supported providers: Google
02-06 14:22:04.422  9425  9425 D MusicLifecycle: com.google.android.music.download.EncapsulatedBroadcastReceiver$1 generated event: Broadcast received with context com.google.android.music.ui.PhoneMusicApplication@ded6224 and intent Intent { act=com.google.android.music.download.keepon.KeeponSchedulingService.START_DOWNLOAD flg=0x10 }
02-06 14:22:04.423  9425  9425 V ConnectivityManager: isActiveNetworkMetered() returns:true
02-06 14:22:04.426  9425  9425 V ConnectivityManager: isActiveNetworkMetered() returns:true
02-06 14:22:04.443  9425  9476 D AwarenessRouter: 0 new fences
02-06 14:22:04.446  2058  8396 I BroadcastQueue: Resuming delayed broadcast
02-06 14:22:04.454  2058  8398 I BroadcastQueue: Delay finish: com.google.android.calendar/.timely.settings.RecentAndDefaultNotificationsFactoryImpl$AccountRemovedBroadcastReceiver
02-06 14:22:04.458  9425  9476 D AwarenessRouter: 0 fences already registered
02-06 14:22:04.466  9425  9476 D AwarenessRouter: Successfully removed 0 context fences
02-06 14:22:04.480  2058  6581 I ActivityManager: Start proc 9511:com.android.providers.calendar/u0a13 for content provider com.android.providers.calendar/.CalendarProvider2
02-06 14:22:04.506   483   742 I SFPerfTracer:      triggers: (rate: 0:0) (0 sw vsyncs) (0 skipped) (42:2177 vsyncs) (44:2450)
02-06 14:22:04.526  9511  9511 W System  : ClassLoader referenced unknown path: /system/priv-app/CalendarProvider/lib/arm
02-06 14:22:04.547  5035  7337 I chatty  : uid=10028(com.google.android.gms) Binder_6 expire 9 lines
02-06 14:22:04.566  9511  9511 I CalendarProvider2: Created com.android.providers.calendar.CalendarAlarmManager@83a6ab7(com.android.providers.calendar.CalendarProvider2@ded6224)
02-06 14:22:05.048  7227  9502 I MotAcct.Authenticator: account is authenticated
02-06 14:22:05.050  2058  6906 I BroadcastQueue: Resuming delayed broadcast
02-06 14:22:05.065  2058  6906 I ActivityManager: Start proc 9526:com.google.process.gapps/u0a83 for broadcast com.google.android.syncadapters.contacts/.ContactsSyncAdapterBroadcastReceiver
02-06 14:22:05.104  9526  9526 W System  : ClassLoader referenced unknown path: /system/app/GoogleContactsSyncAdapter/lib/arm
